Archive member included to satisfy reference by file (symbol)

app/libapp.a(main.c.obj)      (--whole-archive)
zephyr/libzephyr.a(validate_libc.c.obj)
                              (--whole-archive)
zephyr/libzephyr.a(heap.c.obj)
                              (--whole-archive)
zephyr/libzephyr.a(cbprintf_packaged.c.obj)
                              (--whole-archive)
zephyr/libzephyr.a(clock.c.obj)
                              (--whole-archive)
zephyr/libzephyr.a(printk.c.obj)
                              (--whole-archive)
zephyr/libzephyr.a(sem.c.obj)
                              (--whole-archive)
zephyr/libzephyr.a(thread_entry.c.obj)
                              (--whole-archive)
zephyr/libzephyr.a(cbprintf_complete.c.obj)
                              (--whole-archive)
zephyr/libzephyr.a(assert.c.obj)
                              (--whole-archive)
zephyr/libzephyr.a(dec.c.obj)
                              (--whole-archive)
zephyr/libzephyr.a(hex.c.obj)
                              (--whole-archive)
zephyr/libzephyr.a(rb.c.obj)  (--whole-archive)
zephyr/libzephyr.a(timeutil.c.obj)
                              (--whole-archive)
zephyr/libzephyr.a(bitarray.c.obj)
                              (--whole-archive)
zephyr/libzephyr.a(bitmask.c.obj)
                              (--whole-archive)
zephyr/libzephyr.a(onoff.c.obj)
                              (--whole-archive)
zephyr/libzephyr.a(notify.c.obj)
                              (--whole-archive)
zephyr/libzephyr.a(ring_buffer.c.obj)
                              (--whole-archive)
zephyr/libzephyr.a(last_section_id.c.obj)
                              (--whole-archive)
zephyr/libzephyr.a(configs.c.obj)
                              (--whole-archive)
zephyr/libzephyr.a(thread_info.c.obj)
                              (--whole-archive)
zephyr/libzephyr.a(mem_attr.c.obj)
                              (--whole-archive)
zephyr/libzephyr.a(tracing_none.c.obj)
                              (--whole-archive)
zephyr/libzephyr.a(banner.c.obj)
                              (--whole-archive)
zephyr/libzephyr.a(flash_map_partition_manager.c.obj)
                              (--whole-archive)
zephyr/libzephyr.a(nrf_cc3xx_platform_abort_zephyr.c.obj)
                              (--whole-archive)
zephyr/libzephyr.a(nrf_cc3xx_platform_mutex_zephyr.c.obj)
                              (--whole-archive)
zephyr/arch/common/libarch__common.a(sw_isr_common.c.obj)
                              (--whole-archive)
zephyr/arch/common/libarch__common.a(init.c.obj)
                              (--whole-archive)
zephyr/arch/common/libarch__common.a(xip.c.obj)
                              (--whole-archive)
zephyr/arch/arch/arm/core/libarch__arm__core.a(fatal.c.obj)
                              (--whole-archive)
zephyr/arch/arch/arm/core/libarch__arm__core.a(nmi.c.obj)
                              (--whole-archive)
zephyr/arch/arch/arm/core/libarch__arm__core.a(nmi_on_reset.S.obj)
                              (--whole-archive)
zephyr/arch/arch/arm/core/libarch__arm__core.a(tls.c.obj)
                              (--whole-archive)
zephyr/arch/arch/arm/core/cortex_m/libarch__arm__core__cortex_m.a(exc_exit.c.obj)
                              (--whole-archive)
zephyr/arch/arch/arm/core/cortex_m/libarch__arm__core__cortex_m.a(fault.c.obj)
                              (--whole-archive)
zephyr/arch/arch/arm/core/cortex_m/libarch__arm__core__cortex_m.a(fault_s.S.obj)
                              (--whole-archive)
zephyr/arch/arch/arm/core/cortex_m/libarch__arm__core__cortex_m.a(fpu.c.obj)
                              (--whole-archive)
zephyr/arch/arch/arm/core/cortex_m/libarch__arm__core__cortex_m.a(reset.S.obj)
                              (--whole-archive)
zephyr/arch/arch/arm/core/cortex_m/libarch__arm__core__cortex_m.a(scb.c.obj)
                              (--whole-archive)
zephyr/arch/arch/arm/core/cortex_m/libarch__arm__core__cortex_m.a(thread_abort.c.obj)
                              (--whole-archive)
zephyr/arch/arch/arm/core/cortex_m/libarch__arm__core__cortex_m.a(vector_table.S.obj)
                              (--whole-archive)
zephyr/arch/arch/arm/core/cortex_m/libarch__arm__core__cortex_m.a(swap_helper.S.obj)
                              (--whole-archive)
zephyr/arch/arch/arm/core/cortex_m/libarch__arm__core__cortex_m.a(irq_manage.c.obj)
                              (--whole-archive)
zephyr/arch/arch/arm/core/cortex_m/libarch__arm__core__cortex_m.a(prep_c.c.obj)
                              (--whole-archive)
zephyr/arch/arch/arm/core/cortex_m/libarch__arm__core__cortex_m.a(thread.c.obj)
                              (--whole-archive)
zephyr/arch/arch/arm/core/cortex_m/libarch__arm__core__cortex_m.a(cpu_idle.c.obj)
                              (--whole-archive)
zephyr/arch/arch/arm/core/cortex_m/libarch__arm__core__cortex_m.a(irq_init.c.obj)
                              (--whole-archive)
[...]
Memory Configuration

Name             Origin             Length             Attributes
FLASH            0x0000000000000000 0x0000000000100000 xr
RAM              0x0000000020000000 0x0000000000040000 xw
IDT_LIST         0x00000000ffff7fff 0x0000000000008000 xw
*default*        0x0000000000000000 0xffffffffffffffff

Linker script and memory map

                0x0000000000003b38                vfprintf = __l_vfprintf
                0x0000000000000000                vfscanf = __l_vfscanf
LOAD zephyr/CMakeFiles/zephyr_final.dir/misc/empty_file.c.obj
LOAD zephyr/CMakeFiles/zephyr_final.dir/isr_tables.c.obj
LOAD zephyr/CMakeFiles/offsets.dir/./arch/arm/core/offsets/offsets.c.obj
LOAD app/libapp.a
LOAD zephyr/libzephyr.a
LOAD zephyr/arch/common/libarch__common.a
LOAD zephyr/arch/arch/arm/core/libarch__arm__core.a
LOAD zephyr/arch/arch/arm/core/cortex_m/libarch__arm__core__cortex_m.a
LOAD zephyr/arch/arch/arm/core/mpu/libarch__arm__core__mpu.a
LOAD zephyr/lib/libc/picolibc/liblib__libc__picolibc.a
LOAD zephyr/lib/libc/common/liblib__libc__common.a
LOAD zephyr/soc/soc/nrf52840/libsoc__nordic.a
LOAD zephyr/drivers/clock_control/libdrivers__clock_control.a
LOAD zephyr/drivers/console/libdrivers__console.a
LOAD zephyr/drivers/gpio/libdrivers__gpio.a
LOAD zephyr/drivers/pinctrl/libdrivers__pinctrl.a
LOAD zephyr/drivers/serial/libdrivers__serial.a
LOAD zephyr/drivers/timer/libdrivers__timer.a
LOAD modules/nrf/drivers/hw_cc3xx/lib..__nrf__drivers__hw_cc3xx.a
LOAD modules/hal_nordic/modules/hal_nordic/nrfx/libmodules__hal_nordic__nrfx.a
LOAD zephyr/kernel/libkernel.a
LOAD zephyr/arch/common/libisr_tables.a
LOAD C:/ncs/v3.2.0/nrfxlib/crypto/nrf_cc310_platform/lib/cortex-m4/soft-float/no-interrupts/libnrf_cc310_platform_0.9.19.a
LOAD c:\ncs\toolchains\66cdf9b75e\opt\zephyr-sdk\arm-zephyr-eabi\bin\../lib/gcc/../../picolibc/arm-zephyr-eabi/lib/thumb/v7e-m/nofp\libc.a
LOAD c:/ncs/toolchains/66cdf9b75e/opt/zephyr-sdk/arm-zephyr-eabi/bin/../lib/gcc/arm-zephyr-eabi/12.2.0/thumb/v7e-m/nofp\libgcc.a
                0x0000000000000020                _region_min_align = 0x20

.rel.plt        0x0000000000000000        0x0
 *(SORT_BY_ALIGNMENT(.rel.plt))
                [!provide]                        PROVIDE (__rel_iplt_start = .)
 *(SORT_BY_ALIGNMENT(.rel.iplt))
 .rel.iplt      0x0000000000000000        0x0 zephyr/CMakeFiles/zephyr_final.dir/isr_tables.c.obj
                [!provide]                        PROVIDE (__rel_iplt_end = .)

.rela.plt       0x0000000000000000        0x0
 *(SORT_BY_ALIGNMENT(.rela.plt))
                [!provide]                        PROVIDE (__rela_iplt_start = .)
 *(SORT_BY_ALIGNMENT(.rela.iplt))
                [!provide]                        PROVIDE (__rela_iplt_end = .)

.rel.dyn
 *(SORT_BY_ALIGNMENT(.rel.*))

.rela.dyn
 *(SORT_BY_ALIGNMENT(.rela.*))

/DISCARD/
 *(SORT_BY_ALIGNMENT(.plt))

/DISCARD/
 *(SORT_BY_ALIGNMENT(.iplt))
                0x0000000000000000                __rom_region_start = 0x0

rom_start       0x0000000000000000      0x100
                0x0000000000000000                __rom_start_address = .
 FILL mask 0x00
                0x0000000000000000                . = (. + (0x0 - (. - __rom_start_address)))
                0x0000000000000000                . = ALIGN (0x4)
                0x0000000000000000                . = ALIGN (0x80)
                0x0000000000000000                . = ALIGN (0x100)
                0x0000000000000000                _vector_start = .
 *(SORT_BY_ALIGNMENT(.exc_vector_table))
 *(SORT_BY_ALIGNMENT(.exc_vector_table.*))
 .exc_vector_table._vector_table_section
                0x0000000000000000       0x40 zephyr/arch/arch/arm/core/cortex_m/libarch__arm__core__cortex_m.a(vector_table.S.obj)
                0x0000000000000000                _vector_table
 *(SORT_BY_ALIGNMENT(.vectors))
                0x0000000000000100                _vector_end = .
                0x0000000000000040                . = ALIGN (0x4)
 *(SORT_BY_ALIGNMENT(.gnu.linkonce.irq_vector_table*))
 .gnu.linkonce.irq_vector_table
                0x0000000000000040       0xc0 zephyr/CMakeFiles/zephyr_final.dir/isr_tables.c.obj
                0x0000000000000040                _irq_vector_table
                0x0000000000000100                _vector_end = .

text            0x0000000000000100     0x51d4
                0x0000000000000100                __text_region_start = .
 *(SORT_BY_ALIGNMENT(.text))
 *(SORT_BY_ALIGNMENT(.text.*))
 .text.button_pressed
                0x0000000000000100       0x10 app/libapp.a(main.c.obj)
                0x0000000000000100                button_pressed
 .text.main     0x0000000000000110       0x90 app/libapp.a(main.c.obj)
                0x0000000000000110                main
 .text.char_out
                0x00000000000001a0        0xc zephyr/libzephyr.a(printk.c.obj)
 .text.__printk_hook_install
                0x00000000000001ac        0xc zephyr/libzephyr.a(printk.c.obj)
                0x00000000000001ac                __printk_hook_install
 .text.vprintk  0x00000000000001b8       0x30 zephyr/libzephyr.a(printk.c.obj)
                0x00000000000001b8                vprintk
 .text.z_thread_entry
                0x00000000000001e8       0x34 zephyr/libzephyr.a(thread_entry.c.obj)
                0x00000000000001e8                z_thread_entry
 .text.process_event
                0x000000000000021c      0x21c zephyr/libzephyr.a(onoff.c.obj)
 .text.mem_attr_get_regions
                0x0000000000000438        0xc zephyr/libzephyr.a(mem_attr.c.obj)
                0x0000000000000438                mem_attr_get_regions
 .text.boot_banner
                0x0000000000000444       0x1c zephyr/libzephyr.a(banner.c.obj)
                0x0000000000000444                boot_banner
 .text.nrf_cc3xx_platform_abort_init
                0x0000000000000460        0xc zephyr/libzephyr.a(nrf_cc3xx_platform_abort_zephyr.c.obj)
                0x0000000000000460                nrf_cc3xx_platform_abort_init
 .text.mutex_free_platform
                0x000000000000046c       0x54 zephyr/libzephyr.a(nrf_cc3xx_platform_mutex_zephyr.c.obj)
 .text.mutex_lock_platform
                0x00000000000004c0       0x60 zephyr/libzephyr.a(nrf_cc3xx_platform_mutex_zephyr.c.obj)
 .text.mutex_unlock_platform
                0x0000000000000520       0x58 zephyr/libzephyr.a(nrf_cc3xx_platform_mutex_zephyr.c.obj)
 .text.mutex_init_platform
                0x0000000000000578       0x94 zephyr/libzephyr.a(nrf_cc3xx_platform_mutex_zephyr.c.obj)
 .text.nrf_cc3xx_platform_mutex_init
                0x000000000000060c       0x2c zephyr/libzephyr.a(nrf_cc3xx_platform_mutex_zephyr.c.obj)
                0x000000000000060c                nrf_cc3xx_platform_mutex_init
 .text.arch_bss_zero
                0x0000000000000638       0x18 zephyr/arch/common/libarch__common.a(init.c.obj)
                0x0000000000000638                arch_bss_zero
 .text.arch_data_copy
                0x0000000000000650       0x38 zephyr/arch/common/libarch__common.a(xip.c.obj)
                0x0000000000000650                arch_data_copy
 .text.z_arm_fatal_error
                0x0000000000000688       0x60 zephyr/arch/arch/arm/core/libarch__arm__core.a(fatal.c.obj)
                0x0000000000000688                z_arm_fatal_error
 .text.z_SysNmiOnReset
                0x00000000000006e8        0x8 zephyr/arch/arch/arm/core/libarch__arm__core.a(nmi_on_reset.S.obj)
                0x00000000000006e8                z_SysNmiOnReset
 .text.arch_tls_stack_setup
                0x00000000000006f0       0x40 zephyr/arch/arch/arm/core/libarch__arm__core.a(tls.c.obj)
                0x00000000000006f0                arch_tls_stack_setup
 .text._HandlerModeExit
                0x0000000000000730       0x20 zephyr/arch/arch/arm/core/cortex_m/libarch__arm__core__cortex_m.a(exc_exit.c.obj)
                0x0000000000000730                z_arm_int_exit
                0x0000000000000730                z_arm_exc_exit
 .text.mem_manage_fault
                0x0000000000000750       0xf0 zephyr/arch/arch/arm/core/cortex_m/libarch__arm__core__cortex_m.a(fault.c.obj)
 .text.usage_fault.constprop.0
                0x0000000000000840       0x98 zephyr/arch/arch/arm/core/cortex_m/libarch__arm__core__cortex_m.a(fault.c.obj)
 .text.bus_fault.constprop.0
                0x00000000000008d8       0xb8 zephyr/arch/arch/arm/core/cortex_m/libarch__arm__core__cortex_m.a(fault.c.obj)
 .text.z_arm_fault
                0x0000000000000990      0x1a0 zephyr/arch/arch/arm/core/cortex_m/libarch__arm__core__cortex_m.a(fault.c.obj)
                0x0000000000000990                z_arm_fault
 .text.z_arm_fault_init
                0x0000000000000b30       0x18 zephyr/arch/arch/arm/core/cortex_m/libarch__arm__core__cortex_m.a(fault.c.obj)
                0x0000000000000b30                z_arm_fault_init
 .text.__fault  0x0000000000000b48       0x14 zephyr/arch/arch/arm/core/cortex_m/libarch__arm__core__cortex_m.a(fault_s.S.obj)
                0x0000000000000b48                z_arm_usage_fault
                0x0000000000000b48                z_arm_mpu_fault
                0x0000000000000b48                z_arm_exc_spurious
                0x0000000000000b48                z_arm_debug_monitor
                0x0000000000000b48                z_arm_hard_fault
                0x0000000000000b48                z_arm_bus_fault
 .text._reset_section
                0x0000000000000b5c       0x60 zephyr/arch/arch/arm/core/cortex_m/libarch__arm__core__cortex_m.a(reset.S.obj)
                0x0000000000000b5c                __start
                0x0000000000000b5c                z_arm_reset
 .text.z_arm_clear_arm_mpu_config
                0x0000000000000bbc       0x24 zephyr/arch/arch/arm/core/cortex_m/libarch__arm__core__cortex_m.a(scb.c.obj)
                0x0000000000000bbc                z_arm_clear_arm_mpu_config
 .text.z_arm_init_arch_hw_at_boot
                0x0000000000000be0       0x64 zephyr/arch/arch/arm/core/cortex_m/libarch__arm__core__cortex_m.a(scb.c.obj)
                0x0000000000000be0                z_arm_init_arch_hw_at_boot
 .text.z_impl_k_thread_abort
                0x0000000000000c44       0x2c zephyr/arch/arch/arm/core/cortex_m/libarch__arm__core__cortex_m.a(thread_abort.c.obj)
                0x0000000000000c44                z_impl_k_thread_abort
 .text.z_arm_pendsv
                0x0000000000000c70       0x64 zephyr/arch/arch/arm/core/cortex_m/libarch__arm__core__cortex_m.a(swap_helper.S.obj)
                0x0000000000000c70                z_arm_pendsv
 .text.z_arm_svc
                0x0000000000000cd4       0x24 zephyr/arch/arch/arm/core/cortex_m/libarch__arm__core__cortex_m.a(swap_helper.S.obj)
                0x0000000000000cd4                z_arm_svc
 .text.arm_irq_enable
                0x0000000000000cf8       0x1c zephyr/arch/arch/arm/core/cortex_m/libarch__arm__core__cortex_m.a(irq_manage.c.obj)
                0x0000000000000cf8                arm_irq_enable
 .text.arm_irq_is_enabled
                0x0000000000000d14       0x1c zephyr/arch/arch/arm/core/cortex_m/libarch__arm__core__cortex_m.a(irq_manage.c.obj)
                0x0000000000000d14                arm_irq_is_enabled
 .text.arm_irq_priority_set
                0x0000000000000d30       0x30 zephyr/arch/arch/arm/core/cortex_m/libarch__arm__core__cortex_m.a(irq_manage.c.obj)
                0x0000000000000d30                arm_irq_priority_set
 .text.relocate_vector_table
                0x0000000000000d60       0x1c zephyr/arch/arch/arm/core/cortex_m/libarch__arm__core__cortex_m.a(prep_c.c.obj)
                0x0000000000000d60                relocate_vector_table
 .text.z_prep_c
                0x0000000000000d7c       0x28 zephyr/arch/arch/arm/core/cortex_m/libarch__arm__core__cortex_m.a(prep_c.c.obj)
                0x0000000000000d7c                z_prep_c
 .text.arch_new_thread
                0x0000000000000da4       0x38 zephyr/arch/arch/arm/core/cortex_m/libarch__arm__core__cortex_m.a(thread.c.obj)
                0x0000000000000da4                arch_new_thread
 .text.z_check_thread_stack_fail
                0x0000000000000ddc       0x30 zephyr/arch/arch/arm/core/cortex_m/libarch__arm__core__cortex_m.a(thread.c.obj)
                0x0000000000000ddc                z_check_thread_stack_fail
 .text.arch_switch_to_main_thread
                0x0000000000000e0c       0x40 zephyr/arch/arch/arm/core/cortex_m/libarch__arm__core__cortex_m.a(thread.c.obj)
                0x0000000000000e0c                arch_switch_to_main_thread
 .text.z_arm_cpu_idle_init
                0x0000000000000e4c        0xc zephyr/arch/arch/arm/core/cortex_m/libarch__arm__core__cortex_m.a(cpu_idle.c.obj)
                0x0000000000000e4c                z_arm_cpu_idle_init
 .text.z_arm_interrupt_init
                0x0000000000000e58       0x18 zephyr/arch/arch/arm/core/cortex_m/libarch__arm__core__cortex_m.a(irq_init.c.obj)
                0x0000000000000e58                z_arm_interrupt_init
 .text._isr_wrapper
                0x0000000000000e70       0x24 zephyr/arch/arch/arm/core/cortex_m/libarch__arm__core__cortex_m.a(isr_wrapper.c.obj)
                0x0000000000000e70                _isr_wrapper
 .text.z_arm_configure_static_mpu_regions
                0x0000000000000e94       0x18 zephyr/arch/arch/arm/core/mpu/libarch__arm__core__mpu.a(arm_core_mpu.c.obj)
                0x0000000000000e94                z_arm_configure_static_mpu_regions
 .text.z_arm_configure_dynamic_mpu_regions
                0x0000000000000eac       0x24 zephyr/arch/arch/arm/core/mpu/libarch__arm__core__mpu.a(arm_core_mpu.c.obj)
                0x0000000000000eac                z_arm_configure_dynamic_mpu_regions
 .text.region_init
                0x0000000000000ed0       0x28 zephyr/arch/arch/arm/core/mpu/libarch__arm__core__mpu.a(arm_mpu.c.obj)
 .text.mpu_configure_regions
                0x0000000000000ef8       0x6c zephyr/arch/arch/arm/core/mpu/libarch__arm__core__mpu.a(arm_mpu.c.obj)
 .text.arm_core_mpu_enable
                0x0000000000000f64       0x18 zephyr/arch/arch/arm/core/mpu/libarch__arm__core__mpu.a(arm_mpu.c.obj)
                0x0000000000000f64                arm_core_mpu_enable
 .text.arm_core_mpu_disable
                0x0000000000000f7c       0x14 zephyr/arch/arch/arm/core/mpu/libarch__arm__core__mpu.a(arm_mpu.c.obj)
                0x0000000000000f7c                arm_core_mpu_disable
 .text.arm_core_mpu_configure_static_mpu_regions
                0x0000000000000f90       0x14 zephyr/arch/arch/arm/core/mpu/libarch__arm__core__mpu.a(arm_mpu.c.obj)
                0x0000000000000f90                arm_core_mpu_configure_static_mpu_regions
 .text.arm_core_mpu_configure_dynamic_mpu_regions
                0x0000000000000fa4       0x38 zephyr/arch/arch/arm/core/mpu/libarch__arm__core__mpu.a(arm_mpu.c.obj)
                0x0000000000000fa4                arm_core_mpu_configure_dynamic_mpu_regions
 .text.z_arm_mpu_init
                0x0000000000000fdc      0x168 zephyr/arch/arch/arm/core/mpu/libarch__arm__core__mpu.a(arm_mpu.c.obj)
                0x0000000000000fdc                z_arm_mpu_init
 .text.z_impl_zephyr_fputc
                0x0000000000001144       0x10 zephyr/lib/libc/picolibc/liblib__libc__picolibc.a(stdio.c.obj)
                0x0000000000001144                z_impl_zephyr_fputc
 .text.__stdout_hook_install
                0x0000000000001154       0x18 zephyr/lib/libc/picolibc/liblib__libc__picolibc.a(stdio.c.obj)
                0x0000000000001154                __stdout_hook_install
 .text.malloc_prepare
                0x000000000000116c       0x24 zephyr/lib/libc/common/liblib__libc__common.a(malloc.c.obj)
 .text.nordicsemi_nrf52_init
                0x0000000000001190       0x44 zephyr/soc/soc/nrf52840/libsoc__nordic.a(soc.c.obj)
 .text.arch_busy_wait
                0x00000000000011d4       0x24 zephyr/soc/soc/nrf52840/libsoc__nordic.a(soc.c.obj)
                0x00000000000011d4                arch_busy_wait
 .text.gppi_init
                0x00000000000011f8       0x1c zephyr/soc/soc/nrf52840/libsoc__nordic.a(gppi_init.c.obj)
 .text.onoff_stop
                0x0000000000001214       0x30 zephyr/drivers/clock_control/libdrivers__clock_control.a(clock_control_nrf.c.obj)
 .text.onoff_start
                0x0000000000001244       0x44 zephyr/drivers/clock_control/libdrivers__clock_control.a(clock_control_nrf.c.obj)
 .text.clk_init
                0x0000000000001288       0x58 zephyr/drivers/clock_control/libdrivers__clock_control.a(clock_control_nrf.c.obj)
 .text.api_blocking_start
                0x00000000000012e0       0x34 zephyr/drivers/clock_control/libdrivers__clock_control.a(clock_control_nrf.c.obj)
 .text.generic_hfclk_stop
                0x0000000000001314       0x34 zephyr/drivers/clock_control/libdrivers__clock_control.a(clock_control_nrf.c.obj)
 .text.clkstarted_handle.constprop.0
                0x0000000000001348       0x4c zephyr/drivers/clock_control/libdrivers__clock_control.a(clock_control_nrf.c.obj)
 .text.generic_hfclk_start
                0x0000000000001394       0x78 zephyr/drivers/clock_control/libdrivers__clock_control.a(clock_control_nrf.c.obj)
 .text.clock_event_handler
                0x000000000000140c       0x1c zephyr/drivers/clock_control/libdrivers__clock_control.a(clock_control_nrf.c.obj)
 .text.z_nrf_clock_control_lf_on
                0x0000000000001428       0xfc zephyr/drivers/clock_control/libdrivers__clock_control.a(clock_control_nrf.c.obj)
                0x0000000000001428                z_nrf_clock_control_lf_on
 .text.uart_console_init
                0x0000000000001524       0x28 zephyr/drivers/console/libdrivers__console.a(uart_console.c.obj)
 .text.console_out
                0x000000000000154c       0x28 zephyr/drivers/console/libdrivers__console.a(uart_console.c.obj)
 .text.gpio_nrfx_pin_interrupt_configure
                0x0000000000001574       0xfc zephyr/drivers/gpio/libdrivers__gpio.a(gpio_nrfx.c.obj)
 .text.nrfx_gpio_handler
                0x0000000000001670       0x4c zephyr/drivers/gpio/libdrivers__gpio.a(gpio_nrfx.c.obj)
 .text.gpio_nrfx_init
                0x00000000000016bc       0x3c zephyr/drivers/gpio/libdrivers__gpio.a(gpio_nrfx.c.obj)
 .text.gpio_nrfx_pin_configure
                0x00000000000016f8      0x180 zephyr/drivers/gpio/libdrivers__gpio.a(gpio_nrfx.c.obj)
 .text.nrf_gpio_pin_port_decode
                0x0000000000001878       0x20 zephyr/drivers/pinctrl/libdrivers__pinctrl.a(pinctrl_nrf.c.obj)
 .text.pinctrl_configure_pins
                0x0000000000001898      0x1c4 zephyr/drivers/pinctrl/libdrivers__pinctrl.a(pinctrl_nrf.c.obj)
                0x0000000000001898                pinctrl_configure_pins
 .text.uarte_nrfx_poll_out
                0x0000000000001a5c       0xb4 zephyr/drivers/serial/libdrivers__serial.a(uart_nrfx_uarte.c.obj)
 .text.compare_int_lock
                0x0000000000001b10       0x48 zephyr/drivers/timer/libdrivers__timer.a(nrf_rtc_timer.c.obj)
 .text.sys_clock_timeout_handler
                0x0000000000001b58       0x48 zephyr/drivers/timer/libdrivers__timer.a(nrf_rtc_timer.c.obj)
 .text.compare_int_unlock
                0x0000000000001ba0       0x5c zephyr/drivers/timer/libdrivers__timer.a(nrf_rtc_timer.c.obj)
 .text.z_nrf_rtc_timer_read
                0x0000000000001bfc       0x44 zephyr/drivers/timer/libdrivers__timer.a(nrf_rtc_timer.c.obj)
                0x0000000000001bfc                z_nrf_rtc_timer_read
 .text.compare_set
                0x0000000000001c40      0x130 zephyr/drivers/timer/libdrivers__timer.a(nrf_rtc_timer.c.obj)
 .text.sys_clock_driver_init
                0x0000000000001d70       0x90 zephyr/drivers/timer/libdrivers__timer.a(nrf_rtc_timer.c.obj)
 .text.rtc_nrf_isr
                0x0000000000001e00       0xd4 zephyr/drivers/timer/libdrivers__timer.a(nrf_rtc_timer.c.obj)
                0x0000000000001e00                rtc_nrf_isr
 .text.sys_clock_set_timeout
                0x0000000000001ed4       0x5c zephyr/drivers/timer/libdrivers__timer.a(nrf_rtc_timer.c.obj)
                0x0000000000001ed4                sys_clock_set_timeout
 .text.sys_clock_elapsed
                0x0000000000001f30       0x14 zephyr/drivers/timer/libdrivers__timer.a(nrf_rtc_timer.c.obj)
                0x0000000000001f30                sys_clock_elapsed
 .text.nrf52_errata_98
                0x0000000000001f44       0x24 modules/hal_nordic/modules/hal_nordic/nrfx/libmodules__hal_nordic__nrfx.a(system_nrf52840.c.obj)
 .text.nvmc_wait
                0x0000000000001f68       0x10 modules/hal_nordic/modules/hal_nordic/nrfx/libmodules__hal_nordic__nrfx.a(system_nrf52840.c.obj)
                0x0000000000001f68                nvmc_wait
 .text.SystemInit
                0x0000000000001f78      0x1bc modules/hal_nordic/modules/hal_nordic/nrfx/libmodules__hal_nordic__nrfx.a(system_nrf52840.c.obj)
                0x0000000000001f78                SystemInit
 .text.nrfx_gppi_init
                0x0000000000002134        0xc modules/hal_nordic/modules/hal_nordic/nrfx/libmodules__hal_nordic__nrfx.a(nrfx_gppi_ppi.c.obj)
                0x0000000000002134                nrfx_gppi_init
 .text.nrfx_gppi_domain_conn_alloc
                0x0000000000002140       0x1c modules/hal_nordic/modules/hal_nordic/nrfx/libmodules__hal_nordic__nrfx.a(nrfx_gppi_ppi.c.obj)
                0x0000000000002140                nrfx_gppi_domain_conn_alloc
 .text.nrfx_gppi_conn_enable
                0x000000000000215c       0x10 modules/hal_nordic/modules/hal_nordic/nrfx/libmodules__hal_nordic__nrfx.a(nrfx_gppi_ppi.c.obj)
                0x000000000000215c                nrfx_gppi_conn_enable
 .text.hfclk_event_handler
                0x000000000000216c        0xc modules/hal_nordic/modules/hal_nordic/nrfx/libmodules__hal_nordic__nrfx.a(nrfx_clock.c.obj)
 .text.lfclk_event_handler
                0x0000000000002178        0xc modules/hal_nordic/modules/hal_nordic/nrfx/libmodules__hal_nordic__nrfx.a(nrfx_clock.c.obj)
 .text.nrfx_clock_init
                0x0000000000002184       0x40 modules/hal_nordic/modules/hal_nordic/nrfx/libmodules__hal_nordic__nrfx.a(nrfx_clock.c.obj)
                0x0000000000002184                nrfx_clock_init
 .text.nrfx_clock_enable
                0x00000000000021c4       0x20 modules/hal_nordic/modules/hal_nordic/nrfx/libmodules__hal_nordic__nrfx.a(nrfx_clock.c.obj)
                0x00000000000021c4                nrfx_clock_enable
 .text.nrf52_errata_201
                0x00000000000021e4       0x24 modules/hal_nordic/modules/hal_nordic/nrfx/libmodules__hal_nordic__nrfx.a(nrfx_clock_hfclk.c.obj)
 .text.clock_stop
                0x0000000000002208       0x4c modules/hal_nordic/modules/hal_nordic/nrfx/libmodules__hal_nordic__nrfx.a(nrfx_clock_hfclk.c.obj)
 .text.nrfx_clock_hfclk_init
                0x0000000000002254       0x28 modules/hal_nordic/modules/hal_nordic/nrfx/libmodules__hal_nordic__nrfx.a(nrfx_clock_hfclk.c.obj)
                0x0000000000002254                nrfx_clock_hfclk_init
 .text.nrfx_clock_hfclk_start
                0x000000000000227c       0x38 modules/hal_nordic/modules/hal_nordic/nrfx/libmodules__hal_nordic__nrfx.a(nrfx_clock_hfclk.c.obj)
                0x000000000000227c                nrfx_clock_hfclk_start
 .text.nrfx_clock_hfclk_irq_handler
                0x00000000000022b4       0x40 modules/hal_nordic/modules/hal_nordic/nrfx/libmodules__hal_nordic__nrfx.a(nrfx_clock_hfclk.c.obj)
                0x00000000000022b4                nrfx_clock_hfclk_irq_handler
 .text.nrfx_clock_lfclk_init
                0x00000000000022f4       0x24 modules/hal_nordic/modules/hal_nordic/nrfx/libmodules__hal_nordic__nrfx.a(nrfx_clock_lfclk.c.obj)
                0x00000000000022f4                nrfx_clock_lfclk_init
 .text.nrfx_clock_lfclk_start
                0x0000000000002318       0x80 modules/hal_nordic/modules/hal_nordic/nrfx/libmodules__hal_nordic__nrfx.a(nrfx_clock_lfclk.c.obj)
                0x0000000000002318                nrfx_clock_lfclk_start
 .text.nrfx_clock_lfclk_irq_handler
                0x0000000000002398       0x70 modules/hal_nordic/modules/hal_nordic/nrfx/libmodules__hal_nordic__nrfx.a(nrfx_clock_lfclk.c.obj)
                0x0000000000002398                nrfx_clock_lfclk_irq_handler
 .text.nrf_gpio_pin_port_decode
                0x0000000000002408       0x20 modules/hal_nordic/modules/hal_nordic/nrfx/libmodules__hal_nordic__nrfx.a(nrfx_gpiote.c.obj)
 .text.get_pin_idx
                0x0000000000002428       0x14 modules/hal_nordic/modules/hal_nordic/nrfx/libmodules__hal_nordic__nrfx.a(nrfx_gpiote.c.obj)
 .text.latch_pending_read_and_check
                0x000000000000243c       0x64 modules/hal_nordic/modules/hal_nordic/nrfx/libmodules__hal_nordic__nrfx.a(nrfx_gpiote.c.obj)
 .text.pin_uninit
                0x00000000000024a0       0x7c modules/hal_nordic/modules/hal_nordic/nrfx/libmodules__hal_nordic__nrfx.a(nrfx_gpiote.c.obj)
 .text.nrfx_gpiote_channel_free
                0x000000000000251c        0xc modules/hal_nordic/modules/hal_nordic/nrfx/libmodules__hal_nordic__nrfx.a(nrfx_gpiote.c.obj)
                0x000000000000251c                nrfx_gpiote_channel_free
 .text.nrfx_gpiote_channel_alloc
                0x0000000000002528       0x18 modules/hal_nordic/modules/hal_nordic/nrfx/libmodules__hal_nordic__nrfx.a(nrfx_gpiote.c.obj)
                0x0000000000002528                nrfx_gpiote_channel_alloc
 .text.nrfx_gpiote_irq_handler
                0x0000000000002540      0x1d0 modules/hal_nordic/modules/hal_nordic/nrfx/libmodules__hal_nordic__nrfx.a(nrfx_gpiote.c.obj)
                0x0000000000002540                nrfx_gpiote_irq_handler
 .text.z_fatal_error
                0x0000000000002710       0x30 zephyr/kernel/libkernel.a(fatal.c.obj)
                0x0000000000002710                z_fatal_error
 .text.z_sys_init_run_level
                0x0000000000002740       0x30 zephyr/kernel/libkernel.a(init.c.obj)
 .text.bg_thread_main
                0x0000000000002770       0xc0 zephyr/kernel/libkernel.a(init.c.obj)
 .text.z_init_cpu
                0x0000000000002830       0x78 zephyr/kernel/libkernel.a(init.c.obj)
                0x0000000000002830                z_init_cpu
 .text.z_cstart
                0x00000000000028a8       0xcc zephyr/kernel/libkernel.a(init.c.obj)
                0x00000000000028a8                z_cstart
 .text.init_mem_slab_obj_core_list
                0x0000000000002974       0x24 zephyr/kernel/libkernel.a(mem_slab.c.obj)
 .text.k_mem_slab_alloc
                0x0000000000002998       0x5c zephyr/kernel/libkernel.a(mem_slab.c.obj)
                0x0000000000002998                k_mem_slab_alloc
 .text.z_impl_k_mutex_lock
                0x00000000000029f4       0xf0 zephyr/kernel/libkernel.a(mutex.c.obj)
                0x00000000000029f4                z_impl_k_mutex_lock
 .text.z_impl_k_mutex_unlock
                0x0000000000002ae4       0xa0 zephyr/kernel/libkernel.a(mutex.c.obj)
                0x0000000000002ae4                z_impl_k_mutex_unlock
 .text.z_impl_k_sem_give
                0x0000000000002b84       0x68 zephyr/kernel/libkernel.a(sem.c.obj)
                0x0000000000002b84                z_impl_k_sem_give
 .text.z_impl_k_sem_take
                0x0000000000002bec       0x4c zephyr/kernel/libkernel.a(sem.c.obj)
                0x0000000000002bec                z_impl_k_sem_take
 .text.z_setup_new_thread
                0x0000000000002c38       0xec zephyr/kernel/libkernel.a(thread.c.obj)
                0x0000000000002c38                z_setup_new_thread
 .text.z_dummy_thread_init
                0x0000000000002d24       0x1c zephyr/kernel/libkernel.a(thread.c.obj)
                0x0000000000002d24                z_dummy_thread_init
 .text.z_swap_irqlock
                0x0000000000002d40       0x34 zephyr/kernel/libkernel.a(sched.c.obj)
 .text.ready_thread
                0x0000000000002d74       0x84 zephyr/kernel/libkernel.a(sched.c.obj)
 .text.unready_thread
                0x0000000000002df8       0x54 zephyr/kernel/libkernel.a(sched.c.obj)
 .text.add_thread_timeout
                0x0000000000002e4c       0x1c zephyr/kernel/libkernel.a(sched.c.obj)
 .text.move_thread_to_end_of_prio_q
                0x0000000000002e68       0x90 zephyr/kernel/libkernel.a(sched.c.obj)
                0x0000000000002e68                move_thread_to_end_of_prio_q
 .text.z_pend_curr
                0x0000000000002ef8       0x44 zephyr/kernel/libkernel.a(sched.c.obj)
                0x0000000000002ef8                z_pend_curr
 .text.z_thread_prio_set
                0x0000000000002f3c       0xe4 zephyr/kernel/libkernel.a(sched.c.obj)
                0x0000000000002f3c                z_thread_prio_set
 .text.z_reschedule
                0x0000000000003020       0x24 zephyr/kernel/libkernel.a(sched.c.obj)
                0x0000000000003020                z_reschedule
 .text.z_reschedule_irqlock
                0x0000000000003044       0x28 zephyr/kernel/libkernel.a(sched.c.obj)
                0x0000000000003044                z_reschedule_irqlock
 .text.k_sched_lock
                0x000000000000306c       0x28 zephyr/kernel/libkernel.a(sched.c.obj)
                0x000000000000306c                k_sched_lock
 .text.k_sched_unlock
                0x0000000000003094       0x68 zephyr/kernel/libkernel.a(sched.c.obj)
                0x0000000000003094                k_sched_unlock
 .text.z_sched_init
                0x00000000000030fc       0x10 zephyr/kernel/libkernel.a(sched.c.obj)
                0x00000000000030fc                z_sched_init
 .text.z_impl_k_yield
                0x000000000000310c       0x88 zephyr/kernel/libkernel.a(sched.c.obj)
                0x000000000000310c                z_impl_k_yield
 .text.z_tick_sleep
                0x0000000000003194       0x78 zephyr/kernel/libkernel.a(sched.c.obj)
 .text.z_impl_k_wakeup
                0x000000000000320c       0x48 zephyr/kernel/libkernel.a(sched.c.obj)
                0x000000000000320c                z_impl_k_wakeup
 .text.z_impl_k_sched_current_thread_query
                0x0000000000003254        0xc zephyr/kernel/libkernel.a(sched.c.obj)
                0x0000000000003254                z_impl_k_sched_current_thread_query
 .text.z_thread_abort
                0x0000000000003260      0x144 zephyr/kernel/libkernel.a(sched.c.obj)
                0x0000000000003260                z_thread_abort
 .text.slice_timeout
                0x00000000000033a4       0x20 zephyr/kernel/libkernel.a(timeslicing.c.obj)
 .text.thread_is_sliceable
                0x00000000000033c4       0x3c zephyr/kernel/libkernel.a(timeslicing.c.obj)
                0x00000000000033c4                thread_is_sliceable
 .text.z_reset_time_slice
                0x0000000000003400       0x50 zephyr/kernel/libkernel.a(timeslicing.c.obj)
                0x0000000000003400                z_reset_time_slice
 .text.z_time_slice
                0x0000000000003450       0x60 zephyr/kernel/libkernel.a(timeslicing.c.obj)
                0x0000000000003450                z_time_slice
 .text.z_thread_monitor_exit
                0x00000000000034b0       0x3c zephyr/kernel/libkernel.a(thread_monitor.c.obj)
                0x00000000000034b0                z_thread_monitor_exit
 .text.first    0x00000000000034ec       0x10 zephyr/kernel/libkernel.a(timeout.c.obj)
 .text.elapsed  0x00000000000034fc       0x14 zephyr/kernel/libkernel.a(timeout.c.obj)
 .text.remove_timeout
                0x0000000000003510       0x38 zephyr/kernel/libkernel.a(timeout.c.obj)
 .text.z_add_timeout
                0x0000000000003548      0x120 zephyr/kernel/libkernel.a(timeout.c.obj)
                0x0000000000003548                z_add_timeout
 .text.sys_clock_announce
                0x0000000000003668       0xc0 zephyr/kernel/libkernel.a(timeout.c.obj)
                0x0000000000003668                sys_clock_announce
 .text.sys_clock_tick_get
                0x0000000000003728       0x30 zephyr/kernel/libkernel.a(timeout.c.obj)
                0x0000000000003728                sys_clock_tick_get
 .text.nrf_cc3xx_platform_init_no_rng
                0x0000000000003758       0x38 C:/ncs/v3.2.0/nrfxlib/crypto/nrf_cc310_platform/lib/cortex-m4/soft-float/no-interrupts/libnrf_cc310_platform_0.9.19.a(nrf_cc3xx_platform.c.obj)
                0x0000000000003758                nrf_cc3xx_platform_init_no_rng
 .text.nrf_cc3xx_platform_abort
                0x0000000000003790       0x24 C:/ncs/v3.2.0/nrfxlib/crypto/nrf_cc310_platform/lib/cortex-m4/soft-float/no-interrupts/libnrf_cc310_platform_0.9.19.a(nrf_cc3xx_platform_abort.c.obj)
 .text.CC_PalAbort
                0x00000000000037b4       0x34 C:/ncs/v3.2.0/nrfxlib/crypto/nrf_cc310_platform/lib/cortex-m4/soft-float/no-interrupts/libnrf_cc310_platform_0.9.19.a(nrf_cc3xx_platform_abort.c.obj)
                0x00000000000037b4                CC_PalAbort
 .text.nrf_cc3xx_platform_set_abort
                0x00000000000037e8       0x10 C:/ncs/v3.2.0/nrfxlib/crypto/nrf_cc310_platform/lib/cortex-m4/soft-float/no-interrupts/libnrf_cc310_platform_0.9.19.a(nrf_cc3xx_platform_abort.c.obj)
                0x00000000000037e8                nrf_cc3xx_platform_set_abort
 .text.mutex_free
                0x00000000000037f8       0x34 C:/ncs/v3.2.0/nrfxlib/crypto/nrf_cc310_platform/lib/cortex-m4/soft-float/no-interrupts/libnrf_cc310_platform_0.9.19.a(nrf_cc3xx_platform_mutex.c.obj)
 .text.mutex_lock
                0x000000000000382c       0x48 C:/ncs/v3.2.0/nrfxlib/crypto/nrf_cc310_platform/lib/cortex-m4/soft-float/no-interrupts/libnrf_cc310_platform_0.9.19.a(nrf_cc3xx_platform_mutex.c.obj)
 .text.mutex_unlock
                0x0000000000003874       0x38 C:/ncs/v3.2.0/nrfxlib/crypto/nrf_cc310_platform/lib/cortex-m4/soft-float/no-interrupts/libnrf_cc310_platform_0.9.19.a(nrf_cc3xx_platform_mutex.c.obj)
 .text.mutex_init
                0x00000000000038ac       0x20 C:/ncs/v3.2.0/nrfxlib/crypto/nrf_cc310_platform/lib/cortex-m4/soft-float/no-interrupts/libnrf_cc310_platform_0.9.19.a(nrf_cc3xx_platform_mutex.c.obj)
 .text.nrf_cc3xx_platform_set_mutexes
                0x00000000000038cc       0x74 C:/ncs/v3.2.0/nrfxlib/crypto/nrf_cc310_platform/lib/cortex-m4/soft-float/no-interrupts/libnrf_cc310_platform_0.9.19.a(nrf_cc3xx_platform_mutex.c.obj)
                0x00000000000038cc                nrf_cc3xx_platform_set_mutexes
 .text.CC_LibInitNoRng
                0x0000000000003940       0x64 C:/ncs/v3.2.0/nrfxlib/crypto/nrf_cc310_platform/lib/cortex-m4/soft-float/no-interrupts/libnrf_cc310_platform_0.9.19.a(cc_lib.c.obj)
                0x0000000000003940                CC_LibInitNoRng
 .text.CC_HalInit
                0x00000000000039a4        0x4 C:/ncs/v3.2.0/nrfxlib/crypto/nrf_cc310_platform/lib/cortex-m4/soft-float/no-interrupts/libnrf_cc310_platform_0.9.19.a(cc_hal.c.obj)
                0x00000000000039a4                CC_HalInit
 .text.CC_HalTerminate
                0x00000000000039a8        0x4 C:/ncs/v3.2.0/nrfxlib/crypto/nrf_cc310_platform/lib/cortex-m4/soft-float/no-interrupts/libnrf_cc310_platform_0.9.19.a(cc_hal.c.obj)
                0x00000000000039a8                CC_HalTerminate
 .text.CC_HalMaskInterrupt
                0x00000000000039ac        0xc C:/ncs/v3.2.0/nrfxlib/crypto/nrf_cc310_platform/lib/cortex-m4/soft-float/no-interrupts/libnrf_cc310_platform_0.9.19.a(cc_hal.c.obj)
                0x00000000000039ac                CC_HalMaskInterrupt
 .text.CC_PalInit
                0x00000000000039b8       0x5c C:/ncs/v3.2.0/nrfxlib/crypto/nrf_cc310_platform/lib/cortex-m4/soft-float/no-interrupts/libnrf_cc310_platform_0.9.19.a(cc_pal.c.obj)
                0x00000000000039b8                CC_PalInit
 .text.CC_PalTerminate
                0x0000000000003a14       0x34 C:/ncs/v3.2.0/nrfxlib/crypto/nrf_cc310_platform/lib/cortex-m4/soft-float/no-interrupts/libnrf_cc310_platform_0.9.19.a(cc_pal.c.obj)
                0x0000000000003a14                CC_PalTerminate
 .text.CC_PalDmaInit
                0x0000000000003a48        0x4 C:/ncs/v3.2.0/nrfxlib/crypto/nrf_cc310_platform/lib/cortex-m4/soft-float/no-interrupts/libnrf_cc310_platform_0.9.19.a(cc_pal_dma.c.obj)
                0x0000000000003a48                CC_PalDmaInit
 .text.CC_PalDmaTerminate
                0x0000000000003a4c        0x4 C:/ncs/v3.2.0/nrfxlib/crypto/nrf_cc310_platform/lib/cortex-m4/soft-float/no-interrupts/libnrf_cc310_platform_0.9.19.a(cc_pal_dma.c.obj)
                0x0000000000003a4c                CC_PalDmaTerminate
 .text.CC_PalMutexCreate
                0x0000000000003a50       0x14 C:/ncs/v3.2.0/nrfxlib/crypto/nrf_cc310_platform/lib/cortex-m4/soft-float/no-interrupts/libnrf_cc310_platform_0.9.19.a(cc_pal_mutex.c.obj)
                0x0000000000003a50                CC_PalMutexCreate
 .text.CC_PalMutexDestroy
                0x0000000000003a64       0x14 C:/ncs/v3.2.0/nrfxlib/crypto/nrf_cc310_platform/lib/cortex-m4/soft-float/no-interrupts/libnrf_cc310_platform_0.9.19.a(cc_pal_mutex.c.obj)
                0x0000000000003a64                CC_PalMutexDestroy
 .text.CC_PalPowerSaveModeInit
                0x0000000000003a78       0x3c C:/ncs/v3.2.0/nrfxlib/crypto/nrf_cc310_platform/lib/cortex-m4/soft-float/no-interrupts/libnrf_cc310_platform_0.9.19.a(cc_pal_pm.c.obj)
                0x0000000000003a78                CC_PalPowerSaveModeInit
 .text.CC_PalPowerSaveModeSelect
                0x0000000000003ab4       0x84 C:/ncs/v3.2.0/nrfxlib/crypto/nrf_cc310_platform/lib/cortex-m4/soft-float/no-interrupts/libnrf_cc310_platform_0.9.19.a(cc_pal_pm.c.obj)
                0x0000000000003ab4                CC_PalPowerSaveModeSelect
 .text.__l_vfprintf
                0x0000000000003b38      0x4b8 c:\ncs\toolchains\66cdf9b75e\opt\zephyr-sdk\arm-zephyr-eabi\bin\../lib/gcc/../../picolibc/arm-zephyr-eabi/lib/thumb/v7e-m/nofp\libc.a(libc_tinystdio_vflprintf.c.o)
                0x0000000000003b38                __l_vfprintf
 .text._OffsetAbsSyms
                0x0000000000003ff0        0x2 zephyr/CMakeFiles/offsets.dir/./arch/arm/core/offsets/offsets.c.obj
                0x0000000000003ff0                _OffsetAbsSyms
 .text.gpio_pin_configure_dt
                0x0000000000003ff2       0x3e app/libapp.a(main.c.obj)
 .text.chunk_field
                0x0000000000004030       0x16 zephyr/libzephyr.a(heap.c.obj)
 .text.chunk_set
                0x0000000000004046       0x16 zephyr/libzephyr.a(heap.c.obj)
 .text.chunk_size
                0x000000000000405c        0xc zephyr/libzephyr.a(heap.c.obj)
 .text.set_chunk_used
                0x0000000000004068       0x30 zephyr/libzephyr.a(heap.c.obj)
 .text.set_chunk_size
                0x0000000000004098        0x8 zephyr/libzephyr.a(heap.c.obj)
 .text.bucket_idx
                0x00000000000040a0       0x1e zephyr/libzephyr.a(heap.c.obj)
 .text.free_list_add
                0x00000000000040be       0x84 zephyr/libzephyr.a(heap.c.obj)
 .text.sys_heap_init
                0x0000000000004142       0xb0 zephyr/libzephyr.a(heap.c.obj)
                0x0000000000004142                sys_heap_init
 .text.arch_printk_char_out
                0x00000000000041f2        0x4 zephyr/libzephyr.a(printk.c.obj)
                0x00000000000041f2                arch_printk_char_out
 .text.printk   0x00000000000041f6       0x1a zephyr/libzephyr.a(printk.c.obj)
                0x00000000000041f6                printk
 .text.process_recheck
                0x0000000000004210       0x38 zephyr/libzephyr.a(onoff.c.obj)
 .text.validate_args
                0x0000000000004248       0x20 zephyr/libzephyr.a(onoff.c.obj)
 .text.notify_one
                0x0000000000004268       0x2c zephyr/libzephyr.a(onoff.c.obj)
 .text.transition_complete
                0x0000000000004294       0x1a zephyr/libzephyr.a(onoff.c.obj)
 .text.onoff_manager_init
                0x00000000000042ae       0x26 zephyr/libzephyr.a(onoff.c.obj)
                0x00000000000042ae                onoff_manager_init
 .text.onoff_request
                0x00000000000042d4       0xae zephyr/libzephyr.a(onoff.c.obj)
                0x00000000000042d4                onoff_request
 .text.sys_notify_validate
                0x0000000000004382       0x22 zephyr/libzephyr.a(notify.c.obj)
                0x0000000000004382                sys_notify_validate
 .text.sys_notify_finalize
                0x00000000000043a4       0x1a zephyr/libzephyr.a(notify.c.obj)
                0x00000000000043a4                sys_notify_finalize
 .text._ConfigAbsSyms
                0x00000000000043be        0x2 zephyr/libzephyr.a(configs.c.obj)
                0x00000000000043be                _ConfigAbsSyms
 .text.abort_function
                0x00000000000043c0        0x2 zephyr/libzephyr.a(nrf_cc3xx_platform_abort_zephyr.c.obj)
 .text.arch_early_memset
                0x00000000000043c2        0x4 zephyr/arch/common/libarch__common.a(init.c.obj)
                0x00000000000043c2                arch_early_memset
 .text.arch_early_memcpy
                0x00000000000043c6        0x4 zephyr/arch/common/libarch__common.a(init.c.obj)
                0x00000000000043c6                arch_early_memcpy
 .text.z_do_kernel_oops
                0x00000000000043ca        0x8 zephyr/arch/arch/arm/core/libarch__arm__core.a(fatal.c.obj)
                0x00000000000043ca                z_do_kernel_oops
 .text.z_arm_nmi
                0x00000000000043d2        0xe zephyr/arch/arch/arm/core/libarch__arm__core.a(nmi.c.obj)
                0x00000000000043d2                z_arm_nmi
 .text.z_irq_spurious
                0x00000000000043e0        0x8 zephyr/arch/arch/arm/core/cortex_m/libarch__arm__core__cortex_m.a(irq_manage.c.obj)
                0x00000000000043e0                z_irq_spurious
 .text.arch_coprocessors_disable
                0x00000000000043e8        0x6 zephyr/arch/arch/arm/core/cortex_m/libarch__arm__core__cortex_m.a(thread.c.obj)
                0x00000000000043e8                arch_coprocessors_disable
 .text.arch_irq_unlock_outlined
                0x00000000000043ee        0xe zephyr/arch/arch/arm/core/cortex_m/libarch__arm__core__cortex_m.a(thread.c.obj)
                0x00000000000043ee                arch_irq_unlock_outlined
 .text.arch_cpu_idle
                0x00000000000043fc       0x1a zephyr/arch/arch/arm/core/cortex_m/libarch__arm__core__cortex_m.a(cpu_idle.c.obj)
                0x00000000000043fc                arch_cpu_idle
 .text.arch_cpu_atomic_idle
                0x0000000000004416       0x1e zephyr/arch/arch/arm/core/cortex_m/libarch__arm__core__cortex_m.a(cpu_idle.c.obj)
                0x0000000000004416                arch_cpu_atomic_idle
 .text.size_to_mpu_rasr_size
                0x0000000000004434       0x20 zephyr/arch/arch/arm/core/mpu/libarch__arm__core__mpu.a(arm_mpu.c.obj)
 .text.picolibc_put
                0x0000000000004454        0xa zephyr/lib/libc/picolibc/liblib__libc__picolibc.a(stdio.c.obj)
 .text.get_status
                0x000000000000445e       0x12 zephyr/drivers/clock_control/libdrivers__clock_control.a(clock_control_nrf.c.obj)
 .text.stop     0x0000000000004470       0x52 zephyr/drivers/clock_control/libdrivers__clock_control.a(clock_control_nrf.c.obj)
 .text.api_stop
                0x00000000000044c2        0x6 zephyr/drivers/clock_control/libdrivers__clock_control.a(clock_control_nrf.c.obj)
 .text.async_start
                0x00000000000044c8       0x5c zephyr/drivers/clock_control/libdrivers__clock_control.a(clock_control_nrf.c.obj)
 .text.api_start
                0x0000000000004524        0xe zephyr/drivers/clock_control/libdrivers__clock_control.a(clock_control_nrf.c.obj)
 .text.onoff_started_callback
                0x0000000000004532       0x12 zephyr/drivers/clock_control/libdrivers__clock_control.a(clock_control_nrf.c.obj)
 .text.blocking_start_callback
                0x0000000000004544        0x6 zephyr/drivers/clock_control/libdrivers__clock_control.a(clock_control_nrf.c.obj)
 .text.lfclk_stop
                0x000000000000454a        0x4 zephyr/drivers/clock_control/libdrivers__clock_control.a(clock_control_nrf.c.obj)
 .text.lfclk_start
                0x000000000000454e        0x4 zephyr/drivers/clock_control/libdrivers__clock_control.a(clock_control_nrf.c.obj)
 .text.gpio_nrfx_port_get_raw
                0x0000000000004552        0xe zephyr/drivers/gpio/libdrivers__gpio.a(gpio_nrfx.c.obj)
 .text.gpio_nrfx_port_set_masked_raw
                0x0000000000004560       0x18 zephyr/drivers/gpio/libdrivers__gpio.a(gpio_nrfx.c.obj)
 .text.gpio_nrfx_port_set_bits_raw
                0x0000000000004578        0xc zephyr/drivers/gpio/libdrivers__gpio.a(gpio_nrfx.c.obj)
 .text.gpio_nrfx_port_clear_bits_raw
                0x0000000000004584        0xc zephyr/drivers/gpio/libdrivers__gpio.a(gpio_nrfx.c.obj)
 .text.gpio_nrfx_port_toggle_bits
                0x0000000000004590       0x1a zephyr/drivers/gpio/libdrivers__gpio.a(gpio_nrfx.c.obj)
 .text.gpio_nrfx_manage_callback
                0x00000000000045aa       0x52 zephyr/drivers/gpio/libdrivers__gpio.a(gpio_nrfx.c.obj)
 .text.gpio_nrfx_gpiote_irq_handler
                0x00000000000045fc        0x4 zephyr/drivers/gpio/libdrivers__gpio.a(gpio_nrfx.c.obj)
                0x00000000000045fc                gpio_nrfx_gpiote_irq_handler
 .text.pinctrl_lookup_state
                0x0000000000004600       0x26 zephyr/drivers/pinctrl/libdrivers__pinctrl.a(common.c.obj)
                0x0000000000004600                pinctrl_lookup_state
 .text.uarte_nrfx_err_check
                0x0000000000004626        0xe zephyr/drivers/serial/libdrivers__serial.a(uart_nrfx_uarte.c.obj)
 .text.uarte_nrfx_poll_in
                0x0000000000004634       0x26 zephyr/drivers/serial/libdrivers__serial.a(uart_nrfx_uarte.c.obj)
 .text.is_tx_ready.isra.0
                0x000000000000465a       0x20 zephyr/drivers/serial/libdrivers__serial.a(uart_nrfx_uarte.c.obj)
 .text.uarte_nrfx_isr_int
                0x000000000000467a       0x42 zephyr/drivers/serial/libdrivers__serial.a(uart_nrfx_uarte.c.obj)
 .text.pinctrl_apply_state.isra.0
                0x00000000000046bc       0x1e zephyr/drivers/serial/libdrivers__serial.a(uart_nrfx_uarte.c.obj)
 .text.uarte_instance_deinit
                0x00000000000046da        0x6 zephyr/drivers/serial/libdrivers__serial.a(uart_nrfx_uarte.c.obj)
 .text.uarte_0_init
                0x00000000000046e0       0xf0 zephyr/drivers/serial/libdrivers__serial.a(uart_nrfx_uarte.c.obj)
 .text.event_clear
                0x00000000000047d0       0x18 zephyr/drivers/timer/libdrivers__timer.a(nrf_rtc_timer.c.obj)
 .text.hw_cc3xx_init_internal
                0x00000000000047e8        0x4 modules/nrf/drivers/hw_cc3xx/lib..__nrf__drivers__hw_cc3xx.a(hw_cc3xx.c.obj)
 .text.hw_cc3xx_init
                0x00000000000047ec       0x12 modules/nrf/drivers/hw_cc3xx/lib..__nrf__drivers__hw_cc3xx.a(hw_cc3xx.c.obj)
 .text.nrfx_isr
                0x00000000000047fe        0x6 modules/hal_nordic/modules/hal_nordic/nrfx/libmodules__hal_nordic__nrfx.a(nrfx_glue.c.obj)
                0x00000000000047fe                nrfx_isr
 .text.nrfx_busy_wait
                0x0000000000004804        0x4 modules/hal_nordic/modules/hal_nordic/nrfx/libmodules__hal_nordic__nrfx.a(nrfx_glue.c.obj)
                0x0000000000004804                nrfx_busy_wait
 .text.nrfx_flag32_alloc
                0x0000000000004808       0x3c modules/hal_nordic/modules/hal_nordic/nrfx/libmodules__hal_nordic__nrfx.a(nrfx_flag32_allocator.c.obj)
                0x0000000000004808                nrfx_flag32_alloc
 .text.nrfx_flag32_free
                0x0000000000004844       0x3a modules/hal_nordic/modules/hal_nordic/nrfx/libmodules__hal_nordic__nrfx.a(nrfx_flag32_allocator.c.obj)
                0x0000000000004844                nrfx_flag32_free
 .text.nrfx_gppi_conn_alloc
                0x000000000000487e       0x2c modules/hal_nordic/modules/hal_nordic/nrfx/libmodules__hal_nordic__nrfx.a(nrfx_gppi_ppi.c.obj)
                0x000000000000487e                nrfx_gppi_conn_alloc
 .text.nrfx_clock_start
                0x00000000000048aa       0x10 modules/hal_nordic/modules/hal_nordic/nrfx/libmodules__hal_nordic__nrfx.a(nrfx_clock.c.obj)
                0x00000000000048aa                nrfx_clock_start
 .text.nrfx_clock_stop
                0x00000000000048ba       0x10 modules/hal_nordic/modules/hal_nordic/nrfx/libmodules__hal_nordic__nrfx.a(nrfx_clock.c.obj)
                0x00000000000048ba                nrfx_clock_stop
 .text.CLOCK_POWER_IRQHandler
                0x00000000000048ca        0xe modules/hal_nordic/modules/hal_nordic/nrfx/libmodules__hal_nordic__nrfx.a(nrfx_clock.c.obj)
                0x00000000000048ca                CLOCK_POWER_IRQHandler
 .text.nrfx_clock_hfclk_stop
                0x00000000000048d8        0x4 modules/hal_nordic/modules/hal_nordic/nrfx/libmodules__hal_nordic__nrfx.a(nrfx_clock_hfclk.c.obj)
                0x00000000000048d8                nrfx_clock_hfclk_stop
 .text.clock_stop
                0x00000000000048dc       0x32 modules/hal_nordic/modules/hal_nordic/nrfx/libmodules__hal_nordic__nrfx.a(nrfx_clock_lfclk.c.obj)
 .text.nrfx_clock_lfclk_stop
                0x000000000000490e        0x4 modules/hal_nordic/modules/hal_nordic/nrfx/libmodules__hal_nordic__nrfx.a(nrfx_clock_lfclk.c.obj)
                0x000000000000490e                nrfx_clock_lfclk_stop
 .text.nrf_gpio_reconfigure
                0x0000000000004912       0x92 modules/hal_nordic/modules/hal_nordic/nrfx/libmodules__hal_nordic__nrfx.a(nrfx_gpiote.c.obj)
 .text.nrf_gpio_cfg_sense_set
                0x00000000000049a4       0x1e modules/hal_nordic/modules/hal_nordic/nrfx/libmodules__hal_nordic__nrfx.a(nrfx_gpiote.c.obj)
 .text.pin_in_use_by_te
                0x00000000000049c2       0x16 modules/hal_nordic/modules/hal_nordic/nrfx/libmodules__hal_nordic__nrfx.a(nrfx_gpiote.c.obj)
 .text.pin_is_output
                0x00000000000049d8       0x16 modules/hal_nordic/modules/hal_nordic/nrfx/libmodules__hal_nordic__nrfx.a(nrfx_gpiote.c.obj)
 .text.pin_te_get
                0x00000000000049ee       0x14 modules/hal_nordic/modules/hal_nordic/nrfx/libmodules__hal_nordic__nrfx.a(nrfx_gpiote.c.obj)
 .text.call_handler
                0x0000000000004a02       0x3e modules/hal_nordic/modules/hal_nordic/nrfx/libmodules__hal_nordic__nrfx.a(nrfx_gpiote.c.obj)
 .text.release_handler
                0x0000000000004a40       0x54 modules/hal_nordic/modules/hal_nordic/nrfx/libmodules__hal_nordic__nrfx.a(nrfx_gpiote.c.obj)
 .text.__nrfy_internal_gpiote_events_process
                0x0000000000004a94       0x50 modules/hal_nordic/modules/hal_nordic/nrfx/libmodules__hal_nordic__nrfx.a(nrfx_gpiote.c.obj)
 .text.pin_trigger_disable
                0x0000000000004ae4       0x46 modules/hal_nordic/modules/hal_nordic/nrfx/libmodules__hal_nordic__nrfx.a(nrfx_gpiote.c.obj)
 .text.nrfx_gpiote_input_configure
                0x0000000000004b2a      0x170 modules/hal_nordic/modules/hal_nordic/nrfx/libmodules__hal_nordic__nrfx.a(nrfx_gpiote.c.obj)
                0x0000000000004b2a                nrfx_gpiote_input_configure
 .text.nrfx_gpiote_output_configure
                0x0000000000004c9a       0xf2 modules/hal_nordic/modules/hal_nordic/nrfx/libmodules__hal_nordic__nrfx.a(nrfx_gpiote.c.obj)
                0x0000000000004c9a                nrfx_gpiote_output_configure
 .text.nrfx_gpiote_global_callback_set
                0x0000000000004d8c        0x6 modules/hal_nordic/modules/hal_nordic/nrfx/libmodules__hal_nordic__nrfx.a(nrfx_gpiote.c.obj)
                0x0000000000004d8c                nrfx_gpiote_global_callback_set
 .text.nrfx_gpiote_channel_get
                0x0000000000004d92       0x26 modules/hal_nordic/modules/hal_nordic/nrfx/libmodules__hal_nordic__nrfx.a(nrfx_gpiote.c.obj)
                0x0000000000004d92                nrfx_gpiote_channel_get
 .text.nrfx_gpiote_init
                0x0000000000004db8       0x38 modules/hal_nordic/modules/hal_nordic/nrfx/libmodules__hal_nordic__nrfx.a(nrfx_gpiote.c.obj)
                0x0000000000004db8                nrfx_gpiote_init
 .text.nrfx_gpiote_init_check
                0x0000000000004df0        0xc modules/hal_nordic/modules/hal_nordic/nrfx/libmodules__hal_nordic__nrfx.a(nrfx_gpiote.c.obj)
                0x0000000000004df0                nrfx_gpiote_init_check
 .text.nrfx_gpiote_pin_uninit
                0x0000000000004dfc        0x4 modules/hal_nordic/modules/hal_nordic/nrfx/libmodules__hal_nordic__nrfx.a(nrfx_gpiote.c.obj)
                0x0000000000004dfc                nrfx_gpiote_pin_uninit
 .text.nrfx_gpiote_trigger_enable
                0x0000000000004e00       0xa6 modules/hal_nordic/modules/hal_nordic/nrfx/libmodules__hal_nordic__nrfx.a(nrfx_gpiote.c.obj)
                0x0000000000004e00                nrfx_gpiote_trigger_enable
 .text.nrfx_gpiote_trigger_disable
                0x0000000000004ea6        0x4 modules/hal_nordic/modules/hal_nordic/nrfx/libmodules__hal_nordic__nrfx.a(nrfx_gpiote.c.obj)
                0x0000000000004ea6                nrfx_gpiote_trigger_disable
 .text.z_impl_k_busy_wait
                0x0000000000004eaa        0x8 zephyr/kernel/libkernel.a(busy_wait.c.obj)
                0x0000000000004eaa                z_impl_k_busy_wait
 .text.do_device_init
                0x0000000000004eb2       0x30 zephyr/kernel/libkernel.a(device.c.obj)
                0x0000000000004eb2                do_device_init
 .text.z_impl_device_is_ready
                0x0000000000004ee2       0x16 zephyr/kernel/libkernel.a(device.c.obj)
                0x0000000000004ee2                z_impl_device_is_ready
 .text.arch_system_halt
                0x0000000000004ef8       0x10 zephyr/kernel/libkernel.a(fatal.c.obj)
                0x0000000000004ef8                arch_system_halt
 .text.k_sys_fatal_error_handler
                0x0000000000004f08        0x6 zephyr/kernel/libkernel.a(fatal.c.obj)
                0x0000000000004f08                k_sys_fatal_error_handler
 .text.create_free_list
                0x0000000000004f0e       0x34 zephyr/kernel/libkernel.a(mem_slab.c.obj)
 .text.k_mem_slab_init
                0x0000000000004f42       0x1c zephyr/kernel/libkernel.a(mem_slab.c.obj)
                0x0000000000004f42                k_mem_slab_init
 .text.k_mem_slab_free
                0x0000000000004f5e       0x70 zephyr/kernel/libkernel.a(mem_slab.c.obj)
                0x0000000000004f5e                k_mem_slab_free
 .text.idle     0x0000000000004fce       0x16 zephyr/kernel/libkernel.a(idle.c.obj)
                0x0000000000004fce                idle
 .text.adjust_owner_prio.isra.0
                0x0000000000004fe4       0x10 zephyr/kernel/libkernel.a(mutex.c.obj)
 .text.z_impl_k_mutex_init
                0x0000000000004ff4        0xe zephyr/kernel/libkernel.a(mutex.c.obj)
                0x0000000000004ff4                z_impl_k_mutex_init
 .text.k_is_in_isr
                0x0000000000005002        0xc zephyr/kernel/libkernel.a(thread.c.obj)
                0x0000000000005002                k_is_in_isr
 .text.sys_dlist_remove
                0x000000000000500e       0x10 zephyr/kernel/libkernel.a(sched.c.obj)
 .text.unpend_thread_no_timeout
                0x000000000000501e       0x14 zephyr/kernel/libkernel.a(sched.c.obj)
 .text.add_to_waitq_locked
                0x0000000000005032       0x50 zephyr/kernel/libkernel.a(sched.c.obj)
 .text.z_ready_thread
                0x0000000000005082       0x1e zephyr/kernel/libkernel.a(sched.c.obj)
                0x0000000000005082                z_ready_thread
 .text.z_sched_wake_thread
                0x00000000000050a0       0x3a zephyr/kernel/libkernel.a(sched.c.obj)
                0x00000000000050a0                z_sched_wake_thread
 .text.z_thread_timeout
                0x00000000000050da        0x8 zephyr/kernel/libkernel.a(sched.c.obj)
                0x00000000000050da                z_thread_timeout
 .text.z_impl_k_sleep
                0x00000000000050e2       0x4e zephyr/kernel/libkernel.a(sched.c.obj)
                0x00000000000050e2                z_impl_k_sleep
 .text.next_timeout
                0x0000000000005130       0x2e zephyr/kernel/libkernel.a(timeout.c.obj)
 .text.z_abort_timeout
                0x000000000000515e       0x50 zephyr/kernel/libkernel.a(timeout.c.obj)
                0x000000000000515e                z_abort_timeout
 .text.sys_clock_tick_get_32
                0x00000000000051ae        0x8 zephyr/kernel/libkernel.a(timeout.c.obj)
                0x00000000000051ae                sys_clock_tick_get_32
 .text.memcpy   0x00000000000051b6       0x1c c:\ncs\toolchains\66cdf9b75e\opt\zephyr-sdk\arm-zephyr-eabi\bin\../lib/gcc/../../picolibc/arm-zephyr-eabi/lib/thumb/v7e-m/nofp\libc.a(memcpy.c.o)
                0x00000000000051b6                __aeabi_memcpy
                0x00000000000051b6                __aeabi_memcpy4
                0x00000000000051b6                __aeabi_memcpy8
                0x00000000000051b6                memcpy
 .text.memset   0x00000000000051d2       0x10 c:\ncs\toolchains\66cdf9b75e\opt\zephyr-sdk\arm-zephyr-eabi\bin\../lib/gcc/../../picolibc/arm-zephyr-eabi/lib/thumb/v7e-m/nofp\libc.a(memset.c.o)
                0x00000000000051d2                memset
 .text.strncpy  0x00000000000051e2       0x20 c:\ncs\toolchains\66cdf9b75e\opt\zephyr-sdk\arm-zephyr-eabi\bin\../lib/gcc/../../picolibc/arm-zephyr-eabi/lib/thumb/v7e-m/nofp\libc.a(libc_string_strncpy.c.o)
                0x00000000000051e2                strncpy
 .text.strnlen  0x0000000000005202       0x18 c:\ncs\toolchains\66cdf9b75e\opt\zephyr-sdk\arm-zephyr-eabi\bin\../lib/gcc/../../picolibc/arm-zephyr-eabi/lib/thumb/v7e-m/nofp\libc.a(libc_string_strnlen.c.o)
                0x0000000000005202                strnlen
 .text.__ultoa_invert
                0x000000000000521a       0xae c:\ncs\toolchains\66cdf9b75e\opt\zephyr-sdk\arm-zephyr-eabi\bin\../lib/gcc/../../picolibc/arm-zephyr-eabi/lib/thumb/v7e-m/nofp\libc.a(libc_tinystdio_vflprintf.c.o)
 *(SORT_BY_ALIGNMENT(.TEXT.*))
 .TEXT.__aeabi_read_tp
                0x00000000000052c8        0xc zephyr/arch/arch/arm/core/cortex_m/libarch__arm__core__cortex_m.a(__aeabi_read_tp.S.obj)
                0x00000000000052c8                __aeabi_read_tp
 *(SORT_BY_ALIGNMENT(.gnu.linkonce.t.*))
 *(SORT_BY_ALIGNMENT(.glue_7t))
 .glue_7t       0x00000000000052d4        0x0 linker stubs
 *(SORT_BY_ALIGNMENT(.glue_7))
 .glue_7        0x00000000000052d4        0x0 linker stubs
 *(SORT_BY_ALIGNMENT(.vfp11_veneer))
 .vfp11_veneer  0x00000000000052d4        0x0 linker stubs
 *(SORT_BY_ALIGNMENT(.v4_bx))
 .v4_bx         0x00000000000052d4        0x0 linker stubs
                0x00000000000052d4                . = ALIGN (0x4)
                0x00000000000052d4                __text_region_end = .

.ARM.exidx      0x00000000000052d4        0x0
                0x00000000000052d4                __exidx_start = .
 *(SORT_BY_ALIGNMENT(.ARM.exidx*) SORT_BY_ALIGNMENT(gnu.linkonce.armexidx.*))
                0x00000000000052d4                __exidx_end = .
                0x00000000000052d4                __rodata_region_start = .

initlevel       0x00000000000052d4       0x60
                0x00000000000052d4                __init_start = .
                0x00000000000052d4                __init_EARLY_start = .
 *(SORT_BY_NAME(SORT_BY_ALIGNMENT(.z_init_EARLY_P_?_*)))
 *(SORT_BY_NAME(SORT_BY_ALIGNMENT(.z_init_EARLY_P_??_*)))
 *(SORT_BY_NAME(SORT_BY_ALIGNMENT(.z_init_EARLY_P_???_*)))
                0x00000000000052d4                __init_PRE_KERNEL_1_start = .
 *(SORT_BY_NAME(SORT_BY_ALIGNMENT(.z_init_PRE_KERNEL_1_P_?_*)))
 .z_init_PRE_KERNEL_1_P_0_SUB_0_
                0x00000000000052d4        0x8 zephyr/soc/soc/nrf52840/libsoc__nordic.a(soc.c.obj)
 .z_init_PRE_KERNEL_1_P_0_SUB_0_
                0x00000000000052dc        0x8 zephyr/soc/soc/nrf52840/libsoc__nordic.a(gppi_init.c.obj)
 *(SORT_BY_NAME(SORT_BY_ALIGNMENT(.z_init_PRE_KERNEL_1_P_??_*)))
 .z_init_PRE_KERNEL_1_P_30_SUB_00077_
                0x00000000000052e4        0x8 zephyr/drivers/clock_control/libdrivers__clock_control.a(clock_control_nrf.c.obj)
 .z_init_PRE_KERNEL_1_P_30_SUB_0_
                0x00000000000052ec        0x8 zephyr/kernel/libkernel.a(mem_slab.c.obj)
 .z_init_PRE_KERNEL_1_P_40_SUB_00011_
                0x00000000000052f4        0x8 zephyr/drivers/gpio/libdrivers__gpio.a(gpio_nrfx.c.obj)
 .z_init_PRE_KERNEL_1_P_40_SUB_00107_
                0x00000000000052fc        0x8 zephyr/drivers/gpio/libdrivers__gpio.a(gpio_nrfx.c.obj)
 .z_init_PRE_KERNEL_1_P_40_SUB_0_
                0x0000000000005304        0x8 modules/nrf/drivers/hw_cc3xx/lib..__nrf__drivers__hw_cc3xx.a(hw_cc3xx.c.obj)
 .z_init_PRE_KERNEL_1_P_50_SUB_00115_
                0x000000000000530c        0x8 zephyr/drivers/serial/libdrivers__serial.a(uart_nrfx_uarte.c.obj)
 .z_init_PRE_KERNEL_1_P_60_SUB_0_
                0x0000000000005314        0x8 zephyr/drivers/console/libdrivers__console.a(uart_console.c.obj)
 *(SORT_BY_NAME(SORT_BY_ALIGNMENT(.z_init_PRE_KERNEL_1_P_???_*)))
                0x000000000000531c                __init_PRE_KERNEL_2_start = .
 *(SORT_BY_NAME(SORT_BY_ALIGNMENT(.z_init_PRE_KERNEL_2_P_?_*)))
 .z_init_PRE_KERNEL_2_P_0_SUB_0_
                0x000000000000531c        0x8 zephyr/drivers/timer/libdrivers__timer.a(nrf_rtc_timer.c.obj)
 *(SORT_BY_NAME(SORT_BY_ALIGNMENT(.z_init_PRE_KERNEL_2_P_??_*)))
 *(SORT_BY_NAME(SORT_BY_ALIGNMENT(.z_init_PRE_KERNEL_2_P_???_*)))
                0x0000000000005324                __init_POST_KERNEL_start = .
 *(SORT_BY_NAME(SORT_BY_ALIGNMENT(.z_init_POST_KERNEL_P_?_*)))
 *(SORT_BY_NAME(SORT_BY_ALIGNMENT(.z_init_POST_KERNEL_P_??_*)))
 .z_init_POST_KERNEL_P_35_SUB_0_
                0x0000000000005324        0x8 zephyr/lib/libc/common/liblib__libc__common.a(malloc.c.obj)
 .z_init_POST_KERNEL_P_40_SUB_0_
                0x000000000000532c        0x8 modules/nrf/drivers/hw_cc3xx/lib..__nrf__drivers__hw_cc3xx.a(hw_cc3xx.c.obj)
 *(SORT_BY_NAME(SORT_BY_ALIGNMENT(.z_init_POST_KERNEL_P_???_*)))
                0x0000000000005334                __init_APPLICATION_start = .
 *(SORT_BY_NAME(SORT_BY_ALIGNMENT(.z_init_APPLICATION_P_?_*)))
 *(SORT_BY_NAME(SORT_BY_ALIGNMENT(.z_init_APPLICATION_P_??_*)))
 *(SORT_BY_NAME(SORT_BY_ALIGNMENT(.z_init_APPLICATION_P_???_*)))
                0x0000000000005334                __init_SMP_start = .
 *(SORT_BY_NAME(SORT_BY_ALIGNMENT(.z_init_SMP_P_?_*)))
 *(SORT_BY_NAME(SORT_BY_ALIGNMENT(.z_init_SMP_P_??_*)))
 *(SORT_BY_NAME(SORT_BY_ALIGNMENT(.z_init_SMP_P_???_*)))
                0x0000000000005334                __init_end = .

device_area     0x0000000000005334       0x80
                0x0000000000005334                _device_list_start = .
 *(SORT_BY_NAME(SORT_BY_ALIGNMENT(._device.static.*_?_*)))
 *(SORT_BY_NAME(SORT_BY_ALIGNMENT(._device.static.*_??_*)))
 ._device.static.1_30_
                0x0000000000005334       0x20 zephyr/drivers/clock_control/libdrivers__clock_control.a(clock_control_nrf.c.obj)
                0x0000000000005334                __device_dts_ord_77
 ._device.static.1_40_
                0x0000000000005354       0x40 zephyr/drivers/gpio/libdrivers__gpio.a(gpio_nrfx.c.obj)
                0x0000000000005354                __device_dts_ord_107
                0x0000000000005374                __device_dts_ord_11
 ._device.static.1_50_
                0x0000000000005394       0x20 zephyr/drivers/serial/libdrivers__serial.a(uart_nrfx_uarte.c.obj)
                0x0000000000005394                __device_dts_ord_115
 *(SORT_BY_NAME(SORT_BY_ALIGNMENT(._device.static.*_???_*)))
 *(SORT_BY_NAME(SORT_BY_ALIGNMENT(._device.static.*_????_*)))
 *(SORT_BY_NAME(SORT_BY_ALIGNMENT(._device.static.*_?????_*)))
                0x00000000000053b4                _device_list_end = .

sw_isr_table    0x00000000000053b4      0x180
                0x00000000000053b4                . = ALIGN (0x4)
 *(SORT_BY_ALIGNMENT(.gnu.linkonce.sw_isr_table*))
 .gnu.linkonce.sw_isr_table
                0x00000000000053b4      0x180 zephyr/CMakeFiles/zephyr_final.dir/isr_tables.c.obj
                0x00000000000053b4                _sw_isr_table

initlevel_error
                0x00000000000052d4        0x0
 *(SORT_BY_NAME(SORT_BY_ALIGNMENT(.z_init_*)))
                0x0000000000000001                ASSERT ((SIZEOF (initlevel_error) == 0x0), Undefined initialization levels used.)

app_shmem_regions
                0x0000000000005534        0x0
                0x0000000000005534                __app_shmem_regions_start = .
 *(SORT_BY_NAME(SORT_BY_ALIGNMENT(.app_regions.*)))
                0x0000000000005534                __app_shmem_regions_end = .

k_p4wq_initparam_area
                0x0000000000005534        0x0
                0x0000000000005534                _k_p4wq_initparam_list_start = .
 *(SORT_BY_NAME(SORT_BY_ALIGNMENT(._k_p4wq_initparam.static.*)))
                0x0000000000005534                _k_p4wq_initparam_list_end = .

_static_thread_data_area
                0x0000000000005534        0x0
                0x0000000000005534                __static_thread_data_list_start = .
 *(SORT_BY_NAME(SORT_BY_ALIGNMENT(.__static_thread_data.static.*)))
                0x0000000000005534                __static_thread_data_list_end = .

device_deps     0x0000000000005534        0x0
                0x0000000000005534                __device_deps_start = .
 *(SORT_BY_NAME(SORT_BY_ALIGNMENT(.__device_deps_pass2*)))
                0x0000000000005534                __device_deps_end = .

gpio_driver_api_area
                0x0000000000005534       0x24
                0x0000000000005534                _gpio_driver_api_list_start = .
 *(SORT_BY_NAME(SORT_BY_ALIGNMENT(._gpio_driver_api.static.*)))
 ._gpio_driver_api.static.gpio_nrfx_drv_api_funcs_
                0x0000000000005534       0x24 zephyr/drivers/gpio/libdrivers__gpio.a(gpio_nrfx.c.obj)
                0x0000000000005558                _gpio_driver_api_list_end = .

shared_irq_driver_api_area
                0x0000000000005558        0x0
                0x0000000000005558                _shared_irq_driver_api_list_start = .
 *(SORT_BY_NAME(SORT_BY_ALIGNMENT(._shared_irq_driver_api.static.*)))
                0x0000000000005558                _shared_irq_driver_api_list_end = .

crypto_driver_api_area
                0x0000000000005558        0x0
                0x0000000000005558                _crypto_driver_api_list_start = .
 *(SORT_BY_NAME(SORT_BY_ALIGNMENT(._crypto_driver_api.static.*)))
                0x0000000000005558                _crypto_driver_api_list_end = .

adc_driver_api_area
                0x0000000000005558        0x0
                0x0000000000005558                _adc_driver_api_list_start = .
 *(SORT_BY_NAME(SORT_BY_ALIGNMENT(._adc_driver_api.static.*)))
                0x0000000000005558                _adc_driver_api_list_end = .

auxdisplay_driver_api_area
                0x0000000000005558        0x0
                0x0000000000005558                _auxdisplay_driver_api_list_start = .
 *(SORT_BY_NAME(SORT_BY_ALIGNMENT(._auxdisplay_driver_api.static.*)))
                0x0000000000005558                _auxdisplay_driver_api_list_end = .

bbram_driver_api_area
                0x0000000000005558        0x0
                0x0000000000005558                _bbram_driver_api_list_start = .
 *(SORT_BY_NAME(SORT_BY_ALIGNMENT(._bbram_driver_api.static.*)))
                0x0000000000005558                _bbram_driver_api_list_end = .

bt_hci_driver_api_area
                0x0000000000005558        0x0
                0x0000000000005558                _bt_hci_driver_api_list_start = .
 *(SORT_BY_NAME(SORT_BY_ALIGNMENT(._bt_hci_driver_api.static.*)))
                0x0000000000005558                _bt_hci_driver_api_list_end = .

can_driver_api_area
                0x0000000000005558        0x0
                0x0000000000005558                _can_driver_api_list_start = .
 *(SORT_BY_NAME(SORT_BY_ALIGNMENT(._can_driver_api.static.*)))
                0x0000000000005558                _can_driver_api_list_end = .

cellular_driver_api_area
                0x0000000000005558        0x0
                0x0000000000005558                _cellular_driver_api_list_start = .
 *(SORT_BY_NAME(SORT_BY_ALIGNMENT(._cellular_driver_api.static.*)))
                0x0000000000005558                _cellular_driver_api_list_end = .

charger_driver_api_area
                0x0000000000005558        0x0
                0x0000000000005558                _charger_driver_api_list_start = .
 *(SORT_BY_NAME(SORT_BY_ALIGNMENT(._charger_driver_api.static.*)))
                0x0000000000005558                _charger_driver_api_list_end = .

clock_control_driver_api_area
                0x0000000000005558       0x1c
                0x0000000000005558                _clock_control_driver_api_list_start = .
 *(SORT_BY_NAME(SORT_BY_ALIGNMENT(._clock_control_driver_api.static.*)))
 ._clock_control_driver_api.static.clock_control_api_
                0x0000000000005558       0x1c zephyr/drivers/clock_control/libdrivers__clock_control.a(clock_control_nrf.c.obj)
                0x0000000000005574                _clock_control_driver_api_list_end = .

comparator_driver_api_area
                0x0000000000005574        0x0
                0x0000000000005574                _comparator_driver_api_list_start = .
 *(SORT_BY_NAME(SORT_BY_ALIGNMENT(._comparator_driver_api.static.*)))
                0x0000000000005574                _comparator_driver_api_list_end = .

coredump_driver_api_area
                0x0000000000005574        0x0
                0x0000000000005574                _coredump_driver_api_list_start = .
 *(SORT_BY_NAME(SORT_BY_ALIGNMENT(._coredump_driver_api.static.*)))
                0x0000000000005574                _coredump_driver_api_list_end = .

counter_driver_api_area
                0x0000000000005574        0x0
                0x0000000000005574                _counter_driver_api_list_start = .
 *(SORT_BY_NAME(SORT_BY_ALIGNMENT(._counter_driver_api.static.*)))
                0x0000000000005574                _counter_driver_api_list_end = .

crc_driver_api_area
                0x0000000000005574        0x0
                0x0000000000005574                _crc_driver_api_list_start = .
 *(SORT_BY_NAME(SORT_BY_ALIGNMENT(._crc_driver_api.static.*)))
                0x0000000000005574                _crc_driver_api_list_end = .

dac_driver_api_area
                0x0000000000005574        0x0
                0x0000000000005574                _dac_driver_api_list_start = .
 *(SORT_BY_NAME(SORT_BY_ALIGNMENT(._dac_driver_api.static.*)))
                0x0000000000005574                _dac_driver_api_list_end = .

dai_driver_api_area
                0x0000000000005574        0x0
                0x0000000000005574                _dai_driver_api_list_start = .
 *(SORT_BY_NAME(SORT_BY_ALIGNMENT(._dai_driver_api.static.*)))
                0x0000000000005574                _dai_driver_api_list_end = .

display_driver_api_area
                0x0000000000005574        0x0
                0x0000000000005574                _display_driver_api_list_start = .
 *(SORT_BY_NAME(SORT_BY_ALIGNMENT(._display_driver_api.static.*)))
                0x0000000000005574                _display_driver_api_list_end = .

dma_driver_api_area
                0x0000000000005574        0x0
                0x0000000000005574                _dma_driver_api_list_start = .
 *(SORT_BY_NAME(SORT_BY_ALIGNMENT(._dma_driver_api.static.*)))
                0x0000000000005574                _dma_driver_api_list_end = .

edac_driver_api_area
                0x0000000000005574        0x0
                0x0000000000005574                _edac_driver_api_list_start = .
 *(SORT_BY_NAME(SORT_BY_ALIGNMENT(._edac_driver_api.static.*)))
                0x0000000000005574                _edac_driver_api_list_end = .

eeprom_driver_api_area
                0x0000000000005574        0x0
                0x0000000000005574                _eeprom_driver_api_list_start = .
 *(SORT_BY_NAME(SORT_BY_ALIGNMENT(._eeprom_driver_api.static.*)))
                0x0000000000005574                _eeprom_driver_api_list_end = .

emul_bbram_driver_api_area
                0x0000000000005574        0x0
                0x0000000000005574                _emul_bbram_driver_api_list_start = .
 *(SORT_BY_NAME(SORT_BY_ALIGNMENT(._emul_bbram_driver_api.static.*)))
                0x0000000000005574                _emul_bbram_driver_api_list_end = .

fuel_gauge_emul_driver_api_area
                0x0000000000005574        0x0
                0x0000000000005574                _fuel_gauge_emul_driver_api_list_start = .
 *(SORT_BY_NAME(SORT_BY_ALIGNMENT(._fuel_gauge_emul_driver_api.static.*)))
                0x0000000000005574                _fuel_gauge_emul_driver_api_list_end = .

emul_sensor_driver_api_area
                0x0000000000005574        0x0
                0x0000000000005574                _emul_sensor_driver_api_list_start = .
 *(SORT_BY_NAME(SORT_BY_ALIGNMENT(._emul_sensor_driver_api.static.*)))
                0x0000000000005574                _emul_sensor_driver_api_list_end = .

entropy_driver_api_area
                0x0000000000005574        0x0
                0x0000000000005574                _entropy_driver_api_list_start = .
 *(SORT_BY_NAME(SORT_BY_ALIGNMENT(._entropy_driver_api.static.*)))
                0x0000000000005574                _entropy_driver_api_list_end = .

espi_driver_api_area
                0x0000000000005574        0x0
                0x0000000000005574                _espi_driver_api_list_start = .
 *(SORT_BY_NAME(SORT_BY_ALIGNMENT(._espi_driver_api.static.*)))
                0x0000000000005574                _espi_driver_api_list_end = .

espi_saf_driver_api_area
                0x0000000000005574        0x0
                0x0000000000005574                _espi_saf_driver_api_list_start = .
 *(SORT_BY_NAME(SORT_BY_ALIGNMENT(._espi_saf_driver_api.static.*)))
                0x0000000000005574                _espi_saf_driver_api_list_end = .

flash_driver_api_area
                0x0000000000005574        0x0
                0x0000000000005574                _flash_driver_api_list_start = .
 *(SORT_BY_NAME(SORT_BY_ALIGNMENT(._flash_driver_api.static.*)))
                0x0000000000005574                _flash_driver_api_list_end = .

fpga_driver_api_area
                0x0000000000005574        0x0
                0x0000000000005574                _fpga_driver_api_list_start = .
 *(SORT_BY_NAME(SORT_BY_ALIGNMENT(._fpga_driver_api.static.*)))
                0x0000000000005574                _fpga_driver_api_list_end = .

fuel_gauge_driver_api_area
                0x0000000000005574        0x0
                0x0000000000005574                _fuel_gauge_driver_api_list_start = .
 *(SORT_BY_NAME(SORT_BY_ALIGNMENT(._fuel_gauge_driver_api.static.*)))
                0x0000000000005574                _fuel_gauge_driver_api_list_end = .

gnss_driver_api_area
                0x0000000000005574        0x0
                0x0000000000005574                _gnss_driver_api_list_start = .
 *(SORT_BY_NAME(SORT_BY_ALIGNMENT(._gnss_driver_api.static.*)))
                0x0000000000005574                _gnss_driver_api_list_end = .

haptics_driver_api_area
                0x0000000000005574        0x0
                0x0000000000005574                _haptics_driver_api_list_start = .
 *(SORT_BY_NAME(SORT_BY_ALIGNMENT(._haptics_driver_api.static.*)))
                0x0000000000005574                _haptics_driver_api_list_end = .

hwspinlock_driver_api_area
                0x0000000000005574        0x0
                0x0000000000005574                _hwspinlock_driver_api_list_start = .
 *(SORT_BY_NAME(SORT_BY_ALIGNMENT(._hwspinlock_driver_api.static.*)))
                0x0000000000005574                _hwspinlock_driver_api_list_end = .

i2c_driver_api_area
                0x0000000000005574        0x0
                0x0000000000005574                _i2c_driver_api_list_start = .
 *(SORT_BY_NAME(SORT_BY_ALIGNMENT(._i2c_driver_api.static.*)))
                0x0000000000005574                _i2c_driver_api_list_end = .

i2c_target_driver_api_area
                0x0000000000005574        0x0
                0x0000000000005574                _i2c_target_driver_api_list_start = .
 *(SORT_BY_NAME(SORT_BY_ALIGNMENT(._i2c_target_driver_api.static.*)))
                0x0000000000005574                _i2c_target_driver_api_list_end = .

i2s_driver_api_area
                0x0000000000005574        0x0
                0x0000000000005574                _i2s_driver_api_list_start = .
 *(SORT_BY_NAME(SORT_BY_ALIGNMENT(._i2s_driver_api.static.*)))
                0x0000000000005574                _i2s_driver_api_list_end = .

i3c_driver_api_area
                0x0000000000005574        0x0
                0x0000000000005574                _i3c_driver_api_list_start = .
 *(SORT_BY_NAME(SORT_BY_ALIGNMENT(._i3c_driver_api.static.*)))
                0x0000000000005574                _i3c_driver_api_list_end = .

ipm_driver_api_area
                0x0000000000005574        0x0
                0x0000000000005574                _ipm_driver_api_list_start = .
 *(SORT_BY_NAME(SORT_BY_ALIGNMENT(._ipm_driver_api.static.*)))
                0x0000000000005574                _ipm_driver_api_list_end = .

led_driver_api_area
                0x0000000000005574        0x0
                0x0000000000005574                _led_driver_api_list_start = .
 *(SORT_BY_NAME(SORT_BY_ALIGNMENT(._led_driver_api.static.*)))
                0x0000000000005574                _led_driver_api_list_end = .

led_strip_driver_api_area
                0x0000000000005574        0x0
                0x0000000000005574                _led_strip_driver_api_list_start = .
 *(SORT_BY_NAME(SORT_BY_ALIGNMENT(._led_strip_driver_api.static.*)))
                0x0000000000005574                _led_strip_driver_api_list_end = .

lora_driver_api_area
                0x0000000000005574        0x0
                0x0000000000005574                _lora_driver_api_list_start = .
 *(SORT_BY_NAME(SORT_BY_ALIGNMENT(._lora_driver_api.static.*)))
                0x0000000000005574                _lora_driver_api_list_end = .

mbox_driver_api_area
                0x0000000000005574        0x0
                0x0000000000005574                _mbox_driver_api_list_start = .
 *(SORT_BY_NAME(SORT_BY_ALIGNMENT(._mbox_driver_api.static.*)))
                0x0000000000005574                _mbox_driver_api_list_end = .

mdio_driver_api_area
                0x0000000000005574        0x0
                0x0000000000005574                _mdio_driver_api_list_start = .
 *(SORT_BY_NAME(SORT_BY_ALIGNMENT(._mdio_driver_api.static.*)))
                0x0000000000005574                _mdio_driver_api_list_end = .

mipi_dbi_driver_api_area
                0x0000000000005574        0x0
                0x0000000000005574                _mipi_dbi_driver_api_list_start = .
 *(SORT_BY_NAME(SORT_BY_ALIGNMENT(._mipi_dbi_driver_api.static.*)))
                0x0000000000005574                _mipi_dbi_driver_api_list_end = .

mipi_dsi_driver_api_area
                0x0000000000005574        0x0
                0x0000000000005574                _mipi_dsi_driver_api_list_start = .
 *(SORT_BY_NAME(SORT_BY_ALIGNMENT(._mipi_dsi_driver_api.static.*)))
                0x0000000000005574                _mipi_dsi_driver_api_list_end = .

mspi_driver_api_area
                0x0000000000005574        0x0
                0x0000000000005574                _mspi_driver_api_list_start = .
 *(SORT_BY_NAME(SORT_BY_ALIGNMENT(._mspi_driver_api.static.*)))
                0x0000000000005574                _mspi_driver_api_list_end = .

peci_driver_api_area
                0x0000000000005574        0x0
                0x0000000000005574                _peci_driver_api_list_start = .
 *(SORT_BY_NAME(SORT_BY_ALIGNMENT(._peci_driver_api.static.*)))
                0x0000000000005574                _peci_driver_api_list_end = .

ps2_driver_api_area
                0x0000000000005574        0x0
                0x0000000000005574                _ps2_driver_api_list_start = .
 *(SORT_BY_NAME(SORT_BY_ALIGNMENT(._ps2_driver_api.static.*)))
                0x0000000000005574                _ps2_driver_api_list_end = .

ptp_clock_driver_api_area
                0x0000000000005574        0x0
                0x0000000000005574                _ptp_clock_driver_api_list_start = .
 *(SORT_BY_NAME(SORT_BY_ALIGNMENT(._ptp_clock_driver_api.static.*)))
                0x0000000000005574                _ptp_clock_driver_api_list_end = .

pwm_driver_api_area
                0x0000000000005574        0x0
                0x0000000000005574                _pwm_driver_api_list_start = .
 *(SORT_BY_NAME(SORT_BY_ALIGNMENT(._pwm_driver_api.static.*)))
                0x0000000000005574                _pwm_driver_api_list_end = .

regulator_parent_driver_api_area
                0x0000000000005574        0x0
                0x0000000000005574                _regulator_parent_driver_api_list_start = .
 *(SORT_BY_NAME(SORT_BY_ALIGNMENT(._regulator_parent_driver_api.static.*)))
                0x0000000000005574                _regulator_parent_driver_api_list_end = .

regulator_driver_api_area
                0x0000000000005574        0x0
                0x0000000000005574                _regulator_driver_api_list_start = .
 *(SORT_BY_NAME(SORT_BY_ALIGNMENT(._regulator_driver_api.static.*)))
                0x0000000000005574                _regulator_driver_api_list_end = .

reset_driver_api_area
                0x0000000000005574        0x0
                0x0000000000005574                _reset_driver_api_list_start = .
 *(SORT_BY_NAME(SORT_BY_ALIGNMENT(._reset_driver_api.static.*)))
                0x0000000000005574                _reset_driver_api_list_end = .

retained_mem_driver_api_area
                0x0000000000005574        0x0
                0x0000000000005574                _retained_mem_driver_api_list_start = .
 *(SORT_BY_NAME(SORT_BY_ALIGNMENT(._retained_mem_driver_api.static.*)))
                0x0000000000005574                _retained_mem_driver_api_list_end = .

rtc_driver_api_area
                0x0000000000005574        0x0
                0x0000000000005574                _rtc_driver_api_list_start = .
 *(SORT_BY_NAME(SORT_BY_ALIGNMENT(._rtc_driver_api.static.*)))
                0x0000000000005574                _rtc_driver_api_list_end = .

sdhc_driver_api_area
                0x0000000000005574        0x0
                0x0000000000005574                _sdhc_driver_api_list_start = .
 *(SORT_BY_NAME(SORT_BY_ALIGNMENT(._sdhc_driver_api.static.*)))
                0x0000000000005574                _sdhc_driver_api_list_end = .

sensor_driver_api_area
                0x0000000000005574        0x0
                0x0000000000005574                _sensor_driver_api_list_start = .
 *(SORT_BY_NAME(SORT_BY_ALIGNMENT(._sensor_driver_api.static.*)))
                0x0000000000005574                _sensor_driver_api_list_end = .

smbus_driver_api_area
                0x0000000000005574        0x0
                0x0000000000005574                _smbus_driver_api_list_start = .
 *(SORT_BY_NAME(SORT_BY_ALIGNMENT(._smbus_driver_api.static.*)))
                0x0000000000005574                _smbus_driver_api_list_end = .

spi_driver_api_area
                0x0000000000005574        0x0
                0x0000000000005574                _spi_driver_api_list_start = .
 *(SORT_BY_NAME(SORT_BY_ALIGNMENT(._spi_driver_api.static.*)))
                0x0000000000005574                _spi_driver_api_list_end = .

stepper_driver_api_area
                0x0000000000005574        0x0
                0x0000000000005574                _stepper_driver_api_list_start = .
 *(SORT_BY_NAME(SORT_BY_ALIGNMENT(._stepper_driver_api.static.*)))
                0x0000000000005574                _stepper_driver_api_list_end = .

syscon_driver_api_area
                0x0000000000005574        0x0
                0x0000000000005574                _syscon_driver_api_list_start = .
 *(SORT_BY_NAME(SORT_BY_ALIGNMENT(._syscon_driver_api.static.*)))
                0x0000000000005574                _syscon_driver_api_list_end = .

tee_driver_api_area
                0x0000000000005574        0x0
                0x0000000000005574                _tee_driver_api_list_start = .
 *(SORT_BY_NAME(SORT_BY_ALIGNMENT(._tee_driver_api.static.*)))
                0x0000000000005574                _tee_driver_api_list_end = .

video_driver_api_area
                0x0000000000005574        0x0
                0x0000000000005574                _video_driver_api_list_start = .
 *(SORT_BY_NAME(SORT_BY_ALIGNMENT(._video_driver_api.static.*)))
                0x0000000000005574                _video_driver_api_list_end = .

virtio_driver_api_area
                0x0000000000005574        0x0
                0x0000000000005574                _virtio_driver_api_list_start = .
 *(SORT_BY_NAME(SORT_BY_ALIGNMENT(._virtio_driver_api.static.*)))
                0x0000000000005574                _virtio_driver_api_list_end = .

w1_driver_api_area
                0x0000000000005574        0x0
                0x0000000000005574                _w1_driver_api_list_start = .
 *(SORT_BY_NAME(SORT_BY_ALIGNMENT(._w1_driver_api.static.*)))
                0x0000000000005574                _w1_driver_api_list_end = .

wdt_driver_api_area
                0x0000000000005574        0x0
                0x0000000000005574                _wdt_driver_api_list_start = .
 *(SORT_BY_NAME(SORT_BY_ALIGNMENT(._wdt_driver_api.static.*)))
                0x0000000000005574                _wdt_driver_api_list_end = .

can_transceiver_driver_api_area
                0x0000000000005574        0x0
                0x0000000000005574                _can_transceiver_driver_api_list_start = .
 *(SORT_BY_NAME(SORT_BY_ALIGNMENT(._can_transceiver_driver_api.static.*)))
                0x0000000000005574                _can_transceiver_driver_api_list_end = .

nrf_clock_control_driver_api_area
                0x0000000000005574        0x0
                0x0000000000005574                _nrf_clock_control_driver_api_list_start = .
 *(SORT_BY_NAME(SORT_BY_ALIGNMENT(._nrf_clock_control_driver_api.static.*)))
                0x0000000000005574                _nrf_clock_control_driver_api_list_end = .

i3c_target_driver_api_area
                0x0000000000005574        0x0
                0x0000000000005574                _i3c_target_driver_api_list_start = .
 *(SORT_BY_NAME(SORT_BY_ALIGNMENT(._i3c_target_driver_api.static.*)))
                0x0000000000005574                _i3c_target_driver_api_list_end = .

its_driver_api_area
                0x0000000000005574        0x0
                0x0000000000005574                _its_driver_api_list_start = .
 *(SORT_BY_NAME(SORT_BY_ALIGNMENT(._its_driver_api.static.*)))
                0x0000000000005574                _its_driver_api_list_end = .

vtd_driver_api_area
                0x0000000000005574        0x0
                0x0000000000005574                _vtd_driver_api_list_start = .
 *(SORT_BY_NAME(SORT_BY_ALIGNMENT(._vtd_driver_api.static.*)))
                0x0000000000005574                _vtd_driver_api_list_end = .

renesas_elc_driver_api_area
                0x0000000000005574        0x0
                0x0000000000005574                _renesas_elc_driver_api_list_start = .
 *(SORT_BY_NAME(SORT_BY_ALIGNMENT(._renesas_elc_driver_api.static.*)))
                0x0000000000005574                _renesas_elc_driver_api_list_end = .

tgpio_driver_api_area
                0x0000000000005574        0x0
                0x0000000000005574                _tgpio_driver_api_list_start = .
 *(SORT_BY_NAME(SORT_BY_ALIGNMENT(._tgpio_driver_api.static.*)))
                0x0000000000005574                _tgpio_driver_api_list_end = .

pcie_ctrl_driver_api_area
                0x0000000000005574        0x0
                0x0000000000005574                _pcie_ctrl_driver_api_list_start = .
 *(SORT_BY_NAME(SORT_BY_ALIGNMENT(._pcie_ctrl_driver_api.static.*)))
                0x0000000000005574                _pcie_ctrl_driver_api_list_end = .

pcie_ep_driver_api_area
                0x0000000000005574        0x0
                0x0000000000005574                _pcie_ep_driver_api_list_start = .
 *(SORT_BY_NAME(SORT_BY_ALIGNMENT(._pcie_ep_driver_api.static.*)))
                0x0000000000005574                _pcie_ep_driver_api_list_end = .

psi5_driver_api_area
                0x0000000000005574        0x0
                0x0000000000005574                _psi5_driver_api_list_start = .
 *(SORT_BY_NAME(SORT_BY_ALIGNMENT(._psi5_driver_api.static.*)))
                0x0000000000005574                _psi5_driver_api_list_end = .

sent_driver_api_area
                0x0000000000005574        0x0
                0x0000000000005574                _sent_driver_api_list_start = .
 *(SORT_BY_NAME(SORT_BY_ALIGNMENT(._sent_driver_api.static.*)))
                0x0000000000005574                _sent_driver_api_list_end = .

svc_driver_api_area
                0x0000000000005574        0x0
                0x0000000000005574                _svc_driver_api_list_start = .
 *(SORT_BY_NAME(SORT_BY_ALIGNMENT(._svc_driver_api.static.*)))
                0x0000000000005574                _svc_driver_api_list_end = .

uart_driver_api_area
                0x0000000000005574        0xc
                0x0000000000005574                _uart_driver_api_list_start = .
 *(SORT_BY_NAME(SORT_BY_ALIGNMENT(._uart_driver_api.static.*)))
 ._uart_driver_api.static.uart_nrfx_uarte_driver_api_
                0x0000000000005574        0xc zephyr/drivers/serial/libdrivers__serial.a(uart_nrfx_uarte.c.obj)
                0x0000000000005580                _uart_driver_api_list_end = .

bc12_emul_driver_api_area
                0x0000000000005580        0x0
                0x0000000000005580                _bc12_emul_driver_api_list_start = .
 *(SORT_BY_NAME(SORT_BY_ALIGNMENT(._bc12_emul_driver_api.static.*)))
                0x0000000000005580                _bc12_emul_driver_api_list_end = .

bc12_driver_api_area
                0x0000000000005580        0x0
                0x0000000000005580                _bc12_driver_api_list_start = .
 *(SORT_BY_NAME(SORT_BY_ALIGNMENT(._bc12_driver_api.static.*)))
                0x0000000000005580                _bc12_driver_api_list_end = .

usbc_ppc_driver_api_area
                0x0000000000005580        0x0
                0x0000000000005580                _usbc_ppc_driver_api_list_start = .
 *(SORT_BY_NAME(SORT_BY_ALIGNMENT(._usbc_ppc_driver_api.static.*)))
                0x0000000000005580                _usbc_ppc_driver_api_list_end = .

tcpc_driver_api_area
                0x0000000000005580        0x0
                0x0000000000005580                _tcpc_driver_api_list_start = .
 *(SORT_BY_NAME(SORT_BY_ALIGNMENT(._tcpc_driver_api.static.*)))
                0x0000000000005580                _tcpc_driver_api_list_end = .

usbc_vbus_driver_api_area
                0x0000000000005580        0x0
                0x0000000000005580                _usbc_vbus_driver_api_list_start = .
 *(SORT_BY_NAME(SORT_BY_ALIGNMENT(._usbc_vbus_driver_api.static.*)))
                0x0000000000005580                _usbc_vbus_driver_api_list_end = .

ivshmem_driver_api_area
                0x0000000000005580        0x0
                0x0000000000005580                _ivshmem_driver_api_list_start = .
 *(SORT_BY_NAME(SORT_BY_ALIGNMENT(._ivshmem_driver_api.static.*)))
                0x0000000000005580                _ivshmem_driver_api_list_end = .

ethphy_driver_api_area
                0x0000000000005580        0x0
                0x0000000000005580                _ethphy_driver_api_list_start = .
 *(SORT_BY_NAME(SORT_BY_ALIGNMENT(._ethphy_driver_api.static.*)))
                0x0000000000005580                _ethphy_driver_api_list_end = .

ztest           0x0000000000005580        0x0
                0x0000000000005580                _ztest_expected_result_entry_list_start = .
 *(SORT_BY_NAME(SORT_BY_ALIGNMENT(._ztest_expected_result_entry.static.*)))
                0x0000000000005580                _ztest_expected_result_entry_list_end = .
                0x0000000000005580                _ztest_suite_node_list_start = .
 *(SORT_BY_NAME(SORT_BY_ALIGNMENT(._ztest_suite_node.static.*)))
                0x0000000000005580                _ztest_suite_node_list_end = .
                0x0000000000005580                _ztest_unit_test_list_start = .
 *(SORT_BY_NAME(SORT_BY_ALIGNMENT(._ztest_unit_test.static.*)))
                0x0000000000005580                _ztest_unit_test_list_end = .
                0x0000000000005580                _ztest_test_rule_list_start = .
 *(SORT_BY_NAME(SORT_BY_ALIGNMENT(._ztest_test_rule.static.*)))
                0x0000000000005580                _ztest_test_rule_list_end = .

init_array      0x0000000000005580        0x0
                0x0000000000005580                __zephyr_init_array_start = .
 *(SORT_BY_INIT_PRIORITY(.init_array.*) SORT_BY_INIT_PRIORITY(.ctors.*))
 *(SORT_BY_ALIGNMENT(.init_array) SORT_BY_ALIGNMENT(.ctors))
                0x0000000000005580                __zephyr_init_array_end = .
                0x0000000000000001                ASSERT ((__zephyr_init_array_start == __zephyr_init_array_end), GNU-style constructors required but STATIC_INIT_GNU not enabled)

bt_l2cap_fixed_chan_area
                0x0000000000005580        0x0
                0x0000000000005580                _bt_l2cap_fixed_chan_list_start = .
 *(SORT_BY_NAME(SORT_BY_ALIGNMENT(._bt_l2cap_fixed_chan.static.*)))
                0x0000000000005580                _bt_l2cap_fixed_chan_list_end = .

bt_gatt_service_static_area
                0x0000000000005580        0x0
                0x0000000000005580                _bt_gatt_service_static_list_start = .
 *(SORT_BY_NAME(SORT_BY_ALIGNMENT(._bt_gatt_service_static.static.*)))
                0x0000000000005580                _bt_gatt_service_static_list_end = .

log_strings_area
                0x0000000000005580        0x0
                0x0000000000005580                _log_strings_list_start = .
 *(SORT_BY_NAME(SORT_BY_ALIGNMENT(._log_strings.static.*)))
                0x0000000000005580                _log_strings_list_end = .

log_stmesp_ptr_area
                0x0000000000005580        0x0
                0x0000000000005580                _log_stmesp_ptr_list_start = .
 *(SORT_BY_NAME(SORT_BY_ALIGNMENT(._log_stmesp_ptr.static.*)))
                0x0000000000005580                _log_stmesp_ptr_list_end = .

log_stmesp_str_area