Archive member included to satisfy reference by file (symbol)

app/libapp.a(main.c.obj)      (--whole-archive)
app/libapp.a(myfunction.c.obj)
                              (--whole-archive)
zephyr/libzephyr.a(validate_libc.c.obj)
                              (--whole-archive)
zephyr/libzephyr.a(heap.c.obj)
                              (--whole-archive)
zephyr/libzephyr.a(cbprintf_packaged.c.obj)
                              (--whole-archive)
zephyr/libzephyr.a(clock.c.obj)
                              (--whole-archive)
zephyr/libzephyr.a(printk.c.obj)
                              (--whole-archive)
zephyr/libzephyr.a(sem.c.obj)
                              (--whole-archive)
zephyr/libzephyr.a(thread_entry.c.obj)
                              (--whole-archive)
zephyr/libzephyr.a(cbprintf_complete.c.obj)
                              (--whole-archive)
zephyr/libzephyr.a(assert.c.obj)
                              (--whole-archive)
zephyr/libzephyr.a(dec.c.obj)
                              (--whole-archive)
zephyr/libzephyr.a(hex.c.obj)
                              (--whole-archive)
zephyr/libzephyr.a(rb.c.obj)  (--whole-archive)
zephyr/libzephyr.a(timeutil.c.obj)
                              (--whole-archive)
zephyr/libzephyr.a(bitarray.c.obj)
                              (--whole-archive)
zephyr/libzephyr.a(bitmask.c.obj)
                              (--whole-archive)
zephyr/libzephyr.a(onoff.c.obj)
                              (--whole-archive)
zephyr/libzephyr.a(notify.c.obj)
                              (--whole-archive)
zephyr/libzephyr.a(ring_buffer.c.obj)
                              (--whole-archive)
zephyr/libzephyr.a(last_section_id.c.obj)
                              (--whole-archive)
zephyr/libzephyr.a(configs.c.obj)
                              (--whole-archive)
zephyr/libzephyr.a(thread_info.c.obj)
                              (--whole-archive)
zephyr/libzephyr.a(mem_attr.c.obj)
                              (--whole-archive)
zephyr/libzephyr.a(tracing_none.c.obj)
                              (--whole-archive)
zephyr/libzephyr.a(banner.c.obj)
                              (--whole-archive)
zephyr/libzephyr.a(flash_map_partition_manager.c.obj)
                              (--whole-archive)
zephyr/libzephyr.a(nrf_cc3xx_platform_abort_zephyr.c.obj)
                              (--whole-archive)
zephyr/libzephyr.a(nrf_cc3xx_platform_mutex_zephyr.c.obj)
                              (--whole-archive)
zephyr/arch/common/libarch__common.a(sw_isr_common.c.obj)
                              (--whole-archive)
zephyr/arch/common/libarch__common.a(init.c.obj)
                              (--whole-archive)
zephyr/arch/common/libarch__common.a(xip.c.obj)
                              (--whole-archive)
zephyr/arch/arch/arm/core/libarch__arm__core.a(fatal.c.obj)
                              (--whole-archive)
zephyr/arch/arch/arm/core/libarch__arm__core.a(nmi.c.obj)
                              (--whole-archive)
zephyr/arch/arch/arm/core/libarch__arm__core.a(nmi_on_reset.S.obj)
                              (--whole-archive)
zephyr/arch/arch/arm/core/libarch__arm__core.a(tls.c.obj)
                              (--whole-archive)
zephyr/arch/arch/arm/core/cortex_m/libarch__arm__core__cortex_m.a(exc_exit.c.obj)
                              (--whole-archive)
zephyr/arch/arch/arm/core/cortex_m/libarch__arm__core__cortex_m.a(fault.c.obj)
                              (--whole-archive)
zephyr/arch/arch/arm/core/cortex_m/libarch__arm__core__cortex_m.a(fault_s.S.obj)
                              (--whole-archive)
zephyr/arch/arch/arm/core/cortex_m/libarch__arm__core__cortex_m.a(fpu.c.obj)
                              (--whole-archive)
zephyr/arch/arch/arm/core/cortex_m/libarch__arm__core__cortex_m.a(reset.S.obj)
                              (--whole-archive)
zephyr/arch/arch/arm/core/cortex_m/libarch__arm__core__cortex_m.a(scb.c.obj)
                              (--whole-archive)
zephyr/arch/arch/arm/core/cortex_m/libarch__arm__core__cortex_m.a(thread_abort.c.obj)
                              (--whole-archive)
zephyr/arch/arch/arm/core/cortex_m/libarch__arm__core__cortex_m.a(vector_table.S.obj)
                              (--whole-archive)
zephyr/arch/arch/arm/core/cortex_m/libarch__arm__core__cortex_m.a(swap_helper.S.obj)
                              (--whole-archive)
zephyr/arch/arch/arm/core/cortex_m/libarch__arm__core__cortex_m.a(irq_manage.c.obj)
                              (--whole-archive)
zephyr/arch/arch/arm/core/cortex_m/libarch__arm__core__cortex_m.a(prep_c.c.obj)
                              (--whole-archive)
zephyr/arch/arch/arm/core/cortex_m/libarch__arm__core__cortex_m.a(thread.c.obj)
                              (--whole-archive)
zephyr/arch/arch/arm/core/cortex_m/libarch__arm__core__cortex_m.a(cpu_idle.c.obj)
                              (--whole-archive)
zephyr/arch/arch/arm/core/cortex_m/libarch__arm__core__cortex_m.a(irq_init.c.obj)
[...]
Memory Configuration

Name             Origin             Length             Attributes
FLASH            0x0000000000000000 0x0000000000100000 xr
RAM              0x0000000020000000 0x0000000000040000 xw
IDT_LIST         0x00000000ffff7fff 0x0000000000008000 xw
*default*        0x0000000000000000 0xffffffffffffffff

Linker script and memory map

                0x0000000000003ac4                vfprintf = __l_vfprintf
                0x0000000000000000                vfscanf = __l_vfscanf
LOAD zephyr/CMakeFiles/zephyr_final.dir/misc/empty_file.c.obj
LOAD zephyr/CMakeFiles/zephyr_final.dir/isr_tables.c.obj
LOAD zephyr/CMakeFiles/offsets.dir/./arch/arm/core/offsets/offsets.c.obj
LOAD app/libapp.a
LOAD zephyr/libzephyr.a
LOAD zephyr/arch/common/libarch__common.a
LOAD zephyr/arch/arch/arm/core/libarch__arm__core.a
LOAD zephyr/arch/arch/arm/core/cortex_m/libarch__arm__core__cortex_m.a
LOAD zephyr/arch/arch/arm/core/mpu/libarch__arm__core__mpu.a
LOAD zephyr/lib/libc/picolibc/liblib__libc__picolibc.a
LOAD zephyr/lib/libc/common/liblib__libc__common.a
LOAD zephyr/soc/soc/nrf52840/libsoc__nordic.a
LOAD zephyr/drivers/clock_control/libdrivers__clock_control.a
LOAD zephyr/drivers/console/libdrivers__console.a
LOAD zephyr/drivers/gpio/libdrivers__gpio.a
LOAD zephyr/drivers/pinctrl/libdrivers__pinctrl.a
LOAD zephyr/drivers/serial/libdrivers__serial.a
LOAD zephyr/drivers/timer/libdrivers__timer.a
LOAD modules/nrf/drivers/hw_cc3xx/lib..__nrf__drivers__hw_cc3xx.a
LOAD modules/hal_nordic/modules/hal_nordic/nrfx/libmodules__hal_nordic__nrfx.a
LOAD zephyr/kernel/libkernel.a
LOAD zephyr/arch/common/libisr_tables.a
LOAD C:/ncs/v3.2.0/nrfxlib/crypto/nrf_cc310_platform/lib/cortex-m4/soft-float/no-interrupts/libnrf_cc310_platform_0.9.19.a
LOAD c:\ncs\toolchains\66cdf9b75e\opt\zephyr-sdk\arm-zephyr-eabi\bin\../lib/gcc/../../picolibc/arm-zephyr-eabi/lib/thumb/v7e-m/nofp\libc.a
LOAD c:/ncs/toolchains/66cdf9b75e/opt/zephyr-sdk/arm-zephyr-eabi/bin/../lib/gcc/arm-zephyr-eabi/12.2.0/thumb/v7e-m/nofp\libgcc.a
                0x0000000000000020                _region_min_align = 0x20

.rel.plt        0x0000000000000000        0x0
 *(SORT_BY_ALIGNMENT(.rel.plt))
                [!provide]                        PROVIDE (__rel_iplt_start = .)
 *(SORT_BY_ALIGNMENT(.rel.iplt))
 .rel.iplt      0x0000000000000000        0x0 zephyr/CMakeFiles/zephyr_final.dir/isr_tables.c.obj
                [!provide]                        PROVIDE (__rel_iplt_end = .)

.rela.plt       0x0000000000000000        0x0
 *(SORT_BY_ALIGNMENT(.rela.plt))
                [!provide]                        PROVIDE (__rela_iplt_start = .)
 *(SORT_BY_ALIGNMENT(.rela.iplt))
                [!provide]                        PROVIDE (__rela_iplt_end = .)

.rel.dyn
 *(SORT_BY_ALIGNMENT(.rel.*))

.rela.dyn
 *(SORT_BY_ALIGNMENT(.rela.*))

/DISCARD/
 *(SORT_BY_ALIGNMENT(.plt))

/DISCARD/
 *(SORT_BY_ALIGNMENT(.iplt))
                0x0000000000000000                __rom_region_start = 0x0

rom_start       0x0000000000000000      0x100
                0x0000000000000000                __rom_start_address = .
 FILL mask 0x00
                0x0000000000000000                . = (. + (0x0 - (. - __rom_start_address)))
                0x0000000000000000                . = ALIGN (0x4)
                0x0000000000000000                . = ALIGN (0x80)
                0x0000000000000000                . = ALIGN (0x100)
                0x0000000000000000                _vector_start = .
 *(SORT_BY_ALIGNMENT(.exc_vector_table))
 *(SORT_BY_ALIGNMENT(.exc_vector_table.*))
 .exc_vector_table._vector_table_section
                0x0000000000000000       0x40 zephyr/arch/arch/arm/core/cortex_m/libarch__arm__core__cortex_m.a(vector_table.S.obj)
                0x0000000000000000                _vector_table
 *(SORT_BY_ALIGNMENT(.vectors))
                0x0000000000000100                _vector_end = .
                0x0000000000000040                . = ALIGN (0x4)
 *(SORT_BY_ALIGNMENT(.gnu.linkonce.irq_vector_table*))
 .gnu.linkonce.irq_vector_table
                0x0000000000000040       0xc0 zephyr/CMakeFiles/zephyr_final.dir/isr_tables.c.obj
                0x0000000000000040                _irq_vector_table
                0x0000000000000100                _vector_end = .

text            0x0000000000000100     0x5128
                0x0000000000000100                __text_region_start = .
 *(SORT_BY_ALIGNMENT(.text))
 *(SORT_BY_ALIGNMENT(.text.*))
 .text.main     0x0000000000000100       0x2c app/libapp.a(main.c.obj)
                0x0000000000000100                main
 .text.char_out
                0x000000000000012c        0xc zephyr/libzephyr.a(printk.c.obj)
 .text.__printk_hook_install
                0x0000000000000138        0xc zephyr/libzephyr.a(printk.c.obj)
                0x0000000000000138                __printk_hook_install
 .text.vprintk  0x0000000000000144       0x30 zephyr/libzephyr.a(printk.c.obj)
                0x0000000000000144                vprintk
 .text.z_thread_entry
                0x0000000000000174       0x34 zephyr/libzephyr.a(thread_entry.c.obj)
                0x0000000000000174                z_thread_entry
 .text.process_event
                0x00000000000001a8      0x21c zephyr/libzephyr.a(onoff.c.obj)
 .text.mem_attr_get_regions
                0x00000000000003c4        0xc zephyr/libzephyr.a(mem_attr.c.obj)
                0x00000000000003c4                mem_attr_get_regions
 .text.boot_banner
                0x00000000000003d0       0x1c zephyr/libzephyr.a(banner.c.obj)
                0x00000000000003d0                boot_banner
 .text.nrf_cc3xx_platform_abort_init
                0x00000000000003ec        0xc zephyr/libzephyr.a(nrf_cc3xx_platform_abort_zephyr.c.obj)
                0x00000000000003ec                nrf_cc3xx_platform_abort_init
 .text.mutex_free_platform
                0x00000000000003f8       0x54 zephyr/libzephyr.a(nrf_cc3xx_platform_mutex_zephyr.c.obj)
 .text.mutex_lock_platform
                0x000000000000044c       0x60 zephyr/libzephyr.a(nrf_cc3xx_platform_mutex_zephyr.c.obj)
 .text.mutex_unlock_platform
                0x00000000000004ac       0x58 zephyr/libzephyr.a(nrf_cc3xx_platform_mutex_zephyr.c.obj)
 .text.mutex_init_platform
                0x0000000000000504       0x94 zephyr/libzephyr.a(nrf_cc3xx_platform_mutex_zephyr.c.obj)
 .text.nrf_cc3xx_platform_mutex_init
                0x0000000000000598       0x2c zephyr/libzephyr.a(nrf_cc3xx_platform_mutex_zephyr.c.obj)
                0x0000000000000598                nrf_cc3xx_platform_mutex_init
 .text.arch_bss_zero
                0x00000000000005c4       0x18 zephyr/arch/common/libarch__common.a(init.c.obj)
                0x00000000000005c4                arch_bss_zero
 .text.arch_data_copy
                0x00000000000005dc       0x38 zephyr/arch/common/libarch__common.a(xip.c.obj)
                0x00000000000005dc                arch_data_copy
 .text.z_arm_fatal_error
                0x0000000000000614       0x60 zephyr/arch/arch/arm/core/libarch__arm__core.a(fatal.c.obj)
                0x0000000000000614                z_arm_fatal_error
 .text.z_SysNmiOnReset
                0x0000000000000674        0x8 zephyr/arch/arch/arm/core/libarch__arm__core.a(nmi_on_reset.S.obj)
                0x0000000000000674                z_SysNmiOnReset
 .text.arch_tls_stack_setup
                0x000000000000067c       0x40 zephyr/arch/arch/arm/core/libarch__arm__core.a(tls.c.obj)
                0x000000000000067c                arch_tls_stack_setup
 .text._HandlerModeExit
                0x00000000000006bc       0x20 zephyr/arch/arch/arm/core/cortex_m/libarch__arm__core__cortex_m.a(exc_exit.c.obj)
                0x00000000000006bc                z_arm_int_exit
                0x00000000000006bc                z_arm_exc_exit
 .text.mem_manage_fault
                0x00000000000006dc       0xf0 zephyr/arch/arch/arm/core/cortex_m/libarch__arm__core__cortex_m.a(fault.c.obj)
 .text.usage_fault.constprop.0
                0x00000000000007cc       0x98 zephyr/arch/arch/arm/core/cortex_m/libarch__arm__core__cortex_m.a(fault.c.obj)
 .text.bus_fault.constprop.0
                0x0000000000000864       0xb8 zephyr/arch/arch/arm/core/cortex_m/libarch__arm__core__cortex_m.a(fault.c.obj)
 .text.z_arm_fault
                0x000000000000091c      0x1a0 zephyr/arch/arch/arm/core/cortex_m/libarch__arm__core__cortex_m.a(fault.c.obj)
                0x000000000000091c                z_arm_fault
 .text.z_arm_fault_init
                0x0000000000000abc       0x18 zephyr/arch/arch/arm/core/cortex_m/libarch__arm__core__cortex_m.a(fault.c.obj)
                0x0000000000000abc                z_arm_fault_init
 .text.__fault  0x0000000000000ad4       0x14 zephyr/arch/arch/arm/core/cortex_m/libarch__arm__core__cortex_m.a(fault_s.S.obj)
                0x0000000000000ad4                z_arm_usage_fault
                0x0000000000000ad4                z_arm_mpu_fault
                0x0000000000000ad4                z_arm_exc_spurious
                0x0000000000000ad4                z_arm_debug_monitor
                0x0000000000000ad4                z_arm_hard_fault
                0x0000000000000ad4                z_arm_bus_fault
 .text._reset_section
                0x0000000000000ae8       0x60 zephyr/arch/arch/arm/core/cortex_m/libarch__arm__core__cortex_m.a(reset.S.obj)
                0x0000000000000ae8                __start
                0x0000000000000ae8                z_arm_reset
 .text.z_arm_clear_arm_mpu_config
                0x0000000000000b48       0x24 zephyr/arch/arch/arm/core/cortex_m/libarch__arm__core__cortex_m.a(scb.c.obj)
                0x0000000000000b48                z_arm_clear_arm_mpu_config
 .text.z_arm_init_arch_hw_at_boot
                0x0000000000000b6c       0x64 zephyr/arch/arch/arm/core/cortex_m/libarch__arm__core__cortex_m.a(scb.c.obj)
                0x0000000000000b6c                z_arm_init_arch_hw_at_boot
 .text.z_impl_k_thread_abort
                0x0000000000000bd0       0x2c zephyr/arch/arch/arm/core/cortex_m/libarch__arm__core__cortex_m.a(thread_abort.c.obj)
                0x0000000000000bd0                z_impl_k_thread_abort
 .text.z_arm_pendsv
                0x0000000000000bfc       0x64 zephyr/arch/arch/arm/core/cortex_m/libarch__arm__core__cortex_m.a(swap_helper.S.obj)
                0x0000000000000bfc                z_arm_pendsv
 .text.z_arm_svc
                0x0000000000000c60       0x24 zephyr/arch/arch/arm/core/cortex_m/libarch__arm__core__cortex_m.a(swap_helper.S.obj)
                0x0000000000000c60                z_arm_svc
 .text.arm_irq_enable
                0x0000000000000c84       0x1c zephyr/arch/arch/arm/core/cortex_m/libarch__arm__core__cortex_m.a(irq_manage.c.obj)
                0x0000000000000c84                arm_irq_enable
 .text.arm_irq_is_enabled
                0x0000000000000ca0       0x1c zephyr/arch/arch/arm/core/cortex_m/libarch__arm__core__cortex_m.a(irq_manage.c.obj)
                0x0000000000000ca0                arm_irq_is_enabled
 .text.arm_irq_priority_set
                0x0000000000000cbc       0x30 zephyr/arch/arch/arm/core/cortex_m/libarch__arm__core__cortex_m.a(irq_manage.c.obj)
                0x0000000000000cbc                arm_irq_priority_set
 .text.relocate_vector_table
                0x0000000000000cec       0x1c zephyr/arch/arch/arm/core/cortex_m/libarch__arm__core__cortex_m.a(prep_c.c.obj)
                0x0000000000000cec                relocate_vector_table
 .text.z_prep_c
                0x0000000000000d08       0x28 zephyr/arch/arch/arm/core/cortex_m/libarch__arm__core__cortex_m.a(prep_c.c.obj)
                0x0000000000000d08                z_prep_c
 .text.arch_new_thread
                0x0000000000000d30       0x38 zephyr/arch/arch/arm/core/cortex_m/libarch__arm__core__cortex_m.a(thread.c.obj)
                0x0000000000000d30                arch_new_thread
 .text.z_check_thread_stack_fail
                0x0000000000000d68       0x30 zephyr/arch/arch/arm/core/cortex_m/libarch__arm__core__cortex_m.a(thread.c.obj)
                0x0000000000000d68                z_check_thread_stack_fail
 .text.arch_switch_to_main_thread
                0x0000000000000d98       0x40 zephyr/arch/arch/arm/core/cortex_m/libarch__arm__core__cortex_m.a(thread.c.obj)
                0x0000000000000d98                arch_switch_to_main_thread
 .text.z_arm_cpu_idle_init
                0x0000000000000dd8        0xc zephyr/arch/arch/arm/core/cortex_m/libarch__arm__core__cortex_m.a(cpu_idle.c.obj)
                0x0000000000000dd8                z_arm_cpu_idle_init
 .text.z_arm_interrupt_init
                0x0000000000000de4       0x18 zephyr/arch/arch/arm/core/cortex_m/libarch__arm__core__cortex_m.a(irq_init.c.obj)
                0x0000000000000de4                z_arm_interrupt_init
 .text._isr_wrapper
                0x0000000000000dfc       0x24 zephyr/arch/arch/arm/core/cortex_m/libarch__arm__core__cortex_m.a(isr_wrapper.c.obj)
                0x0000000000000dfc                _isr_wrapper
 .text.z_arm_configure_static_mpu_regions
                0x0000000000000e20       0x18 zephyr/arch/arch/arm/core/mpu/libarch__arm__core__mpu.a(arm_core_mpu.c.obj)
                0x0000000000000e20                z_arm_configure_static_mpu_regions
 .text.z_arm_configure_dynamic_mpu_regions
                0x0000000000000e38       0x24 zephyr/arch/arch/arm/core/mpu/libarch__arm__core__mpu.a(arm_core_mpu.c.obj)
                0x0000000000000e38                z_arm_configure_dynamic_mpu_regions
 .text.region_init
                0x0000000000000e5c       0x28 zephyr/arch/arch/arm/core/mpu/libarch__arm__core__mpu.a(arm_mpu.c.obj)
 .text.mpu_configure_regions
                0x0000000000000e84       0x6c zephyr/arch/arch/arm/core/mpu/libarch__arm__core__mpu.a(arm_mpu.c.obj)
 .text.arm_core_mpu_enable
                0x0000000000000ef0       0x18 zephyr/arch/arch/arm/core/mpu/libarch__arm__core__mpu.a(arm_mpu.c.obj)
                0x0000000000000ef0                arm_core_mpu_enable
 .text.arm_core_mpu_disable
                0x0000000000000f08       0x14 zephyr/arch/arch/arm/core/mpu/libarch__arm__core__mpu.a(arm_mpu.c.obj)
                0x0000000000000f08                arm_core_mpu_disable
 .text.arm_core_mpu_configure_static_mpu_regions
                0x0000000000000f1c       0x14 zephyr/arch/arch/arm/core/mpu/libarch__arm__core__mpu.a(arm_mpu.c.obj)
                0x0000000000000f1c                arm_core_mpu_configure_static_mpu_regions
 .text.arm_core_mpu_configure_dynamic_mpu_regions
                0x0000000000000f30       0x38 zephyr/arch/arch/arm/core/mpu/libarch__arm__core__mpu.a(arm_mpu.c.obj)
                0x0000000000000f30                arm_core_mpu_configure_dynamic_mpu_regions
 .text.z_arm_mpu_init
                0x0000000000000f68      0x168 zephyr/arch/arch/arm/core/mpu/libarch__arm__core__mpu.a(arm_mpu.c.obj)
                0x0000000000000f68                z_arm_mpu_init
 .text.z_impl_zephyr_fputc
                0x00000000000010d0       0x10 zephyr/lib/libc/picolibc/liblib__libc__picolibc.a(stdio.c.obj)
                0x00000000000010d0                z_impl_zephyr_fputc
 .text.__stdout_hook_install
                0x00000000000010e0       0x18 zephyr/lib/libc/picolibc/liblib__libc__picolibc.a(stdio.c.obj)
                0x00000000000010e0                __stdout_hook_install
 .text.malloc_prepare
                0x00000000000010f8       0x24 zephyr/lib/libc/common/liblib__libc__common.a(malloc.c.obj)
 .text.nordicsemi_nrf52_init
                0x000000000000111c       0x44 zephyr/soc/soc/nrf52840/libsoc__nordic.a(soc.c.obj)
 .text.arch_busy_wait
                0x0000000000001160       0x24 zephyr/soc/soc/nrf52840/libsoc__nordic.a(soc.c.obj)
                0x0000000000001160                arch_busy_wait
 .text.gppi_init
                0x0000000000001184       0x1c zephyr/soc/soc/nrf52840/libsoc__nordic.a(gppi_init.c.obj)
 .text.onoff_stop
                0x00000000000011a0       0x30 zephyr/drivers/clock_control/libdrivers__clock_control.a(clock_control_nrf.c.obj)
 .text.onoff_start
                0x00000000000011d0       0x44 zephyr/drivers/clock_control/libdrivers__clock_control.a(clock_control_nrf.c.obj)
 .text.clk_init
                0x0000000000001214       0x58 zephyr/drivers/clock_control/libdrivers__clock_control.a(clock_control_nrf.c.obj)
 .text.api_blocking_start
                0x000000000000126c       0x34 zephyr/drivers/clock_control/libdrivers__clock_control.a(clock_control_nrf.c.obj)
 .text.generic_hfclk_stop
                0x00000000000012a0       0x34 zephyr/drivers/clock_control/libdrivers__clock_control.a(clock_control_nrf.c.obj)
 .text.clkstarted_handle.constprop.0
                0x00000000000012d4       0x4c zephyr/drivers/clock_control/libdrivers__clock_control.a(clock_control_nrf.c.obj)
 .text.generic_hfclk_start
                0x0000000000001320       0x78 zephyr/drivers/clock_control/libdrivers__clock_control.a(clock_control_nrf.c.obj)
 .text.clock_event_handler
                0x0000000000001398       0x1c zephyr/drivers/clock_control/libdrivers__clock_control.a(clock_control_nrf.c.obj)
 .text.z_nrf_clock_control_lf_on
                0x00000000000013b4       0xfc zephyr/drivers/clock_control/libdrivers__clock_control.a(clock_control_nrf.c.obj)
                0x00000000000013b4                z_nrf_clock_control_lf_on
 .text.uart_console_init
                0x00000000000014b0       0x28 zephyr/drivers/console/libdrivers__console.a(uart_console.c.obj)
 .text.console_out
                0x00000000000014d8       0x28 zephyr/drivers/console/libdrivers__console.a(uart_console.c.obj)
 .text.gpio_nrfx_pin_interrupt_configure
                0x0000000000001500       0xfc zephyr/drivers/gpio/libdrivers__gpio.a(gpio_nrfx.c.obj)
 .text.nrfx_gpio_handler
                0x00000000000015fc       0x4c zephyr/drivers/gpio/libdrivers__gpio.a(gpio_nrfx.c.obj)
 .text.gpio_nrfx_init
                0x0000000000001648       0x3c zephyr/drivers/gpio/libdrivers__gpio.a(gpio_nrfx.c.obj)
 .text.gpio_nrfx_pin_configure
                0x0000000000001684      0x180 zephyr/drivers/gpio/libdrivers__gpio.a(gpio_nrfx.c.obj)
 .text.nrf_gpio_pin_port_decode
                0x0000000000001804       0x20 zephyr/drivers/pinctrl/libdrivers__pinctrl.a(pinctrl_nrf.c.obj)
 .text.pinctrl_configure_pins
                0x0000000000001824      0x1c4 zephyr/drivers/pinctrl/libdrivers__pinctrl.a(pinctrl_nrf.c.obj)
                0x0000000000001824                pinctrl_configure_pins
 .text.uarte_nrfx_poll_out
                0x00000000000019e8       0xb4 zephyr/drivers/serial/libdrivers__serial.a(uart_nrfx_uarte.c.obj)
 .text.compare_int_lock
                0x0000000000001a9c       0x48 zephyr/drivers/timer/libdrivers__timer.a(nrf_rtc_timer.c.obj)
 .text.sys_clock_timeout_handler
                0x0000000000001ae4       0x48 zephyr/drivers/timer/libdrivers__timer.a(nrf_rtc_timer.c.obj)
 .text.compare_int_unlock
                0x0000000000001b2c       0x5c zephyr/drivers/timer/libdrivers__timer.a(nrf_rtc_timer.c.obj)
 .text.z_nrf_rtc_timer_read
                0x0000000000001b88       0x44 zephyr/drivers/timer/libdrivers__timer.a(nrf_rtc_timer.c.obj)
                0x0000000000001b88                z_nrf_rtc_timer_read
 .text.compare_set
                0x0000000000001bcc      0x130 zephyr/drivers/timer/libdrivers__timer.a(nrf_rtc_timer.c.obj)
 .text.sys_clock_driver_init
                0x0000000000001cfc       0x90 zephyr/drivers/timer/libdrivers__timer.a(nrf_rtc_timer.c.obj)
 .text.rtc_nrf_isr
                0x0000000000001d8c       0xd4 zephyr/drivers/timer/libdrivers__timer.a(nrf_rtc_timer.c.obj)
                0x0000000000001d8c                rtc_nrf_isr
 .text.sys_clock_set_timeout
                0x0000000000001e60       0x5c zephyr/drivers/timer/libdrivers__timer.a(nrf_rtc_timer.c.obj)
                0x0000000000001e60                sys_clock_set_timeout
 .text.sys_clock_elapsed
                0x0000000000001ebc       0x14 zephyr/drivers/timer/libdrivers__timer.a(nrf_rtc_timer.c.obj)
                0x0000000000001ebc                sys_clock_elapsed
 .text.nrf52_errata_98
                0x0000000000001ed0       0x24 modules/hal_nordic/modules/hal_nordic/nrfx/libmodules__hal_nordic__nrfx.a(system_nrf52840.c.obj)
 .text.nvmc_wait
                0x0000000000001ef4       0x10 modules/hal_nordic/modules/hal_nordic/nrfx/libmodules__hal_nordic__nrfx.a(system_nrf52840.c.obj)
                0x0000000000001ef4                nvmc_wait
 .text.SystemInit
                0x0000000000001f04      0x1bc modules/hal_nordic/modules/hal_nordic/nrfx/libmodules__hal_nordic__nrfx.a(system_nrf52840.c.obj)
                0x0000000000001f04                SystemInit
 .text.nrfx_gppi_init
                0x00000000000020c0        0xc modules/hal_nordic/modules/hal_nordic/nrfx/libmodules__hal_nordic__nrfx.a(nrfx_gppi_ppi.c.obj)
                0x00000000000020c0                nrfx_gppi_init
 .text.nrfx_gppi_domain_conn_alloc
                0x00000000000020cc       0x1c modules/hal_nordic/modules/hal_nordic/nrfx/libmodules__hal_nordic__nrfx.a(nrfx_gppi_ppi.c.obj)
                0x00000000000020cc                nrfx_gppi_domain_conn_alloc
 .text.nrfx_gppi_conn_enable
                0x00000000000020e8       0x10 modules/hal_nordic/modules/hal_nordic/nrfx/libmodules__hal_nordic__nrfx.a(nrfx_gppi_ppi.c.obj)
                0x00000000000020e8                nrfx_gppi_conn_enable
 .text.hfclk_event_handler
                0x00000000000020f8        0xc modules/hal_nordic/modules/hal_nordic/nrfx/libmodules__hal_nordic__nrfx.a(nrfx_clock.c.obj)
 .text.lfclk_event_handler
                0x0000000000002104        0xc modules/hal_nordic/modules/hal_nordic/nrfx/libmodules__hal_nordic__nrfx.a(nrfx_clock.c.obj)
 .text.nrfx_clock_init
                0x0000000000002110       0x40 modules/hal_nordic/modules/hal_nordic/nrfx/libmodules__hal_nordic__nrfx.a(nrfx_clock.c.obj)
                0x0000000000002110                nrfx_clock_init
 .text.nrfx_clock_enable
                0x0000000000002150       0x20 modules/hal_nordic/modules/hal_nordic/nrfx/libmodules__hal_nordic__nrfx.a(nrfx_clock.c.obj)
                0x0000000000002150                nrfx_clock_enable
 .text.nrf52_errata_201
                0x0000000000002170       0x24 modules/hal_nordic/modules/hal_nordic/nrfx/libmodules__hal_nordic__nrfx.a(nrfx_clock_hfclk.c.obj)
 .text.clock_stop
                0x0000000000002194       0x4c modules/hal_nordic/modules/hal_nordic/nrfx/libmodules__hal_nordic__nrfx.a(nrfx_clock_hfclk.c.obj)
 .text.nrfx_clock_hfclk_init
                0x00000000000021e0       0x28 modules/hal_nordic/modules/hal_nordic/nrfx/libmodules__hal_nordic__nrfx.a(nrfx_clock_hfclk.c.obj)
                0x00000000000021e0                nrfx_clock_hfclk_init
 .text.nrfx_clock_hfclk_start
                0x0000000000002208       0x38 modules/hal_nordic/modules/hal_nordic/nrfx/libmodules__hal_nordic__nrfx.a(nrfx_clock_hfclk.c.obj)
                0x0000000000002208                nrfx_clock_hfclk_start
 .text.nrfx_clock_hfclk_irq_handler
                0x0000000000002240       0x40 modules/hal_nordic/modules/hal_nordic/nrfx/libmodules__hal_nordic__nrfx.a(nrfx_clock_hfclk.c.obj)
                0x0000000000002240                nrfx_clock_hfclk_irq_handler
 .text.nrfx_clock_lfclk_init
                0x0000000000002280       0x24 modules/hal_nordic/modules/hal_nordic/nrfx/libmodules__hal_nordic__nrfx.a(nrfx_clock_lfclk.c.obj)
                0x0000000000002280                nrfx_clock_lfclk_init
 .text.nrfx_clock_lfclk_start
                0x00000000000022a4       0x80 modules/hal_nordic/modules/hal_nordic/nrfx/libmodules__hal_nordic__nrfx.a(nrfx_clock_lfclk.c.obj)
                0x00000000000022a4                nrfx_clock_lfclk_start
 .text.nrfx_clock_lfclk_irq_handler
                0x0000000000002324       0x70 modules/hal_nordic/modules/hal_nordic/nrfx/libmodules__hal_nordic__nrfx.a(nrfx_clock_lfclk.c.obj)
                0x0000000000002324                nrfx_clock_lfclk_irq_handler
 .text.nrf_gpio_pin_port_decode
                0x0000000000002394       0x20 modules/hal_nordic/modules/hal_nordic/nrfx/libmodules__hal_nordic__nrfx.a(nrfx_gpiote.c.obj)
 .text.get_pin_idx
                0x00000000000023b4       0x14 modules/hal_nordic/modules/hal_nordic/nrfx/libmodules__hal_nordic__nrfx.a(nrfx_gpiote.c.obj)
 .text.latch_pending_read_and_check
                0x00000000000023c8       0x64 modules/hal_nordic/modules/hal_nordic/nrfx/libmodules__hal_nordic__nrfx.a(nrfx_gpiote.c.obj)
 .text.pin_uninit
                0x000000000000242c       0x7c modules/hal_nordic/modules/hal_nordic/nrfx/libmodules__hal_nordic__nrfx.a(nrfx_gpiote.c.obj)
 .text.nrfx_gpiote_channel_free
                0x00000000000024a8        0xc modules/hal_nordic/modules/hal_nordic/nrfx/libmodules__hal_nordic__nrfx.a(nrfx_gpiote.c.obj)
                0x00000000000024a8                nrfx_gpiote_channel_free
 .text.nrfx_gpiote_channel_alloc
                0x00000000000024b4       0x18 modules/hal_nordic/modules/hal_nordic/nrfx/libmodules__hal_nordic__nrfx.a(nrfx_gpiote.c.obj)
                0x00000000000024b4                nrfx_gpiote_channel_alloc
 .text.nrfx_gpiote_irq_handler
                0x00000000000024cc      0x1d0 modules/hal_nordic/modules/hal_nordic/nrfx/libmodules__hal_nordic__nrfx.a(nrfx_gpiote.c.obj)
                0x00000000000024cc                nrfx_gpiote_irq_handler
 .text.z_fatal_error
                0x000000000000269c       0x30 zephyr/kernel/libkernel.a(fatal.c.obj)
                0x000000000000269c                z_fatal_error
 .text.z_sys_init_run_level
                0x00000000000026cc       0x30 zephyr/kernel/libkernel.a(init.c.obj)
 .text.bg_thread_main
                0x00000000000026fc       0xc0 zephyr/kernel/libkernel.a(init.c.obj)
 .text.z_init_cpu
                0x00000000000027bc       0x78 zephyr/kernel/libkernel.a(init.c.obj)
                0x00000000000027bc                z_init_cpu
 .text.z_cstart
                0x0000000000002834       0xcc zephyr/kernel/libkernel.a(init.c.obj)
                0x0000000000002834                z_cstart
 .text.init_mem_slab_obj_core_list
                0x0000000000002900       0x24 zephyr/kernel/libkernel.a(mem_slab.c.obj)
 .text.k_mem_slab_alloc
                0x0000000000002924       0x5c zephyr/kernel/libkernel.a(mem_slab.c.obj)
                0x0000000000002924                k_mem_slab_alloc
 .text.z_impl_k_mutex_lock
                0x0000000000002980       0xf0 zephyr/kernel/libkernel.a(mutex.c.obj)
                0x0000000000002980                z_impl_k_mutex_lock
 .text.z_impl_k_mutex_unlock
                0x0000000000002a70       0xa0 zephyr/kernel/libkernel.a(mutex.c.obj)
                0x0000000000002a70                z_impl_k_mutex_unlock
 .text.z_impl_k_sem_give
                0x0000000000002b10       0x68 zephyr/kernel/libkernel.a(sem.c.obj)
                0x0000000000002b10                z_impl_k_sem_give
 .text.z_impl_k_sem_take
                0x0000000000002b78       0x4c zephyr/kernel/libkernel.a(sem.c.obj)
                0x0000000000002b78                z_impl_k_sem_take
 .text.z_setup_new_thread
                0x0000000000002bc4       0xec zephyr/kernel/libkernel.a(thread.c.obj)
                0x0000000000002bc4                z_setup_new_thread
 .text.z_dummy_thread_init
                0x0000000000002cb0       0x1c zephyr/kernel/libkernel.a(thread.c.obj)
                0x0000000000002cb0                z_dummy_thread_init
 .text.z_swap_irqlock
                0x0000000000002ccc       0x34 zephyr/kernel/libkernel.a(sched.c.obj)
 .text.ready_thread
                0x0000000000002d00       0x84 zephyr/kernel/libkernel.a(sched.c.obj)
 .text.unready_thread
                0x0000000000002d84       0x54 zephyr/kernel/libkernel.a(sched.c.obj)
 .text.add_thread_timeout
                0x0000000000002dd8       0x1c zephyr/kernel/libkernel.a(sched.c.obj)
 .text.move_thread_to_end_of_prio_q
                0x0000000000002df4       0x90 zephyr/kernel/libkernel.a(sched.c.obj)
                0x0000000000002df4                move_thread_to_end_of_prio_q
 .text.z_pend_curr
                0x0000000000002e84       0x44 zephyr/kernel/libkernel.a(sched.c.obj)
                0x0000000000002e84                z_pend_curr
 .text.z_thread_prio_set
                0x0000000000002ec8       0xe4 zephyr/kernel/libkernel.a(sched.c.obj)
                0x0000000000002ec8                z_thread_prio_set
 .text.z_reschedule
                0x0000000000002fac       0x24 zephyr/kernel/libkernel.a(sched.c.obj)
                0x0000000000002fac                z_reschedule
 .text.z_reschedule_irqlock
                0x0000000000002fd0       0x28 zephyr/kernel/libkernel.a(sched.c.obj)
                0x0000000000002fd0                z_reschedule_irqlock
 .text.k_sched_lock
                0x0000000000002ff8       0x28 zephyr/kernel/libkernel.a(sched.c.obj)
                0x0000000000002ff8                k_sched_lock
 .text.k_sched_unlock
                0x0000000000003020       0x68 zephyr/kernel/libkernel.a(sched.c.obj)
                0x0000000000003020                k_sched_unlock
 .text.z_sched_init
                0x0000000000003088       0x10 zephyr/kernel/libkernel.a(sched.c.obj)
                0x0000000000003088                z_sched_init
 .text.z_impl_k_yield
                0x0000000000003098       0x88 zephyr/kernel/libkernel.a(sched.c.obj)
                0x0000000000003098                z_impl_k_yield
 .text.z_tick_sleep
                0x0000000000003120       0x78 zephyr/kernel/libkernel.a(sched.c.obj)
 .text.z_impl_k_wakeup
                0x0000000000003198       0x48 zephyr/kernel/libkernel.a(sched.c.obj)
                0x0000000000003198                z_impl_k_wakeup
 .text.z_impl_k_sched_current_thread_query
                0x00000000000031e0        0xc zephyr/kernel/libkernel.a(sched.c.obj)
                0x00000000000031e0                z_impl_k_sched_current_thread_query
 .text.z_thread_abort
                0x00000000000031ec      0x144 zephyr/kernel/libkernel.a(sched.c.obj)
                0x00000000000031ec                z_thread_abort
 .text.slice_timeout
                0x0000000000003330       0x20 zephyr/kernel/libkernel.a(timeslicing.c.obj)
 .text.thread_is_sliceable
                0x0000000000003350       0x3c zephyr/kernel/libkernel.a(timeslicing.c.obj)
                0x0000000000003350                thread_is_sliceable
 .text.z_reset_time_slice
                0x000000000000338c       0x50 zephyr/kernel/libkernel.a(timeslicing.c.obj)
                0x000000000000338c                z_reset_time_slice
 .text.z_time_slice
                0x00000000000033dc       0x60 zephyr/kernel/libkernel.a(timeslicing.c.obj)
                0x00000000000033dc                z_time_slice
 .text.z_thread_monitor_exit
                0x000000000000343c       0x3c zephyr/kernel/libkernel.a(thread_monitor.c.obj)
                0x000000000000343c                z_thread_monitor_exit
 .text.first    0x0000000000003478       0x10 zephyr/kernel/libkernel.a(timeout.c.obj)
 .text.elapsed  0x0000000000003488       0x14 zephyr/kernel/libkernel.a(timeout.c.obj)
 .text.remove_timeout
                0x000000000000349c       0x38 zephyr/kernel/libkernel.a(timeout.c.obj)
 .text.z_add_timeout
                0x00000000000034d4      0x120 zephyr/kernel/libkernel.a(timeout.c.obj)
                0x00000000000034d4                z_add_timeout
 .text.sys_clock_announce
                0x00000000000035f4       0xc0 zephyr/kernel/libkernel.a(timeout.c.obj)
                0x00000000000035f4                sys_clock_announce
 .text.sys_clock_tick_get
                0x00000000000036b4       0x30 zephyr/kernel/libkernel.a(timeout.c.obj)
                0x00000000000036b4                sys_clock_tick_get
 .text.nrf_cc3xx_platform_init_no_rng
                0x00000000000036e4       0x38 C:/ncs/v3.2.0/nrfxlib/crypto/nrf_cc310_platform/lib/cortex-m4/soft-float/no-interrupts/libnrf_cc310_platform_0.9.19.a(nrf_cc3xx_platform.c.obj)
                0x00000000000036e4                nrf_cc3xx_platform_init_no_rng
 .text.nrf_cc3xx_platform_abort
                0x000000000000371c       0x24 C:/ncs/v3.2.0/nrfxlib/crypto/nrf_cc310_platform/lib/cortex-m4/soft-float/no-interrupts/libnrf_cc310_platform_0.9.19.a(nrf_cc3xx_platform_abort.c.obj)
 .text.CC_PalAbort
                0x0000000000003740       0x34 C:/ncs/v3.2.0/nrfxlib/crypto/nrf_cc310_platform/lib/cortex-m4/soft-float/no-interrupts/libnrf_cc310_platform_0.9.19.a(nrf_cc3xx_platform_abort.c.obj)
                0x0000000000003740                CC_PalAbort
 .text.nrf_cc3xx_platform_set_abort
                0x0000000000003774       0x10 C:/ncs/v3.2.0/nrfxlib/crypto/nrf_cc310_platform/lib/cortex-m4/soft-float/no-interrupts/libnrf_cc310_platform_0.9.19.a(nrf_cc3xx_platform_abort.c.obj)
                0x0000000000003774                nrf_cc3xx_platform_set_abort
 .text.mutex_free
                0x0000000000003784       0x34 C:/ncs/v3.2.0/nrfxlib/crypto/nrf_cc310_platform/lib/cortex-m4/soft-float/no-interrupts/libnrf_cc310_platform_0.9.19.a(nrf_cc3xx_platform_mutex.c.obj)
 .text.mutex_lock
                0x00000000000037b8       0x48 C:/ncs/v3.2.0/nrfxlib/crypto/nrf_cc310_platform/lib/cortex-m4/soft-float/no-interrupts/libnrf_cc310_platform_0.9.19.a(nrf_cc3xx_platform_mutex.c.obj)
 .text.mutex_unlock
                0x0000000000003800       0x38 C:/ncs/v3.2.0/nrfxlib/crypto/nrf_cc310_platform/lib/cortex-m4/soft-float/no-interrupts/libnrf_cc310_platform_0.9.19.a(nrf_cc3xx_platform_mutex.c.obj)
 .text.mutex_init
                0x0000000000003838       0x20 C:/ncs/v3.2.0/nrfxlib/crypto/nrf_cc310_platform/lib/cortex-m4/soft-float/no-interrupts/libnrf_cc310_platform_0.9.19.a(nrf_cc3xx_platform_mutex.c.obj)
 .text.nrf_cc3xx_platform_set_mutexes
                0x0000000000003858       0x74 C:/ncs/v3.2.0/nrfxlib/crypto/nrf_cc310_platform/lib/cortex-m4/soft-float/no-interrupts/libnrf_cc310_platform_0.9.19.a(nrf_cc3xx_platform_mutex.c.obj)
                0x0000000000003858                nrf_cc3xx_platform_set_mutexes
 .text.CC_LibInitNoRng
                0x00000000000038cc       0x64 C:/ncs/v3.2.0/nrfxlib/crypto/nrf_cc310_platform/lib/cortex-m4/soft-float/no-interrupts/libnrf_cc310_platform_0.9.19.a(cc_lib.c.obj)
                0x00000000000038cc                CC_LibInitNoRng
 .text.CC_HalInit
                0x0000000000003930        0x4 C:/ncs/v3.2.0/nrfxlib/crypto/nrf_cc310_platform/lib/cortex-m4/soft-float/no-interrupts/libnrf_cc310_platform_0.9.19.a(cc_hal.c.obj)
                0x0000000000003930                CC_HalInit
 .text.CC_HalTerminate
                0x0000000000003934        0x4 C:/ncs/v3.2.0/nrfxlib/crypto/nrf_cc310_platform/lib/cortex-m4/soft-float/no-interrupts/libnrf_cc310_platform_0.9.19.a(cc_hal.c.obj)
                0x0000000000003934                CC_HalTerminate
 .text.CC_HalMaskInterrupt
                0x0000000000003938        0xc C:/ncs/v3.2.0/nrfxlib/crypto/nrf_cc310_platform/lib/cortex-m4/soft-float/no-interrupts/libnrf_cc310_platform_0.9.19.a(cc_hal.c.obj)
                0x0000000000003938                CC_HalMaskInterrupt
 .text.CC_PalInit
                0x0000000000003944       0x5c C:/ncs/v3.2.0/nrfxlib/crypto/nrf_cc310_platform/lib/cortex-m4/soft-float/no-interrupts/libnrf_cc310_platform_0.9.19.a(cc_pal.c.obj)
                0x0000000000003944                CC_PalInit
 .text.CC_PalTerminate
                0x00000000000039a0       0x34 C:/ncs/v3.2.0/nrfxlib/crypto/nrf_cc310_platform/lib/cortex-m4/soft-float/no-interrupts/libnrf_cc310_platform_0.9.19.a(cc_pal.c.obj)
                0x00000000000039a0                CC_PalTerminate
 .text.CC_PalDmaInit
                0x00000000000039d4        0x4 C:/ncs/v3.2.0/nrfxlib/crypto/nrf_cc310_platform/lib/cortex-m4/soft-float/no-interrupts/libnrf_cc310_platform_0.9.19.a(cc_pal_dma.c.obj)
                0x00000000000039d4                CC_PalDmaInit
 .text.CC_PalDmaTerminate
                0x00000000000039d8        0x4 C:/ncs/v3.2.0/nrfxlib/crypto/nrf_cc310_platform/lib/cortex-m4/soft-float/no-interrupts/libnrf_cc310_platform_0.9.19.a(cc_pal_dma.c.obj)
                0x00000000000039d8                CC_PalDmaTerminate
 .text.CC_PalMutexCreate
                0x00000000000039dc       0x14 C:/ncs/v3.2.0/nrfxlib/crypto/nrf_cc310_platform/lib/cortex-m4/soft-float/no-interrupts/libnrf_cc310_platform_0.9.19.a(cc_pal_mutex.c.obj)
                0x00000000000039dc                CC_PalMutexCreate
 .text.CC_PalMutexDestroy
                0x00000000000039f0       0x14 C:/ncs/v3.2.0/nrfxlib/crypto/nrf_cc310_platform/lib/cortex-m4/soft-float/no-interrupts/libnrf_cc310_platform_0.9.19.a(cc_pal_mutex.c.obj)
                0x00000000000039f0                CC_PalMutexDestroy
 .text.CC_PalPowerSaveModeInit
                0x0000000000003a04       0x3c C:/ncs/v3.2.0/nrfxlib/crypto/nrf_cc310_platform/lib/cortex-m4/soft-float/no-interrupts/libnrf_cc310_platform_0.9.19.a(cc_pal_pm.c.obj)
                0x0000000000003a04                CC_PalPowerSaveModeInit
 .text.CC_PalPowerSaveModeSelect
                0x0000000000003a40       0x84 C:/ncs/v3.2.0/nrfxlib/crypto/nrf_cc310_platform/lib/cortex-m4/soft-float/no-interrupts/libnrf_cc310_platform_0.9.19.a(cc_pal_pm.c.obj)
                0x0000000000003a40                CC_PalPowerSaveModeSelect
 .text.__l_vfprintf
                0x0000000000003ac4      0x4b8 c:\ncs\toolchains\66cdf9b75e\opt\zephyr-sdk\arm-zephyr-eabi\bin\../lib/gcc/../../picolibc/arm-zephyr-eabi/lib/thumb/v7e-m/nofp\libc.a(libc_tinystdio_vflprintf.c.o)
                0x0000000000003ac4                __l_vfprintf
 .text._OffsetAbsSyms
                0x0000000000003f7c        0x2 zephyr/CMakeFiles/offsets.dir/./arch/arm/core/offsets/offsets.c.obj
                0x0000000000003f7c                _OffsetAbsSyms
 .text.sum      0x0000000000003f7e        0x4 app/libapp.a(myfunction.c.obj)
                0x0000000000003f7e                sum
 .text.chunk_field
                0x0000000000003f82       0x16 zephyr/libzephyr.a(heap.c.obj)
 .text.chunk_set
                0x0000000000003f98       0x16 zephyr/libzephyr.a(heap.c.obj)
 .text.chunk_size
                0x0000000000003fae        0xc zephyr/libzephyr.a(heap.c.obj)
 .text.set_chunk_used
                0x0000000000003fba       0x30 zephyr/libzephyr.a(heap.c.obj)
 .text.set_chunk_size
                0x0000000000003fea        0x8 zephyr/libzephyr.a(heap.c.obj)
 .text.bucket_idx
                0x0000000000003ff2       0x1e zephyr/libzephyr.a(heap.c.obj)
 .text.free_list_add
                0x0000000000004010       0x84 zephyr/libzephyr.a(heap.c.obj)
 .text.sys_heap_init
                0x0000000000004094       0xb0 zephyr/libzephyr.a(heap.c.obj)
                0x0000000000004094                sys_heap_init
 .text.arch_printk_char_out
                0x0000000000004144        0x4 zephyr/libzephyr.a(printk.c.obj)
                0x0000000000004144                arch_printk_char_out
 .text.printk   0x0000000000004148       0x1a zephyr/libzephyr.a(printk.c.obj)
                0x0000000000004148                printk
 .text.process_recheck
                0x0000000000004162       0x38 zephyr/libzephyr.a(onoff.c.obj)
 .text.validate_args
                0x000000000000419a       0x20 zephyr/libzephyr.a(onoff.c.obj)
 .text.notify_one
                0x00000000000041ba       0x2c zephyr/libzephyr.a(onoff.c.obj)
 .text.transition_complete
                0x00000000000041e6       0x1a zephyr/libzephyr.a(onoff.c.obj)
 .text.onoff_manager_init
                0x0000000000004200       0x26 zephyr/libzephyr.a(onoff.c.obj)
                0x0000000000004200                onoff_manager_init
 .text.onoff_request
                0x0000000000004226       0xae zephyr/libzephyr.a(onoff.c.obj)
                0x0000000000004226                onoff_request
 .text.sys_notify_validate
                0x00000000000042d4       0x22 zephyr/libzephyr.a(notify.c.obj)
                0x00000000000042d4                sys_notify_validate
 .text.sys_notify_finalize
                0x00000000000042f6       0x1a zephyr/libzephyr.a(notify.c.obj)
                0x00000000000042f6                sys_notify_finalize
 .text._ConfigAbsSyms
                0x0000000000004310        0x2 zephyr/libzephyr.a(configs.c.obj)
                0x0000000000004310                _ConfigAbsSyms
 .text.abort_function
                0x0000000000004312        0x2 zephyr/libzephyr.a(nrf_cc3xx_platform_abort_zephyr.c.obj)
 .text.arch_early_memset
                0x0000000000004314        0x4 zephyr/arch/common/libarch__common.a(init.c.obj)
                0x0000000000004314                arch_early_memset
 .text.arch_early_memcpy
                0x0000000000004318        0x4 zephyr/arch/common/libarch__common.a(init.c.obj)
                0x0000000000004318                arch_early_memcpy
 .text.z_do_kernel_oops
                0x000000000000431c        0x8 zephyr/arch/arch/arm/core/libarch__arm__core.a(fatal.c.obj)
                0x000000000000431c                z_do_kernel_oops
 .text.z_arm_nmi
                0x0000000000004324        0xe zephyr/arch/arch/arm/core/libarch__arm__core.a(nmi.c.obj)
                0x0000000000004324                z_arm_nmi
 .text.z_irq_spurious
                0x0000000000004332        0x8 zephyr/arch/arch/arm/core/cortex_m/libarch__arm__core__cortex_m.a(irq_manage.c.obj)
                0x0000000000004332                z_irq_spurious
 .text.arch_coprocessors_disable
                0x000000000000433a        0x6 zephyr/arch/arch/arm/core/cortex_m/libarch__arm__core__cortex_m.a(thread.c.obj)
                0x000000000000433a                arch_coprocessors_disable
 .text.arch_irq_unlock_outlined
                0x0000000000004340        0xe zephyr/arch/arch/arm/core/cortex_m/libarch__arm__core__cortex_m.a(thread.c.obj)
                0x0000000000004340                arch_irq_unlock_outlined
 .text.arch_cpu_idle
                0x000000000000434e       0x1a zephyr/arch/arch/arm/core/cortex_m/libarch__arm__core__cortex_m.a(cpu_idle.c.obj)
                0x000000000000434e                arch_cpu_idle
 .text.arch_cpu_atomic_idle
                0x0000000000004368       0x1e zephyr/arch/arch/arm/core/cortex_m/libarch__arm__core__cortex_m.a(cpu_idle.c.obj)
                0x0000000000004368                arch_cpu_atomic_idle
 .text.size_to_mpu_rasr_size
                0x0000000000004386       0x20 zephyr/arch/arch/arm/core/mpu/libarch__arm__core__mpu.a(arm_mpu.c.obj)
 .text.picolibc_put
                0x00000000000043a6        0xa zephyr/lib/libc/picolibc/liblib__libc__picolibc.a(stdio.c.obj)
 .text.get_status
                0x00000000000043b0       0x12 zephyr/drivers/clock_control/libdrivers__clock_control.a(clock_control_nrf.c.obj)
 .text.stop     0x00000000000043c2       0x52 zephyr/drivers/clock_control/libdrivers__clock_control.a(clock_control_nrf.c.obj)
 .text.api_stop
                0x0000000000004414        0x6 zephyr/drivers/clock_control/libdrivers__clock_control.a(clock_control_nrf.c.obj)
 .text.async_start
                0x000000000000441a       0x5c zephyr/drivers/clock_control/libdrivers__clock_control.a(clock_control_nrf.c.obj)
 .text.api_start
                0x0000000000004476        0xe zephyr/drivers/clock_control/libdrivers__clock_control.a(clock_control_nrf.c.obj)
 .text.onoff_started_callback
                0x0000000000004484       0x12 zephyr/drivers/clock_control/libdrivers__clock_control.a(clock_control_nrf.c.obj)
 .text.blocking_start_callback
                0x0000000000004496        0x6 zephyr/drivers/clock_control/libdrivers__clock_control.a(clock_control_nrf.c.obj)
 .text.lfclk_stop
                0x000000000000449c        0x4 zephyr/drivers/clock_control/libdrivers__clock_control.a(clock_control_nrf.c.obj)
 .text.lfclk_start
                0x00000000000044a0        0x4 zephyr/drivers/clock_control/libdrivers__clock_control.a(clock_control_nrf.c.obj)
 .text.gpio_nrfx_port_get_raw
                0x00000000000044a4        0xe zephyr/drivers/gpio/libdrivers__gpio.a(gpio_nrfx.c.obj)
 .text.gpio_nrfx_port_set_masked_raw
                0x00000000000044b2       0x18 zephyr/drivers/gpio/libdrivers__gpio.a(gpio_nrfx.c.obj)
 .text.gpio_nrfx_port_set_bits_raw
                0x00000000000044ca        0xc zephyr/drivers/gpio/libdrivers__gpio.a(gpio_nrfx.c.obj)
 .text.gpio_nrfx_port_clear_bits_raw
                0x00000000000044d6        0xc zephyr/drivers/gpio/libdrivers__gpio.a(gpio_nrfx.c.obj)
 .text.gpio_nrfx_port_toggle_bits
                0x00000000000044e2       0x1a zephyr/drivers/gpio/libdrivers__gpio.a(gpio_nrfx.c.obj)
 .text.gpio_nrfx_manage_callback
                0x00000000000044fc       0x52 zephyr/drivers/gpio/libdrivers__gpio.a(gpio_nrfx.c.obj)
 .text.gpio_nrfx_gpiote_irq_handler
                0x000000000000454e        0x4 zephyr/drivers/gpio/libdrivers__gpio.a(gpio_nrfx.c.obj)
                0x000000000000454e                gpio_nrfx_gpiote_irq_handler
 .text.pinctrl_lookup_state
                0x0000000000004552       0x26 zephyr/drivers/pinctrl/libdrivers__pinctrl.a(common.c.obj)
                0x0000000000004552                pinctrl_lookup_state
 .text.uarte_nrfx_err_check
                0x0000000000004578        0xe zephyr/drivers/serial/libdrivers__serial.a(uart_nrfx_uarte.c.obj)
 .text.uarte_nrfx_poll_in
                0x0000000000004586       0x26 zephyr/drivers/serial/libdrivers__serial.a(uart_nrfx_uarte.c.obj)
 .text.is_tx_ready.isra.0
                0x00000000000045ac       0x20 zephyr/drivers/serial/libdrivers__serial.a(uart_nrfx_uarte.c.obj)
 .text.uarte_nrfx_isr_int
                0x00000000000045cc       0x42 zephyr/drivers/serial/libdrivers__serial.a(uart_nrfx_uarte.c.obj)
 .text.pinctrl_apply_state.isra.0
                0x000000000000460e       0x1e zephyr/drivers/serial/libdrivers__serial.a(uart_nrfx_uarte.c.obj)
 .text.uarte_instance_deinit
                0x000000000000462c        0x6 zephyr/drivers/serial/libdrivers__serial.a(uart_nrfx_uarte.c.obj)
 .text.uarte_0_init
                0x0000000000004632       0xf0 zephyr/drivers/serial/libdrivers__serial.a(uart_nrfx_uarte.c.obj)
 .text.event_clear
                0x0000000000004722       0x18 zephyr/drivers/timer/libdrivers__timer.a(nrf_rtc_timer.c.obj)
 .text.hw_cc3xx_init_internal
                0x000000000000473a        0x4 modules/nrf/drivers/hw_cc3xx/lib..__nrf__drivers__hw_cc3xx.a(hw_cc3xx.c.obj)
 .text.hw_cc3xx_init
                0x000000000000473e       0x12 modules/nrf/drivers/hw_cc3xx/lib..__nrf__drivers__hw_cc3xx.a(hw_cc3xx.c.obj)
 .text.nrfx_isr
                0x0000000000004750        0x6 modules/hal_nordic/modules/hal_nordic/nrfx/libmodules__hal_nordic__nrfx.a(nrfx_glue.c.obj)
                0x0000000000004750                nrfx_isr
 .text.nrfx_busy_wait
                0x0000000000004756        0x4 modules/hal_nordic/modules/hal_nordic/nrfx/libmodules__hal_nordic__nrfx.a(nrfx_glue.c.obj)
                0x0000000000004756                nrfx_busy_wait
 .text.nrfx_flag32_alloc
                0x000000000000475a       0x3c modules/hal_nordic/modules/hal_nordic/nrfx/libmodules__hal_nordic__nrfx.a(nrfx_flag32_allocator.c.obj)
                0x000000000000475a                nrfx_flag32_alloc
 .text.nrfx_flag32_free
                0x0000000000004796       0x3a modules/hal_nordic/modules/hal_nordic/nrfx/libmodules__hal_nordic__nrfx.a(nrfx_flag32_allocator.c.obj)
                0x0000000000004796                nrfx_flag32_free
 .text.nrfx_gppi_conn_alloc
                0x00000000000047d0       0x2c modules/hal_nordic/modules/hal_nordic/nrfx/libmodules__hal_nordic__nrfx.a(nrfx_gppi_ppi.c.obj)
                0x00000000000047d0                nrfx_gppi_conn_alloc
 .text.nrfx_clock_start
                0x00000000000047fc       0x10 modules/hal_nordic/modules/hal_nordic/nrfx/libmodules__hal_nordic__nrfx.a(nrfx_clock.c.obj)
                0x00000000000047fc                nrfx_clock_start
 .text.nrfx_clock_stop
                0x000000000000480c       0x10 modules/hal_nordic/modules/hal_nordic/nrfx/libmodules__hal_nordic__nrfx.a(nrfx_clock.c.obj)
                0x000000000000480c                nrfx_clock_stop
 .text.CLOCK_POWER_IRQHandler
                0x000000000000481c        0xe modules/hal_nordic/modules/hal_nordic/nrfx/libmodules__hal_nordic__nrfx.a(nrfx_clock.c.obj)
                0x000000000000481c                CLOCK_POWER_IRQHandler
 .text.nrfx_clock_hfclk_stop
                0x000000000000482a        0x4 modules/hal_nordic/modules/hal_nordic/nrfx/libmodules__hal_nordic__nrfx.a(nrfx_clock_hfclk.c.obj)
                0x000000000000482a                nrfx_clock_hfclk_stop
 .text.clock_stop
                0x000000000000482e       0x32 modules/hal_nordic/modules/hal_nordic/nrfx/libmodules__hal_nordic__nrfx.a(nrfx_clock_lfclk.c.obj)
 .text.nrfx_clock_lfclk_stop
                0x0000000000004860        0x4 modules/hal_nordic/modules/hal_nordic/nrfx/libmodules__hal_nordic__nrfx.a(nrfx_clock_lfclk.c.obj)
                0x0000000000004860                nrfx_clock_lfclk_stop
 .text.nrf_gpio_reconfigure
                0x0000000000004864       0x92 modules/hal_nordic/modules/hal_nordic/nrfx/libmodules__hal_nordic__nrfx.a(nrfx_gpiote.c.obj)
 .text.nrf_gpio_cfg_sense_set
                0x00000000000048f6       0x1e modules/hal_nordic/modules/hal_nordic/nrfx/libmodules__hal_nordic__nrfx.a(nrfx_gpiote.c.obj)
 .text.pin_in_use_by_te
                0x0000000000004914       0x16 modules/hal_nordic/modules/hal_nordic/nrfx/libmodules__hal_nordic__nrfx.a(nrfx_gpiote.c.obj)
 .text.pin_is_output
                0x000000000000492a       0x16 modules/hal_nordic/modules/hal_nordic/nrfx/libmodules__hal_nordic__nrfx.a(nrfx_gpiote.c.obj)
 .text.pin_te_get
                0x0000000000004940       0x14 modules/hal_nordic/modules/hal_nordic/nrfx/libmodules__hal_nordic__nrfx.a(nrfx_gpiote.c.obj)
 .text.call_handler
                0x0000000000004954       0x3e modules/hal_nordic/modules/hal_nordic/nrfx/libmodules__hal_nordic__nrfx.a(nrfx_gpiote.c.obj)
 .text.release_handler
                0x0000000000004992       0x54 modules/hal_nordic/modules/hal_nordic/nrfx/libmodules__hal_nordic__nrfx.a(nrfx_gpiote.c.obj)
 .text.__nrfy_internal_gpiote_events_process
                0x00000000000049e6       0x50 modules/hal_nordic/modules/hal_nordic/nrfx/libmodules__hal_nordic__nrfx.a(nrfx_gpiote.c.obj)
 .text.pin_trigger_disable
                0x0000000000004a36       0x46 modules/hal_nordic/modules/hal_nordic/nrfx/libmodules__hal_nordic__nrfx.a(nrfx_gpiote.c.obj)
 .text.nrfx_gpiote_input_configure
                0x0000000000004a7c      0x170 modules/hal_nordic/modules/hal_nordic/nrfx/libmodules__hal_nordic__nrfx.a(nrfx_gpiote.c.obj)
                0x0000000000004a7c                nrfx_gpiote_input_configure
 .text.nrfx_gpiote_output_configure
                0x0000000000004bec       0xf2 modules/hal_nordic/modules/hal_nordic/nrfx/libmodules__hal_nordic__nrfx.a(nrfx_gpiote.c.obj)
                0x0000000000004bec                nrfx_gpiote_output_configure
 .text.nrfx_gpiote_global_callback_set
                0x0000000000004cde        0x6 modules/hal_nordic/modules/hal_nordic/nrfx/libmodules__hal_nordic__nrfx.a(nrfx_gpiote.c.obj)
                0x0000000000004cde                nrfx_gpiote_global_callback_set
 .text.nrfx_gpiote_channel_get
                0x0000000000004ce4       0x26 modules/hal_nordic/modules/hal_nordic/nrfx/libmodules__hal_nordic__nrfx.a(nrfx_gpiote.c.obj)
                0x0000000000004ce4                nrfx_gpiote_channel_get
 .text.nrfx_gpiote_init
                0x0000000000004d0a       0x38 modules/hal_nordic/modules/hal_nordic/nrfx/libmodules__hal_nordic__nrfx.a(nrfx_gpiote.c.obj)
                0x0000000000004d0a                nrfx_gpiote_init
 .text.nrfx_gpiote_init_check
                0x0000000000004d42        0xc modules/hal_nordic/modules/hal_nordic/nrfx/libmodules__hal_nordic__nrfx.a(nrfx_gpiote.c.obj)
                0x0000000000004d42                nrfx_gpiote_init_check
 .text.nrfx_gpiote_pin_uninit
                0x0000000000004d4e        0x4 modules/hal_nordic/modules/hal_nordic/nrfx/libmodules__hal_nordic__nrfx.a(nrfx_gpiote.c.obj)
                0x0000000000004d4e                nrfx_gpiote_pin_uninit
 .text.nrfx_gpiote_trigger_enable
                0x0000000000004d52       0xa6 modules/hal_nordic/modules/hal_nordic/nrfx/libmodules__hal_nordic__nrfx.a(nrfx_gpiote.c.obj)
                0x0000000000004d52                nrfx_gpiote_trigger_enable
 .text.nrfx_gpiote_trigger_disable
                0x0000000000004df8        0x4 modules/hal_nordic/modules/hal_nordic/nrfx/libmodules__hal_nordic__nrfx.a(nrfx_gpiote.c.obj)
                0x0000000000004df8                nrfx_gpiote_trigger_disable
 .text.z_impl_k_busy_wait
                0x0000000000004dfc        0x8 zephyr/kernel/libkernel.a(busy_wait.c.obj)
                0x0000000000004dfc                z_impl_k_busy_wait
 .text.do_device_init
                0x0000000000004e04       0x30 zephyr/kernel/libkernel.a(device.c.obj)
                0x0000000000004e04                do_device_init
 .text.z_impl_device_is_ready
                0x0000000000004e34       0x16 zephyr/kernel/libkernel.a(device.c.obj)
                0x0000000000004e34                z_impl_device_is_ready
 .text.arch_system_halt
                0x0000000000004e4a       0x10 zephyr/kernel/libkernel.a(fatal.c.obj)
                0x0000000000004e4a                arch_system_halt
 .text.k_sys_fatal_error_handler
                0x0000000000004e5a        0x6 zephyr/kernel/libkernel.a(fatal.c.obj)
                0x0000000000004e5a                k_sys_fatal_error_handler
 .text.create_free_list
                0x0000000000004e60       0x34 zephyr/kernel/libkernel.a(mem_slab.c.obj)
 .text.k_mem_slab_init
                0x0000000000004e94       0x1c zephyr/kernel/libkernel.a(mem_slab.c.obj)
                0x0000000000004e94                k_mem_slab_init
 .text.k_mem_slab_free
                0x0000000000004eb0       0x70 zephyr/kernel/libkernel.a(mem_slab.c.obj)
                0x0000000000004eb0                k_mem_slab_free
 .text.idle     0x0000000000004f20       0x16 zephyr/kernel/libkernel.a(idle.c.obj)
                0x0000000000004f20                idle
 .text.adjust_owner_prio.isra.0
                0x0000000000004f36       0x10 zephyr/kernel/libkernel.a(mutex.c.obj)
 .text.z_impl_k_mutex_init
                0x0000000000004f46        0xe zephyr/kernel/libkernel.a(mutex.c.obj)
                0x0000000000004f46                z_impl_k_mutex_init
 .text.k_is_in_isr
                0x0000000000004f54        0xc zephyr/kernel/libkernel.a(thread.c.obj)
                0x0000000000004f54                k_is_in_isr
 .text.sys_dlist_remove
                0x0000000000004f60       0x10 zephyr/kernel/libkernel.a(sched.c.obj)
 .text.unpend_thread_no_timeout
                0x0000000000004f70       0x14 zephyr/kernel/libkernel.a(sched.c.obj)
 .text.add_to_waitq_locked
                0x0000000000004f84       0x50 zephyr/kernel/libkernel.a(sched.c.obj)
 .text.z_ready_thread
                0x0000000000004fd4       0x1e zephyr/kernel/libkernel.a(sched.c.obj)
                0x0000000000004fd4                z_ready_thread
 .text.z_sched_wake_thread
                0x0000000000004ff2       0x3a zephyr/kernel/libkernel.a(sched.c.obj)
                0x0000000000004ff2                z_sched_wake_thread
 .text.z_thread_timeout
                0x000000000000502c        0x8 zephyr/kernel/libkernel.a(sched.c.obj)
                0x000000000000502c                z_thread_timeout
 .text.z_impl_k_sleep
                0x0000000000005034       0x4e zephyr/kernel/libkernel.a(sched.c.obj)
                0x0000000000005034                z_impl_k_sleep
 .text.next_timeout
                0x0000000000005082       0x2e zephyr/kernel/libkernel.a(timeout.c.obj)
 .text.z_abort_timeout
                0x00000000000050b0       0x50 zephyr/kernel/libkernel.a(timeout.c.obj)
                0x00000000000050b0                z_abort_timeout
 .text.sys_clock_tick_get_32
                0x0000000000005100        0x8 zephyr/kernel/libkernel.a(timeout.c.obj)
                0x0000000000005100                sys_clock_tick_get_32
 .text.memcpy   0x0000000000005108       0x1c c:\ncs\toolchains\66cdf9b75e\opt\zephyr-sdk\arm-zephyr-eabi\bin\../lib/gcc/../../picolibc/arm-zephyr-eabi/lib/thumb/v7e-m/nofp\libc.a(memcpy.c.o)
                0x0000000000005108                __aeabi_memcpy
                0x0000000000005108                __aeabi_memcpy4
                0x0000000000005108                __aeabi_memcpy8
                0x0000000000005108                memcpy
 .text.memset   0x0000000000005124       0x10 c:\ncs\toolchains\66cdf9b75e\opt\zephyr-sdk\arm-zephyr-eabi\bin\../lib/gcc/../../picolibc/arm-zephyr-eabi/lib/thumb/v7e-m/nofp\libc.a(memset.c.o)
                0x0000000000005124                memset
 .text.strncpy  0x0000000000005134       0x20 c:\ncs\toolchains\66cdf9b75e\opt\zephyr-sdk\arm-zephyr-eabi\bin\../lib/gcc/../../picolibc/arm-zephyr-eabi/lib/thumb/v7e-m/nofp\libc.a(libc_string_strncpy.c.o)
                0x0000000000005134                strncpy
 .text.strnlen  0x0000000000005154       0x18 c:\ncs\toolchains\66cdf9b75e\opt\zephyr-sdk\arm-zephyr-eabi\bin\../lib/gcc/../../picolibc/arm-zephyr-eabi/lib/thumb/v7e-m/nofp\libc.a(libc_string_strnlen.c.o)
                0x0000000000005154                strnlen
 .text.__ultoa_invert
                0x000000000000516c       0xae c:\ncs\toolchains\66cdf9b75e\opt\zephyr-sdk\arm-zephyr-eabi\bin\../lib/gcc/../../picolibc/arm-zephyr-eabi/lib/thumb/v7e-m/nofp\libc.a(libc_tinystdio_vflprintf.c.o)
 *(SORT_BY_ALIGNMENT(.TEXT.*))
 *fill*         0x000000000000521a        0x2 
 .TEXT.__aeabi_read_tp
                0x000000000000521c        0xc zephyr/arch/arch/arm/core/cortex_m/libarch__arm__core__cortex_m.a(__aeabi_read_tp.S.obj)
                0x000000000000521c                __aeabi_read_tp
 *(SORT_BY_ALIGNMENT(.gnu.linkonce.t.*))
 *(SORT_BY_ALIGNMENT(.glue_7t))
 .glue_7t       0x0000000000005228        0x0 linker stubs
 *(SORT_BY_ALIGNMENT(.glue_7))
 .glue_7        0x0000000000005228        0x0 linker stubs
 *(SORT_BY_ALIGNMENT(.vfp11_veneer))
 .vfp11_veneer  0x0000000000005228        0x0 linker stubs
 *(SORT_BY_ALIGNMENT(.v4_bx))
 .v4_bx         0x0000000000005228        0x0 linker stubs
                0x0000000000005228                . = ALIGN (0x4)
                0x0000000000005228                __text_region_end = .

.ARM.exidx      0x0000000000005228        0x0
                0x0000000000005228                __exidx_start = .
 *(SORT_BY_ALIGNMENT(.ARM.exidx*) SORT_BY_ALIGNMENT(gnu.linkonce.armexidx.*))
                0x0000000000005228                __exidx_end = .
                0x0000000000005228                __rodata_region_start = .

initlevel       0x0000000000005228       0x60
                0x0000000000005228                __init_start = .
                0x0000000000005228                __init_EARLY_start = .
 *(SORT_BY_NAME(SORT_BY_ALIGNMENT(.z_init_EARLY_P_?_*)))
 *(SORT_BY_NAME(SORT_BY_ALIGNMENT(.z_init_EARLY_P_??_*)))
 *(SORT_BY_NAME(SORT_BY_ALIGNMENT(.z_init_EARLY_P_???_*)))
                0x0000000000005228                __init_PRE_KERNEL_1_start = .
 *(SORT_BY_NAME(SORT_BY_ALIGNMENT(.z_init_PRE_KERNEL_1_P_?_*)))
 .z_init_PRE_KERNEL_1_P_0_SUB_0_
                0x0000000000005228        0x8 zephyr/soc/soc/nrf52840/libsoc__nordic.a(soc.c.obj)
 .z_init_PRE_KERNEL_1_P_0_SUB_0_
                0x0000000000005230        0x8 zephyr/soc/soc/nrf52840/libsoc__nordic.a(gppi_init.c.obj)
 *(SORT_BY_NAME(SORT_BY_ALIGNMENT(.z_init_PRE_KERNEL_1_P_??_*)))
 .z_init_PRE_KERNEL_1_P_30_SUB_00077_
                0x0000000000005238        0x8 zephyr/drivers/clock_control/libdrivers__clock_control.a(clock_control_nrf.c.obj)
 .z_init_PRE_KERNEL_1_P_30_SUB_0_
                0x0000000000005240        0x8 zephyr/kernel/libkernel.a(mem_slab.c.obj)
 .z_init_PRE_KERNEL_1_P_40_SUB_00011_
                0x0000000000005248        0x8 zephyr/drivers/gpio/libdrivers__gpio.a(gpio_nrfx.c.obj)
 .z_init_PRE_KERNEL_1_P_40_SUB_00107_
                0x0000000000005250        0x8 zephyr/drivers/gpio/libdrivers__gpio.a(gpio_nrfx.c.obj)
 .z_init_PRE_KERNEL_1_P_40_SUB_0_
                0x0000000000005258        0x8 modules/nrf/drivers/hw_cc3xx/lib..__nrf__drivers__hw_cc3xx.a(hw_cc3xx.c.obj)
 .z_init_PRE_KERNEL_1_P_50_SUB_00115_
                0x0000000000005260        0x8 zephyr/drivers/serial/libdrivers__serial.a(uart_nrfx_uarte.c.obj)
 .z_init_PRE_KERNEL_1_P_60_SUB_0_
                0x0000000000005268        0x8 zephyr/drivers/console/libdrivers__console.a(uart_console.c.obj)
 *(SORT_BY_NAME(SORT_BY_ALIGNMENT(.z_init_PRE_KERNEL_1_P_???_*)))
                0x0000000000005270                __init_PRE_KERNEL_2_start = .
 *(SORT_BY_NAME(SORT_BY_ALIGNMENT(.z_init_PRE_KERNEL_2_P_?_*)))
 .z_init_PRE_KERNEL_2_P_0_SUB_0_
                0x0000000000005270        0x8 zephyr/drivers/timer/libdrivers__timer.a(nrf_rtc_timer.c.obj)
 *(SORT_BY_NAME(SORT_BY_ALIGNMENT(.z_init_PRE_KERNEL_2_P_??_*)))
 *(SORT_BY_NAME(SORT_BY_ALIGNMENT(.z_init_PRE_KERNEL_2_P_???_*)))
                0x0000000000005278                __init_POST_KERNEL_start = .
 *(SORT_BY_NAME(SORT_BY_ALIGNMENT(.z_init_POST_KERNEL_P_?_*)))
 *(SORT_BY_NAME(SORT_BY_ALIGNMENT(.z_init_POST_KERNEL_P_??_*)))
 .z_init_POST_KERNEL_P_35_SUB_0_
                0x0000000000005278        0x8 zephyr/lib/libc/common/liblib__libc__common.a(malloc.c.obj)
 .z_init_POST_KERNEL_P_40_SUB_0_
                0x0000000000005280        0x8 modules/nrf/drivers/hw_cc3xx/lib..__nrf__drivers__hw_cc3xx.a(hw_cc3xx.c.obj)
 *(SORT_BY_NAME(SORT_BY_ALIGNMENT(.z_init_POST_KERNEL_P_???_*)))
                0x0000000000005288                __init_APPLICATION_start = .
 *(SORT_BY_NAME(SORT_BY_ALIGNMENT(.z_init_APPLICATION_P_?_*)))
 *(SORT_BY_NAME(SORT_BY_ALIGNMENT(.z_init_APPLICATION_P_??_*)))
 *(SORT_BY_NAME(SORT_BY_ALIGNMENT(.z_init_APPLICATION_P_???_*)))
                0x0000000000005288                __init_SMP_start = .
 *(SORT_BY_NAME(SORT_BY_ALIGNMENT(.z_init_SMP_P_?_*)))
 *(SORT_BY_NAME(SORT_BY_ALIGNMENT(.z_init_SMP_P_??_*)))
 *(SORT_BY_NAME(SORT_BY_ALIGNMENT(.z_init_SMP_P_???_*)))
                0x0000000000005288                __init_end = .

device_area     0x0000000000005288       0x80
                0x0000000000005288                _device_list_start = .
 *(SORT_BY_NAME(SORT_BY_ALIGNMENT(._device.static.*_?_*)))
 *(SORT_BY_NAME(SORT_BY_ALIGNMENT(._device.static.*_??_*)))
 ._device.static.1_30_
                0x0000000000005288       0x20 zephyr/drivers/clock_control/libdrivers__clock_control.a(clock_control_nrf.c.obj)
                0x0000000000005288                __device_dts_ord_77
 ._device.static.1_40_
                0x00000000000052a8       0x40 zephyr/drivers/gpio/libdrivers__gpio.a(gpio_nrfx.c.obj)
                0x00000000000052a8                __device_dts_ord_107
                0x00000000000052c8                __device_dts_ord_11
 ._device.static.1_50_
                0x00000000000052e8       0x20 zephyr/drivers/serial/libdrivers__serial.a(uart_nrfx_uarte.c.obj)
                0x00000000000052e8                __device_dts_ord_115
 *(SORT_BY_NAME(SORT_BY_ALIGNMENT(._device.static.*_???_*)))
 *(SORT_BY_NAME(SORT_BY_ALIGNMENT(._device.static.*_????_*)))
 *(SORT_BY_NAME(SORT_BY_ALIGNMENT(._device.static.*_?????_*)))
                0x0000000000005308                _device_list_end = .

sw_isr_table    0x0000000000005308      0x180
                0x0000000000005308                . = ALIGN (0x4)
 *(SORT_BY_ALIGNMENT(.gnu.linkonce.sw_isr_table*))
 .gnu.linkonce.sw_isr_table
                0x0000000000005308      0x180 zephyr/CMakeFiles/zephyr_final.dir/isr_tables.c.obj
                0x0000000000005308                _sw_isr_table

initlevel_error
                0x0000000000005228        0x0
 *(SORT_BY_NAME(SORT_BY_ALIGNMENT(.z_init_*)))
                0x0000000000000001                ASSERT ((SIZEOF (initlevel_error) == 0x0), Undefined initialization levels used.)

app_shmem_regions
                0x0000000000005488        0x0
                0x0000000000005488                __app_shmem_regions_start = .
 *(SORT_BY_NAME(SORT_BY_ALIGNMENT(.app_regions.*)))
                0x0000000000005488                __app_shmem_regions_end = .

k_p4wq_initparam_area
                0x0000000000005488        0x0
                0x0000000000005488                _k_p4wq_initparam_list_start = .
 *(SORT_BY_NAME(SORT_BY_ALIGNMENT(._k_p4wq_initparam.static.*)))
                0x0000000000005488                _k_p4wq_initparam_list_end = .

_static_thread_data_area
                0x0000000000005488        0x0
                0x0000000000005488                __static_thread_data_list_start = .
 *(SORT_BY_NAME(SORT_BY_ALIGNMENT(.__static_thread_data.static.*)))
                0x0000000000005488                __static_thread_data_list_end = .

device_deps     0x0000000000005488        0x0
                0x0000000000005488                __device_deps_start = .
 *(SORT_BY_NAME(SORT_BY_ALIGNMENT(.__device_deps_pass2*)))
                0x0000000000005488                __device_deps_end = .

gpio_driver_api_area
                0x0000000000005488       0x24
                0x0000000000005488                _gpio_driver_api_list_start = .
 *(SORT_BY_NAME(SORT_BY_ALIGNMENT(._gpio_driver_api.static.*)))
 ._gpio_driver_api.static.gpio_nrfx_drv_api_funcs_
                0x0000000000005488       0x24 zephyr/drivers/gpio/libdrivers__gpio.a(gpio_nrfx.c.obj)
                0x00000000000054ac                _gpio_driver_api_list_end = .

shared_irq_driver_api_area
                0x00000000000054ac        0x0
                0x00000000000054ac                _shared_irq_driver_api_list_start = .
 *(SORT_BY_NAME(SORT_BY_ALIGNMENT(._shared_irq_driver_api.static.*)))
                0x00000000000054ac                _shared_irq_driver_api_list_end = .

crypto_driver_api_area
                0x00000000000054ac        0x0
                0x00000000000054ac                _crypto_driver_api_list_start = .
 *(SORT_BY_NAME(SORT_BY_ALIGNMENT(._crypto_driver_api.static.*)))
                0x00000000000054ac                _crypto_driver_api_list_end = .

adc_driver_api_area
                0x00000000000054ac        0x0
                0x00000000000054ac                _adc_driver_api_list_start = .
 *(SORT_BY_NAME(SORT_BY_ALIGNMENT(._adc_driver_api.static.*)))
                0x00000000000054ac                _adc_driver_api_list_end = .

auxdisplay_driver_api_area
                0x00000000000054ac        0x0
                0x00000000000054ac                _auxdisplay_driver_api_list_start = .
 *(SORT_BY_NAME(SORT_BY_ALIGNMENT(._auxdisplay_driver_api.static.*)))
                0x00000000000054ac                _auxdisplay_driver_api_list_end = .

bbram_driver_api_area
                0x00000000000054ac        0x0
                0x00000000000054ac                _bbram_driver_api_list_start = .
 *(SORT_BY_NAME(SORT_BY_ALIGNMENT(._bbram_driver_api.static.*)))
                0x00000000000054ac                _bbram_driver_api_list_end = .

bt_hci_driver_api_area
                0x00000000000054ac        0x0
                0x00000000000054ac                _bt_hci_driver_api_list_start = .
 *(SORT_BY_NAME(SORT_BY_ALIGNMENT(._bt_hci_driver_api.static.*)))
                0x00000000000054ac                _bt_hci_driver_api_list_end = .

can_driver_api_area
                0x00000000000054ac        0x0
                0x00000000000054ac                _can_driver_api_list_start = .
 *(SORT_BY_NAME(SORT_BY_ALIGNMENT(._can_driver_api.static.*)))
                0x00000000000054ac                _can_driver_api_list_end = .

cellular_driver_api_area
                0x00000000000054ac        0x0
                0x00000000000054ac                _cellular_driver_api_list_start = .
 *(SORT_BY_NAME(SORT_BY_ALIGNMENT(._cellular_driver_api.static.*)))
                0x00000000000054ac                _cellular_driver_api_list_end = .

charger_driver_api_area
                0x00000000000054ac        0x0
                0x00000000000054ac                _charger_driver_api_list_start = .
 *(SORT_BY_NAME(SORT_BY_ALIGNMENT(._charger_driver_api.static.*)))
                0x00000000000054ac                _charger_driver_api_list_end = .

clock_control_driver_api_area
                0x00000000000054ac       0x1c
                0x00000000000054ac                _clock_control_driver_api_list_start = .
 *(SORT_BY_NAME(SORT_BY_ALIGNMENT(._clock_control_driver_api.static.*)))
 ._clock_control_driver_api.static.clock_control_api_
                0x00000000000054ac       0x1c zephyr/drivers/clock_control/libdrivers__clock_control.a(clock_control_nrf.c.obj)
                0x00000000000054c8                _clock_control_driver_api_list_end = .

comparator_driver_api_area
                0x00000000000054c8        0x0
                0x00000000000054c8                _comparator_driver_api_list_start = .
 *(SORT_BY_NAME(SORT_BY_ALIGNMENT(._comparator_driver_api.static.*)))
                0x00000000000054c8                _comparator_driver_api_list_end = .

coredump_driver_api_area
                0x00000000000054c8        0x0
                0x00000000000054c8                _coredump_driver_api_list_start = .
 *(SORT_BY_NAME(SORT_BY_ALIGNMENT(._coredump_driver_api.static.*)))
                0x00000000000054c8                _coredump_driver_api_list_end = .

counter_driver_api_area
                0x00000000000054c8        0x0
                0x00000000000054c8                _counter_driver_api_list_start = .
 *(SORT_BY_NAME(SORT_BY_ALIGNMENT(._counter_driver_api.static.*)))
                0x00000000000054c8                _counter_driver_api_list_end = .

crc_driver_api_area
                0x00000000000054c8        0x0
                0x00000000000054c8                _crc_driver_api_list_start = .
 *(SORT_BY_NAME(SORT_BY_ALIGNMENT(._crc_driver_api.static.*)))
                0x00000000000054c8                _crc_driver_api_list_end = .

dac_driver_api_area
                0x00000000000054c8        0x0
                0x00000000000054c8                _dac_driver_api_list_start = .
 *(SORT_BY_NAME(SORT_BY_ALIGNMENT(._dac_driver_api.static.*)))
                0x00000000000054c8                _dac_driver_api_list_end = .

dai_driver_api_area
                0x00000000000054c8        0x0
                0x00000000000054c8                _dai_driver_api_list_start = .
 *(SORT_BY_NAME(SORT_BY_ALIGNMENT(._dai_driver_api.static.*)))
                0x00000000000054c8                _dai_driver_api_list_end = .

display_driver_api_area
                0x00000000000054c8        0x0
                0x00000000000054c8                _display_driver_api_list_start = .
 *(SORT_BY_NAME(SORT_BY_ALIGNMENT(._display_driver_api.static.*)))
                0x00000000000054c8                _display_driver_api_list_end = .

dma_driver_api_area
                0x00000000000054c8        0x0
                0x00000000000054c8                _dma_driver_api_list_start = .
 *(SORT_BY_NAME(SORT_BY_ALIGNMENT(._dma_driver_api.static.*)))
                0x00000000000054c8                _dma_driver_api_list_end = .

edac_driver_api_area
                0x00000000000054c8        0x0
                0x00000000000054c8                _edac_driver_api_list_start = .
 *(SORT_BY_NAME(SORT_BY_ALIGNMENT(._edac_driver_api.static.*)))
                0x00000000000054c8                _edac_driver_api_list_end = .

eeprom_driver_api_area
                0x00000000000054c8        0x0
                0x00000000000054c8                _eeprom_driver_api_list_start = .
 *(SORT_BY_NAME(SORT_BY_ALIGNMENT(._eeprom_driver_api.static.*)))
                0x00000000000054c8                _eeprom_driver_api_list_end = .

emul_bbram_driver_api_area
                0x00000000000054c8        0x0
                0x00000000000054c8                _emul_bbram_driver_api_list_start = .
 *(SORT_BY_NAME(SORT_BY_ALIGNMENT(._emul_bbram_driver_api.static.*)))
                0x00000000000054c8                _emul_bbram_driver_api_list_end = .

fuel_gauge_emul_driver_api_area
                0x00000000000054c8        0x0
                0x00000000000054c8                _fuel_gauge_emul_driver_api_list_start = .
 *(SORT_BY_NAME(SORT_BY_ALIGNMENT(._fuel_gauge_emul_driver_api.static.*)))
                0x00000000000054c8                _fuel_gauge_emul_driver_api_list_end = .

emul_sensor_driver_api_area
                0x00000000000054c8        0x0
                0x00000000000054c8                _emul_sensor_driver_api_list_start = .
 *(SORT_BY_NAME(SORT_BY_ALIGNMENT(._emul_sensor_driver_api.static.*)))
                0x00000000000054c8                _emul_sensor_driver_api_list_end = .

entropy_driver_api_area
                0x00000000000054c8        0x0
                0x00000000000054c8                _entropy_driver_api_list_start = .
 *(SORT_BY_NAME(SORT_BY_ALIGNMENT(._entropy_driver_api.static.*)))
                0x00000000000054c8                _entropy_driver_api_list_end = .

espi_driver_api_area
                0x00000000000054c8        0x0
                0x00000000000054c8                _espi_driver_api_list_start = .
 *(SORT_BY_NAME(SORT_BY_ALIGNMENT(._espi_driver_api.static.*)))
                0x00000000000054c8                _espi_driver_api_list_end = .

espi_saf_driver_api_area
                0x00000000000054c8        0x0
                0x00000000000054c8                _espi_saf_driver_api_list_start = .
 *(SORT_BY_NAME(SORT_BY_ALIGNMENT(._espi_saf_driver_api.static.*)))
                0x00000000000054c8                _espi_saf_driver_api_list_end = .

flash_driver_api_area
                0x00000000000054c8        0x0
                0x00000000000054c8                _flash_driver_api_list_start = .
 *(SORT_BY_NAME(SORT_BY_ALIGNMENT(._flash_driver_api.static.*)))
                0x00000000000054c8                _flash_driver_api_list_end = .

fpga_driver_api_area
                0x00000000000054c8        0x0
                0x00000000000054c8                _fpga_driver_api_list_start = .
 *(SORT_BY_NAME(SORT_BY_ALIGNMENT(._fpga_driver_api.static.*)))
                0x00000000000054c8                _fpga_driver_api_list_end = .

fuel_gauge_driver_api_area
                0x00000000000054c8        0x0
                0x00000000000054c8                _fuel_gauge_driver_api_list_start = .
 *(SORT_BY_NAME(SORT_BY_ALIGNMENT(._fuel_gauge_driver_api.static.*)))
                0x00000000000054c8                _fuel_gauge_driver_api_list_end = .

gnss_driver_api_area
                0x00000000000054c8        0x0
                0x00000000000054c8                _gnss_driver_api_list_start = .
 *(SORT_BY_NAME(SORT_BY_ALIGNMENT(._gnss_driver_api.static.*)))
                0x00000000000054c8                _gnss_driver_api_list_end = .

haptics_driver_api_area
                0x00000000000054c8        0x0
                0x00000000000054c8                _haptics_driver_api_list_start = .
 *(SORT_BY_NAME(SORT_BY_ALIGNMENT(._haptics_driver_api.static.*)))
                0x00000000000054c8                _haptics_driver_api_list_end = .

hwspinlock_driver_api_area
                0x00000000000054c8        0x0
                0x00000000000054c8                _hwspinlock_driver_api_list_start = .
 *(SORT_BY_NAME(SORT_BY_ALIGNMENT(._hwspinlock_driver_api.static.*)))
                0x00000000000054c8                _hwspinlock_driver_api_list_end = .

i2c_driver_api_area
                0x00000000000054c8        0x0
                0x00000000000054c8                _i2c_driver_api_list_start = .
 *(SORT_BY_NAME(SORT_BY_ALIGNMENT(._i2c_driver_api.static.*)))
                0x00000000000054c8                _i2c_driver_api_list_end = .

i2c_target_driver_api_area
                0x00000000000054c8        0x0
                0x00000000000054c8                _i2c_target_driver_api_list_start = .
 *(SORT_BY_NAME(SORT_BY_ALIGNMENT(._i2c_target_driver_api.static.*)))
                0x00000000000054c8                _i2c_target_driver_api_list_end = .

i2s_driver_api_area
                0x00000000000054c8        0x0
                0x00000000000054c8                _i2s_driver_api_list_start = .
 *(SORT_BY_NAME(SORT_BY_ALIGNMENT(._i2s_driver_api.static.*)))
                0x00000000000054c8                _i2s_driver_api_list_end = .

i3c_driver_api_area
                0x00000000000054c8        0x0
                0x00000000000054c8                _i3c_driver_api_list_start = .
 *(SORT_BY_NAME(SORT_BY_ALIGNMENT(._i3c_driver_api.static.*)))
                0x00000000000054c8                _i3c_driver_api_list_end = .

ipm_driver_api_area
                0x00000000000054c8        0x0
                0x00000000000054c8                _ipm_driver_api_list_start = .
 *(SORT_BY_NAME(SORT_BY_ALIGNMENT(._ipm_driver_api.static.*)))
                0x00000000000054c8                _ipm_driver_api_list_end = .

led_driver_api_area
                0x00000000000054c8        0x0
                0x00000000000054c8                _led_driver_api_list_start = .
 *(SORT_BY_NAME(SORT_BY_ALIGNMENT(._led_driver_api.static.*)))
                0x00000000000054c8                _led_driver_api_list_end = .

led_strip_driver_api_area
                0x00000000000054c8        0x0
                0x00000000000054c8                _led_strip_driver_api_list_start = .
 *(SORT_BY_NAME(SORT_BY_ALIGNMENT(._led_strip_driver_api.static.*)))
                0x00000000000054c8                _led_strip_driver_api_list_end = .

lora_driver_api_area
                0x00000000000054c8        0x0
                0x00000000000054c8                _lora_driver_api_list_start = .
 *(SORT_BY_NAME(SORT_BY_ALIGNMENT(._lora_driver_api.static.*)))
                0x00000000000054c8                _lora_driver_api_list_end = .

mbox_driver_api_area
                0x00000000000054c8        0x0
                0x00000000000054c8                _mbox_driver_api_list_start = .
 *(SORT_BY_NAME(SORT_BY_ALIGNMENT(._mbox_driver_api.static.*)))
                0x00000000000054c8                _mbox_driver_api_list_end = .

mdio_driver_api_area
                0x00000000000054c8        0x0
                0x00000000000054c8                _mdio_driver_api_list_start = .
 *(SORT_BY_NAME(SORT_BY_ALIGNMENT(._mdio_driver_api.static.*)))
                0x00000000000054c8                _mdio_driver_api_list_end = .

mipi_dbi_driver_api_area
                0x00000000000054c8        0x0
                0x00000000000054c8                _mipi_dbi_driver_api_list_start = .
 *(SORT_BY_NAME(SORT_BY_ALIGNMENT(._mipi_dbi_driver_api.static.*)))
                0x00000000000054c8                _mipi_dbi_driver_api_list_end = .

mipi_dsi_driver_api_area
                0x00000000000054c8        0x0
                0x00000000000054c8                _mipi_dsi_driver_api_list_start = .
 *(SORT_BY_NAME(SORT_BY_ALIGNMENT(._mipi_dsi_driver_api.static.*)))
                0x00000000000054c8                _mipi_dsi_driver_api_list_end = .

mspi_driver_api_area
                0x00000000000054c8        0x0
                0x00000000000054c8                _mspi_driver_api_list_start = .
 *(SORT_BY_NAME(SORT_BY_ALIGNMENT(._mspi_driver_api.static.*)))
                0x00000000000054c8                _mspi_driver_api_list_end = .

peci_driver_api_area
                0x00000000000054c8        0x0
                0x00000000000054c8                _peci_driver_api_list_start = .
 *(SORT_BY_NAME(SORT_BY_ALIGNMENT(._peci_driver_api.static.*)))
                0x00000000000054c8                _peci_driver_api_list_end = .

ps2_driver_api_area
                0x00000000000054c8        0x0
                0x00000000000054c8                _ps2_driver_api_list_start = .
 *(SORT_BY_NAME(SORT_BY_ALIGNMENT(._ps2_driver_api.static.*)))
                0x00000000000054c8                _ps2_driver_api_list_end = .

ptp_clock_driver_api_area
                0x00000000000054c8        0x0
                0x00000000000054c8                _ptp_clock_driver_api_list_start = .
 *(SORT_BY_NAME(SORT_BY_ALIGNMENT(._ptp_clock_driver_api.static.*)))
                0x00000000000054c8                _ptp_clock_driver_api_list_end = .

pwm_driver_api_area
                0x00000000000054c8        0x0
                0x00000000000054c8                _pwm_driver_api_list_start = .
 *(SORT_BY_NAME(SORT_BY_ALIGNMENT(._pwm_driver_api.static.*)))
                0x00000000000054c8                _pwm_driver_api_list_end = .

regulator_parent_driver_api_area
                0x00000000000054c8        0x0
                0x00000000000054c8                _regulator_parent_driver_api_list_start = .
 *(SORT_BY_NAME(SORT_BY_ALIGNMENT(._regulator_parent_driver_api.static.*)))
                0x00000000000054c8                _regulator_parent_driver_api_list_end = .

regulator_driver_api_area
                0x00000000000054c8        0x0
                0x00000000000054c8                _regulator_driver_api_list_start = .
 *(SORT_BY_NAME(SORT_BY_ALIGNMENT(._regulator_driver_api.static.*)))
                0x00000000000054c8                _regulator_driver_api_list_end = .

reset_driver_api_area
                0x00000000000054c8        0x0
                0x00000000000054c8                _reset_driver_api_list_start = .
 *(SORT_BY_NAME(SORT_BY_ALIGNMENT(._reset_driver_api.static.*)))
                0x00000000000054c8                _reset_driver_api_list_end = .

retained_mem_driver_api_area
                0x00000000000054c8        0x0
                0x00000000000054c8                _retained_mem_driver_api_list_start = .
 *(SORT_BY_NAME(SORT_BY_ALIGNMENT(._retained_mem_driver_api.static.*)))
                0x00000000000054c8                _retained_mem_driver_api_list_end = .

rtc_driver_api_area
                0x00000000000054c8        0x0
                0x00000000000054c8                _rtc_driver_api_list_start = .
 *(SORT_BY_NAME(SORT_BY_ALIGNMENT(._rtc_driver_api.static.*)))
                0x00000000000054c8                _rtc_driver_api_list_end = .

sdhc_driver_api_area
                0x00000000000054c8        0x0
                0x00000000000054c8                _sdhc_driver_api_list_start = .
 *(SORT_BY_NAME(SORT_BY_ALIGNMENT(._sdhc_driver_api.static.*)))
                0x00000000000054c8                _sdhc_driver_api_list_end = .

sensor_driver_api_area
                0x00000000000054c8        0x0
                0x00000000000054c8                _sensor_driver_api_list_start = .
 *(SORT_BY_NAME(SORT_BY_ALIGNMENT(._sensor_driver_api.static.*)))
                0x00000000000054c8                _sensor_driver_api_list_end = .

smbus_driver_api_area
                0x00000000000054c8        0x0
                0x00000000000054c8                _smbus_driver_api_list_start = .
 *(SORT_BY_NAME(SORT_BY_ALIGNMENT(._smbus_driver_api.static.*)))
                0x00000000000054c8                _smbus_driver_api_list_end = .

spi_driver_api_area
                0x00000000000054c8        0x0
                0x00000000000054c8                _spi_driver_api_list_start = .
 *(SORT_BY_NAME(SORT_BY_ALIGNMENT(._spi_driver_api.static.*)))
                0x00000000000054c8                _spi_driver_api_list_end = .

stepper_driver_api_area
                0x00000000000054c8        0x0
                0x00000000000054c8                _stepper_driver_api_list_start = .
 *(SORT_BY_NAME(SORT_BY_ALIGNMENT(._stepper_driver_api.static.*)))
                0x00000000000054c8                _stepper_driver_api_list_end = .

syscon_driver_api_area
                0x00000000000054c8        0x0
                0x00000000000054c8                _syscon_driver_api_list_start = .
 *(SORT_BY_NAME(SORT_BY_ALIGNMENT(._syscon_driver_api.static.*)))
                0x00000000000054c8                _syscon_driver_api_list_end = .

tee_driver_api_area
                0x00000000000054c8        0x0
                0x00000000000054c8                _tee_driver_api_list_start = .
 *(SORT_BY_NAME(SORT_BY_ALIGNMENT(._tee_driver_api.static.*)))
                0x00000000000054c8                _tee_driver_api_list_end = .

video_driver_api_area
                0x00000000000054c8        0x0
                0x00000000000054c8                _video_driver_api_list_start = .
 *(SORT_BY_NAME(SORT_BY_ALIGNMENT(._video_driver_api.static.*)))
                0x00000000000054c8                _video_driver_api_list_end = .

virtio_driver_api_area
                0x00000000000054c8        0x0
                0x00000000000054c8                _virtio_driver_api_list_start = .
 *(SORT_BY_NAME(SORT_BY_ALIGNMENT(._virtio_driver_api.static.*)))
                0x00000000000054c8                _virtio_driver_api_list_end = .

w1_driver_api_area
                0x00000000000054c8        0x0
                0x00000000000054c8                _w1_driver_api_list_start = .
 *(SORT_BY_NAME(SORT_BY_ALIGNMENT(._w1_driver_api.static.*)))
                0x00000000000054c8                _w1_driver_api_list_end = .

wdt_driver_api_area
                0x00000000000054c8        0x0
                0x00000000000054c8                _wdt_driver_api_list_start = .
 *(SORT_BY_NAME(SORT_BY_ALIGNMENT(._wdt_driver_api.static.*)))
                0x00000000000054c8                _wdt_driver_api_list_end = .

can_transceiver_driver_api_area
                0x00000000000054c8        0x0
                0x00000000000054c8                _can_transceiver_driver_api_list_start = .
 *(SORT_BY_NAME(SORT_BY_ALIGNMENT(._can_transceiver_driver_api.static.*)))
                0x00000000000054c8                _can_transceiver_driver_api_list_end = .

nrf_clock_control_driver_api_area
                0x00000000000054c8        0x0
                0x00000000000054c8                _nrf_clock_control_driver_api_list_start = .
 *(SORT_BY_NAME(SORT_BY_ALIGNMENT(._nrf_clock_control_driver_api.static.*)))
                0x00000000000054c8                _nrf_clock_control_driver_api_list_end = .

i3c_target_driver_api_area
                0x00000000000054c8        0x0
                0x00000000000054c8                _i3c_target_driver_api_list_start = .
 *(SORT_BY_NAME(SORT_BY_ALIGNMENT(._i3c_target_driver_api.static.*)))
                0x00000000000054c8                _i3c_target_driver_api_list_end = .

its_driver_api_area
                0x00000000000054c8        0x0
                0x00000000000054c8                _its_driver_api_list_start = .
 *(SORT_BY_NAME(SORT_BY_ALIGNMENT(._its_driver_api.static.*)))
                0x00000000000054c8                _its_driver_api_list_end = .

vtd_driver_api_area
                0x00000000000054c8        0x0
                0x00000000000054c8                _vtd_driver_api_list_start = .
 *(SORT_BY_NAME(SORT_BY_ALIGNMENT(._vtd_driver_api.static.*)))
                0x00000000000054c8                _vtd_driver_api_list_end = .

renesas_elc_driver_api_area
                0x00000000000054c8        0x0
                0x00000000000054c8                _renesas_elc_driver_api_list_start = .
 *(SORT_BY_NAME(SORT_BY_ALIGNMENT(._renesas_elc_driver_api.static.*)))
                0x00000000000054c8                _renesas_elc_driver_api_list_end = .

tgpio_driver_api_area
                0x00000000000054c8        0x0
                0x00000000000054c8                _tgpio_driver_api_list_start = .
 *(SORT_BY_NAME(SORT_BY_ALIGNMENT(._tgpio_driver_api.static.*)))
                0x00000000000054c8                _tgpio_driver_api_list_end = .

pcie_ctrl_driver_api_area
                0x00000000000054c8        0x0
                0x00000000000054c8                _pcie_ctrl_driver_api_list_start = .
 *(SORT_BY_NAME(SORT_BY_ALIGNMENT(._pcie_ctrl_driver_api.static.*)))
                0x00000000000054c8                _pcie_ctrl_driver_api_list_end = .

pcie_ep_driver_api_area
                0x00000000000054c8        0x0
                0x00000000000054c8                _pcie_ep_driver_api_list_start = .
 *(SORT_BY_NAME(SORT_BY_ALIGNMENT(._pcie_ep_driver_api.static.*)))
                0x00000000000054c8                _pcie_ep_driver_api_list_end = .

psi5_driver_api_area
                0x00000000000054c8        0x0
                0x00000000000054c8                _psi5_driver_api_list_start = .
 *(SORT_BY_NAME(SORT_BY_ALIGNMENT(._psi5_driver_api.static.*)))
                0x00000000000054c8                _psi5_driver_api_list_end = .

sent_driver_api_area
                0x00000000000054c8        0x0
                0x00000000000054c8                _sent_driver_api_list_start = .
 *(SORT_BY_NAME(SORT_BY_ALIGNMENT(._sent_driver_api.static.*)))
                0x00000000000054c8                _sent_driver_api_list_end = .

svc_driver_api_area
                0x00000000000054c8        0x0
                0x00000000000054c8                _svc_driver_api_list_start = .
 *(SORT_BY_NAME(SORT_BY_ALIGNMENT(._svc_driver_api.static.*)))
                0x00000000000054c8                _svc_driver_api_list_end = .

uart_driver_api_area
                0x00000000000054c8        0xc
                0x00000000000054c8                _uart_driver_api_list_start = .
 *(SORT_BY_NAME(SORT_BY_ALIGNMENT(._uart_driver_api.static.*)))
 ._uart_driver_api.static.uart_nrfx_uarte_driver_api_
                0x00000000000054c8        0xc zephyr/drivers/serial/libdrivers__serial.a(uart_nrfx_uarte.c.obj)
                0x00000000000054d4                _uart_driver_api_list_end = .

bc12_emul_driver_api_area
                0x00000000000054d4        0x0
                0x00000000000054d4                _bc12_emul_driver_api_list_start = .
 *(SORT_BY_NAME(SORT_BY_ALIGNMENT(._bc12_emul_driver_api.static.*)))
                0x00000000000054d4                _bc12_emul_driver_api_list_end = .

bc12_driver_api_area
                0x00000000000054d4        0x0
                0x00000000000054d4                _bc12_driver_api_list_start = .
 *(SORT_BY_NAME(SORT_BY_ALIGNMENT(._bc12_driver_api.static.*)))
                0x00000000000054d4                _bc12_driver_api_list_end = .

usbc_ppc_driver_api_area
                0x00000000000054d4        0x0
                0x00000000000054d4                _usbc_ppc_driver_api_list_start = .
 *(SORT_BY_NAME(SORT_BY_ALIGNMENT(._usbc_ppc_driver_api.static.*)))
                0x00000000000054d4                _usbc_ppc_driver_api_list_end = .

tcpc_driver_api_area
                0x00000000000054d4        0x0
                0x00000000000054d4                _tcpc_driver_api_list_start = .
 *(SORT_BY_NAME(SORT_BY_ALIGNMENT(._tcpc_driver_api.static.*)))
                0x00000000000054d4                _tcpc_driver_api_list_end = .

usbc_vbus_driver_api_area
                0x00000000000054d4        0x0
                0x00000000000054d4                _usbc_vbus_driver_api_list_start = .
 *(SORT_BY_NAME(SORT_BY_ALIGNMENT(._usbc_vbus_driver_api.static.*)))
                0x00000000000054d4                _usbc_vbus_driver_api_list_end = .

ivshmem_driver_api_area
                0x00000000000054d4        0x0
                0x00000000000054d4                _ivshmem_driver_api_list_start = .
 *(SORT_BY_NAME(SORT_BY_ALIGNMENT(._ivshmem_driver_api.static.*)))
                0x00000000000054d4                _ivshmem_driver_api_list_end = .

ethphy_driver_api_area
                0x00000000000054d4        0x0
                0x00000000000054d4                _ethphy_driver_api_list_start = .
 *(SORT_BY_NAME(SORT_BY_ALIGNMENT(._ethphy_driver_api.static.*)))
                0x00000000000054d4                _ethphy_driver_api_list_end = .

ztest           0x00000000000054d4        0x0
                0x00000000000054d4                _ztest_expected_result_entry_list_start = .
 *(SORT_BY_NAME(SORT_BY_ALIGNMENT(._ztest_expected_result_entry.static.*)))
                0x00000000000054d4                _ztest_expected_result_entry_list_end = .
                0x00000000000054d4                _ztest_suite_node_list_start = .
 *(SORT_BY_NAME(SORT_BY_ALIGNMENT(._ztest_suite_node.static.*)))
                0x00000000000054d4                _ztest_suite_node_list_end = .
                0x00000000000054d4                _ztest_unit_test_list_start = .
 *(SORT_BY_NAME(SORT_BY_ALIGNMENT(._ztest_unit_test.static.*)))
                0x00000000000054d4                _ztest_unit_test_list_end = .
                0x00000000000054d4                _ztest_test_rule_list_start = .
 *(SORT_BY_NAME(SORT_BY_ALIGNMENT(._ztest_test_rule.static.*)))
                0x00000000000054d4                _ztest_test_rule_list_end = .

init_array      0x00000000000054d4        0x0
                0x00000000000054d4                __zephyr_init_array_start = .
 *(SORT_BY_INIT_PRIORITY(.init_array.*) SORT_BY_INIT_PRIORITY(.ctors.*))
 *(SORT_BY_ALIGNMENT(.init_array) SORT_BY_ALIGNMENT(.ctors))
                0x00000000000054d4                __zephyr_init_array_end = .
                0x0000000000000001                ASSERT ((__zephyr_init_array_start == __zephyr_init_array_end), GNU-style constructors required but STATIC_INIT_GNU not enabled)

bt_l2cap_fixed_chan_area
                0x00000000000054d4        0x0
                0x00000000000054d4                _bt_l2cap_fixed_chan_list_start = .
 *(SORT_BY_NAME(SORT_BY_ALIGNMENT(._bt_l2cap_fixed_chan.static.*)))
                0x00000000000054d4                _bt_l2cap_fixed_chan_list_end = .

bt_gatt_service_static_area
                0x00000000000054d4        0x0
                0x00000000000054d4                _bt_gatt_service_static_list_start = .
 *(SORT_BY_NAME(SORT_BY_ALIGNMENT(._bt_gatt_service_static.static.*)))
                0x00000000000054d4                _bt_gatt_service_static_list_end = .

log_strings_area
                0x00000000000054d4        0x0
                0x00000000000054d4                _log_strings_list_start = .
 *(SORT_BY_NAME(SORT_BY_ALIGNMENT(._log_strings.static.*)))
                0x00000000000054d4                _log_strings_list_end = .

log_stmesp_ptr_area
                0x00000000000054d4        0x0
                0x00000000000054d4                _log_stmesp_ptr_list_start = .
 *(SORT_BY_NAME(SORT_BY_ALIGNMENT(._log_stmesp_ptr.static.*)))
                0x00000000000054d4                _log_stmesp_ptr_list_end = .

log_stmesp_str_area
                0x00000000000054d4        0x0