Archive member included to satisfy reference by file (symbol)

app/libapp.a(main.c.obj)      (--whole-archive)
zephyr/libzephyr.a(validate_libc.c.obj)
                              (--whole-archive)
zephyr/libzephyr.a(heap.c.obj)
                              (--whole-archive)
zephyr/libzephyr.a(cbprintf_packaged.c.obj)
                              (--whole-archive)
zephyr/libzephyr.a(clock.c.obj)
                              (--whole-archive)
zephyr/libzephyr.a(printk.c.obj)
                              (--whole-archive)
zephyr/libzephyr.a(sem.c.obj)
                              (--whole-archive)
zephyr/libzephyr.a(thread_entry.c.obj)
                              (--whole-archive)
zephyr/libzephyr.a(cbprintf_complete.c.obj)
                              (--whole-archive)
zephyr/libzephyr.a(assert.c.obj)
                              (--whole-archive)
zephyr/libzephyr.a(dec.c.obj)
                              (--whole-archive)
zephyr/libzephyr.a(hex.c.obj)
                              (--whole-archive)
zephyr/libzephyr.a(rb.c.obj)  (--whole-archive)
zephyr/libzephyr.a(timeutil.c.obj)
                              (--whole-archive)
zephyr/libzephyr.a(bitarray.c.obj)
                              (--whole-archive)
zephyr/libzephyr.a(bitmask.c.obj)
                              (--whole-archive)
zephyr/libzephyr.a(onoff.c.obj)
                              (--whole-archive)
zephyr/libzephyr.a(notify.c.obj)
                              (--whole-archive)
zephyr/libzephyr.a(ring_buffer.c.obj)
                              (--whole-archive)
zephyr/libzephyr.a(last_section_id.c.obj)
                              (--whole-archive)
zephyr/libzephyr.a(configs.c.obj)
                              (--whole-archive)
zephyr/libzephyr.a(thread_info.c.obj)
                              (--whole-archive)
zephyr/libzephyr.a(mem_attr.c.obj)
                              (--whole-archive)
zephyr/libzephyr.a(tracing_none.c.obj)
                              (--whole-archive)
zephyr/libzephyr.a(banner.c.obj)
                              (--whole-archive)
zephyr/libzephyr.a(flash_map_partition_manager.c.obj)
                              (--whole-archive)
zephyr/libzephyr.a(nrf_cc3xx_platform_abort_zephyr.c.obj)
                              (--whole-archive)
zephyr/libzephyr.a(nrf_cc3xx_platform_mutex_zephyr.c.obj)
                              (--whole-archive)
zephyr/arch/common/libarch__common.a(sw_isr_common.c.obj)
                              (--whole-archive)
zephyr/arch/common/libarch__common.a(init.c.obj)
                              (--whole-archive)
zephyr/arch/common/libarch__common.a(xip.c.obj)
                              (--whole-archive)
zephyr/arch/arch/arm/core/libarch__arm__core.a(fatal.c.obj)
                              (--whole-archive)
zephyr/arch/arch/arm/core/libarch__arm__core.a(nmi.c.obj)
                              (--whole-archive)
zephyr/arch/arch/arm/core/libarch__arm__core.a(nmi_on_reset.S.obj)
                              (--whole-archive)
zephyr/arch/arch/arm/core/libarch__arm__core.a(tls.c.obj)
                              (--whole-archive)
zephyr/arch/arch/arm/core/cortex_m/libarch__arm__core__cortex_m.a(exc_exit.c.obj)
                              (--whole-archive)
zephyr/arch/arch/arm/core/cortex_m/libarch__arm__core__cortex_m.a(fault.c.obj)
                              (--whole-archive)
zephyr/arch/arch/arm/core/cortex_m/libarch__arm__core__cortex_m.a(fault_s.S.obj)
                              (--whole-archive)
zephyr/arch/arch/arm/core/cortex_m/libarch__arm__core__cortex_m.a(fpu.c.obj)
                              (--whole-archive)
zephyr/arch/arch/arm/core/cortex_m/libarch__arm__core__cortex_m.a(reset.S.obj)
                              (--whole-archive)
zephyr/arch/arch/arm/core/cortex_m/libarch__arm__core__cortex_m.a(scb.c.obj)
                              (--whole-archive)
zephyr/arch/arch/arm/core/cortex_m/libarch__arm__core__cortex_m.a(thread_abort.c.obj)
                              (--whole-archive)
zephyr/arch/arch/arm/core/cortex_m/libarch__arm__core__cortex_m.a(vector_table.S.obj)
                              (--whole-archive)
zephyr/arch/arch/arm/core/cortex_m/libarch__arm__core__cortex_m.a(swap_helper.S.obj)
                              (--whole-archive)
zephyr/arch/arch/arm/core/cortex_m/libarch__arm__core__cortex_m.a(irq_manage.c.obj)
                              (--whole-archive)
zephyr/arch/arch/arm/core/cortex_m/libarch__arm__core__cortex_m.a(prep_c.c.obj)
                              (--whole-archive)
zephyr/arch/arch/arm/core/cortex_m/libarch__arm__core__cortex_m.a(thread.c.obj)
                              (--whole-archive)
zephyr/arch/arch/arm/core/cortex_m/libarch__arm__core__cortex_m.a(cpu_idle.c.obj)
                              (--whole-archive)
zephyr/arch/arch/arm/core/cortex_m/libarch__arm__core__cortex_m.a(irq_init.c.obj)
                              (--whole-archive)
[...]
Memory Configuration

Name             Origin             Length             Attributes
FLASH            0x0000000000000000 0x0000000000100000 xr
RAM              0x0000000020000000 0x0000000000040000 xw
IDT_LIST         0x00000000ffff7fff 0x0000000000008000 xw
*default*        0x0000000000000000 0xffffffffffffffff

Linker script and memory map

                0x0000000000004374                vfprintf = __l_vfprintf
                0x0000000000000000                vfscanf = __l_vfscanf
LOAD zephyr/CMakeFiles/zephyr_pre0.dir/misc/empty_file.c.obj
LOAD zephyr/CMakeFiles/offsets.dir/./arch/arm/core/offsets/offsets.c.obj
LOAD app/libapp.a
LOAD zephyr/libzephyr.a
LOAD zephyr/arch/common/libarch__common.a
LOAD zephyr/arch/arch/arm/core/libarch__arm__core.a
LOAD zephyr/arch/arch/arm/core/cortex_m/libarch__arm__core__cortex_m.a
LOAD zephyr/arch/arch/arm/core/mpu/libarch__arm__core__mpu.a
LOAD zephyr/lib/libc/picolibc/liblib__libc__picolibc.a
LOAD zephyr/lib/libc/common/liblib__libc__common.a
LOAD zephyr/soc/soc/nrf52840/libsoc__nordic.a
LOAD zephyr/drivers/clock_control/libdrivers__clock_control.a
LOAD zephyr/drivers/console/libdrivers__console.a
LOAD zephyr/drivers/gpio/libdrivers__gpio.a
LOAD zephyr/drivers/pinctrl/libdrivers__pinctrl.a
LOAD zephyr/drivers/serial/libdrivers__serial.a
LOAD zephyr/drivers/timer/libdrivers__timer.a
LOAD modules/nrf/drivers/hw_cc3xx/lib..__nrf__drivers__hw_cc3xx.a
LOAD modules/hal_nordic/modules/hal_nordic/nrfx/libmodules__hal_nordic__nrfx.a
LOAD zephyr/kernel/libkernel.a
LOAD zephyr/arch/common/libisr_tables.a
LOAD C:/ncs/v3.2.0/nrfxlib/crypto/nrf_cc310_platform/lib/cortex-m4/soft-float/no-interrupts/libnrf_cc310_platform_0.9.19.a
LOAD c:\ncs\toolchains\66cdf9b75e\opt\zephyr-sdk\arm-zephyr-eabi\bin\../lib/gcc/../../picolibc/arm-zephyr-eabi/lib/thumb/v7e-m/nofp\libc.a
LOAD c:/ncs/toolchains/66cdf9b75e/opt/zephyr-sdk/arm-zephyr-eabi/bin/../lib/gcc/arm-zephyr-eabi/12.2.0/thumb/v7e-m/nofp\libgcc.a
                0x0000000000000020                _region_min_align = 0x20

.rel.plt        0x0000000000000000        0x0
 *(SORT_BY_ALIGNMENT(.rel.plt))
                [!provide]                        PROVIDE (__rel_iplt_start = .)
 *(SORT_BY_ALIGNMENT(.rel.iplt))
 .rel.iplt      0x0000000000000000        0x0 app/libapp.a(main.c.obj)
                [!provide]                        PROVIDE (__rel_iplt_end = .)

.rela.plt       0x0000000000000000        0x0
 *(SORT_BY_ALIGNMENT(.rela.plt))
                [!provide]                        PROVIDE (__rela_iplt_start = .)
 *(SORT_BY_ALIGNMENT(.rela.iplt))
                [!provide]                        PROVIDE (__rela_iplt_end = .)

.rel.dyn
 *(SORT_BY_ALIGNMENT(.rel.*))

.rela.dyn
 *(SORT_BY_ALIGNMENT(.rela.*))

/DISCARD/
 *(SORT_BY_ALIGNMENT(.plt))

/DISCARD/
 *(SORT_BY_ALIGNMENT(.iplt))
                0x0000000000000000                __rom_region_start = 0x0

rom_start       0x0000000000000000      0x100
                0x0000000000000000                __rom_start_address = .
 FILL mask 0x00
                0x0000000000000000                . = (. + (0x0 - (. - __rom_start_address)))
                0x0000000000000000                . = ALIGN (0x4)
                0x0000000000000000                . = ALIGN (0x80)
                0x0000000000000000                . = ALIGN (0x100)
                0x0000000000000000                _vector_start = .
 *(SORT_BY_ALIGNMENT(.exc_vector_table))
 *(SORT_BY_ALIGNMENT(.exc_vector_table.*))
 .exc_vector_table._vector_table_section
                0x0000000000000000       0x40 zephyr/arch/arch/arm/core/cortex_m/libarch__arm__core__cortex_m.a(vector_table.S.obj)
                0x0000000000000000                _vector_table
 *(SORT_BY_ALIGNMENT(.vectors))
                0x0000000000000100                _vector_end = .
                0x0000000000000040                . = ALIGN (0x4)
 *(SORT_BY_ALIGNMENT(.gnu.linkonce.irq_vector_table*))
 .gnu.linkonce.irq_vector_table
                0x0000000000000040       0xc0 zephyr/arch/common/libisr_tables.a(isr_tables.c.obj)
                0x0000000000000040                _irq_vector_table
                0x0000000000000100                _vector_end = .

text            0x0000000000000100     0x60b4
                0x0000000000000100                __text_region_start = .
 *(SORT_BY_ALIGNMENT(.text))
 .text          0x0000000000000100       0x30 c:/ncs/toolchains/66cdf9b75e/opt/zephyr-sdk/arm-zephyr-eabi/bin/../lib/gcc/arm-zephyr-eabi/12.2.0/thumb/v7e-m/nofp\libgcc.a(_aeabi_uldivmod.o)
                0x0000000000000100                __aeabi_uldivmod
 .text          0x0000000000000130        0x4 c:/ncs/toolchains/66cdf9b75e/opt/zephyr-sdk/arm-zephyr-eabi/bin/../lib/gcc/arm-zephyr-eabi/12.2.0/thumb/v7e-m/nofp\libgcc.a(_dvmd_tls.o)
                0x0000000000000130                __aeabi_idiv0
                0x0000000000000130                __aeabi_ldiv0
 .text          0x0000000000000134      0x2a0 c:/ncs/toolchains/66cdf9b75e/opt/zephyr-sdk/arm-zephyr-eabi/bin/../lib/gcc/arm-zephyr-eabi/12.2.0/thumb/v7e-m/nofp\libgcc.a(_udivmoddi4.o)
                0x0000000000000134                __udivmoddi4
 *(SORT_BY_ALIGNMENT(.text.*))
 .text.uart_cb  0x00000000000003d4       0x5c app/libapp.a(main.c.obj)
 .text.main     0x0000000000000430       0xb0 app/libapp.a(main.c.obj)
                0x0000000000000430                main
 .text.char_out
                0x00000000000004e0        0xc zephyr/libzephyr.a(printk.c.obj)
 .text.__printk_hook_install
                0x00000000000004ec        0xc zephyr/libzephyr.a(printk.c.obj)
                0x00000000000004ec                __printk_hook_install
 .text.vprintk  0x00000000000004f8       0x30 zephyr/libzephyr.a(printk.c.obj)
                0x00000000000004f8                vprintk
 .text.z_thread_entry
                0x0000000000000528       0x34 zephyr/libzephyr.a(thread_entry.c.obj)
                0x0000000000000528                z_thread_entry
 .text.process_event
                0x000000000000055c      0x21c zephyr/libzephyr.a(onoff.c.obj)
 .text.mem_attr_get_regions
                0x0000000000000778        0xc zephyr/libzephyr.a(mem_attr.c.obj)
                0x0000000000000778                mem_attr_get_regions
 .text.boot_banner
                0x0000000000000784       0x1c zephyr/libzephyr.a(banner.c.obj)
                0x0000000000000784                boot_banner
 .text.nrf_cc3xx_platform_abort_init
                0x00000000000007a0        0xc zephyr/libzephyr.a(nrf_cc3xx_platform_abort_zephyr.c.obj)
                0x00000000000007a0                nrf_cc3xx_platform_abort_init
 .text.mutex_free_platform
                0x00000000000007ac       0x54 zephyr/libzephyr.a(nrf_cc3xx_platform_mutex_zephyr.c.obj)
 .text.mutex_lock_platform
                0x0000000000000800       0x60 zephyr/libzephyr.a(nrf_cc3xx_platform_mutex_zephyr.c.obj)
 .text.mutex_unlock_platform
                0x0000000000000860       0x58 zephyr/libzephyr.a(nrf_cc3xx_platform_mutex_zephyr.c.obj)
 .text.mutex_init_platform
                0x00000000000008b8       0x94 zephyr/libzephyr.a(nrf_cc3xx_platform_mutex_zephyr.c.obj)
 .text.nrf_cc3xx_platform_mutex_init
                0x000000000000094c       0x2c zephyr/libzephyr.a(nrf_cc3xx_platform_mutex_zephyr.c.obj)
                0x000000000000094c                nrf_cc3xx_platform_mutex_init
 .text.arch_bss_zero
                0x0000000000000978       0x18 zephyr/arch/common/libarch__common.a(init.c.obj)
                0x0000000000000978                arch_bss_zero
 .text.arch_data_copy
                0x0000000000000990       0x38 zephyr/arch/common/libarch__common.a(xip.c.obj)
                0x0000000000000990                arch_data_copy
 .text.z_arm_fatal_error
                0x00000000000009c8       0x60 zephyr/arch/arch/arm/core/libarch__arm__core.a(fatal.c.obj)
                0x00000000000009c8                z_arm_fatal_error
 .text.z_SysNmiOnReset
                0x0000000000000a28        0x8 zephyr/arch/arch/arm/core/libarch__arm__core.a(nmi_on_reset.S.obj)
                0x0000000000000a28                z_SysNmiOnReset
 .text.arch_tls_stack_setup
                0x0000000000000a30       0x40 zephyr/arch/arch/arm/core/libarch__arm__core.a(tls.c.obj)
                0x0000000000000a30                arch_tls_stack_setup
 .text._HandlerModeExit
                0x0000000000000a70       0x20 zephyr/arch/arch/arm/core/cortex_m/libarch__arm__core__cortex_m.a(exc_exit.c.obj)
                0x0000000000000a70                z_arm_int_exit
                0x0000000000000a70                z_arm_exc_exit
 .text.mem_manage_fault
                0x0000000000000a90       0xf0 zephyr/arch/arch/arm/core/cortex_m/libarch__arm__core__cortex_m.a(fault.c.obj)
 .text.usage_fault.constprop.0
                0x0000000000000b80       0x98 zephyr/arch/arch/arm/core/cortex_m/libarch__arm__core__cortex_m.a(fault.c.obj)
 .text.bus_fault.constprop.0
                0x0000000000000c18       0xb8 zephyr/arch/arch/arm/core/cortex_m/libarch__arm__core__cortex_m.a(fault.c.obj)
 .text.z_arm_fault
                0x0000000000000cd0      0x1a0 zephyr/arch/arch/arm/core/cortex_m/libarch__arm__core__cortex_m.a(fault.c.obj)
                0x0000000000000cd0                z_arm_fault
 .text.z_arm_fault_init
                0x0000000000000e70       0x18 zephyr/arch/arch/arm/core/cortex_m/libarch__arm__core__cortex_m.a(fault.c.obj)
                0x0000000000000e70                z_arm_fault_init
 .text.__fault  0x0000000000000e88       0x14 zephyr/arch/arch/arm/core/cortex_m/libarch__arm__core__cortex_m.a(fault_s.S.obj)
                0x0000000000000e88                z_arm_usage_fault
                0x0000000000000e88                z_arm_mpu_fault
                0x0000000000000e88                z_arm_exc_spurious
                0x0000000000000e88                z_arm_debug_monitor
                0x0000000000000e88                z_arm_hard_fault
                0x0000000000000e88                z_arm_bus_fault
 .text._reset_section
                0x0000000000000e9c       0x60 zephyr/arch/arch/arm/core/cortex_m/libarch__arm__core__cortex_m.a(reset.S.obj)
                0x0000000000000e9c                __start
                0x0000000000000e9c                z_arm_reset
 .text.z_arm_clear_arm_mpu_config
                0x0000000000000efc       0x24 zephyr/arch/arch/arm/core/cortex_m/libarch__arm__core__cortex_m.a(scb.c.obj)
                0x0000000000000efc                z_arm_clear_arm_mpu_config
 .text.z_arm_init_arch_hw_at_boot
                0x0000000000000f20       0x64 zephyr/arch/arch/arm/core/cortex_m/libarch__arm__core__cortex_m.a(scb.c.obj)
                0x0000000000000f20                z_arm_init_arch_hw_at_boot
 .text.z_impl_k_thread_abort
                0x0000000000000f84       0x2c zephyr/arch/arch/arm/core/cortex_m/libarch__arm__core__cortex_m.a(thread_abort.c.obj)
                0x0000000000000f84                z_impl_k_thread_abort
 .text.z_arm_pendsv
                0x0000000000000fb0       0x64 zephyr/arch/arch/arm/core/cortex_m/libarch__arm__core__cortex_m.a(swap_helper.S.obj)
                0x0000000000000fb0                z_arm_pendsv
 .text.z_arm_svc
                0x0000000000001014       0x24 zephyr/arch/arch/arm/core/cortex_m/libarch__arm__core__cortex_m.a(swap_helper.S.obj)
                0x0000000000001014                z_arm_svc
 .text.arm_irq_enable
                0x0000000000001038       0x1c zephyr/arch/arch/arm/core/cortex_m/libarch__arm__core__cortex_m.a(irq_manage.c.obj)
                0x0000000000001038                arm_irq_enable
 .text.arm_irq_is_enabled
                0x0000000000001054       0x1c zephyr/arch/arch/arm/core/cortex_m/libarch__arm__core__cortex_m.a(irq_manage.c.obj)
                0x0000000000001054                arm_irq_is_enabled
 .text.arm_irq_priority_set
                0x0000000000001070       0x30 zephyr/arch/arch/arm/core/cortex_m/libarch__arm__core__cortex_m.a(irq_manage.c.obj)
                0x0000000000001070                arm_irq_priority_set
 .text.relocate_vector_table
                0x00000000000010a0       0x1c zephyr/arch/arch/arm/core/cortex_m/libarch__arm__core__cortex_m.a(prep_c.c.obj)
                0x00000000000010a0                relocate_vector_table
 .text.z_prep_c
                0x00000000000010bc       0x28 zephyr/arch/arch/arm/core/cortex_m/libarch__arm__core__cortex_m.a(prep_c.c.obj)
                0x00000000000010bc                z_prep_c
 .text.arch_new_thread
                0x00000000000010e4       0x38 zephyr/arch/arch/arm/core/cortex_m/libarch__arm__core__cortex_m.a(thread.c.obj)
                0x00000000000010e4                arch_new_thread
 .text.z_check_thread_stack_fail
                0x000000000000111c       0x30 zephyr/arch/arch/arm/core/cortex_m/libarch__arm__core__cortex_m.a(thread.c.obj)
                0x000000000000111c                z_check_thread_stack_fail
 .text.arch_switch_to_main_thread
                0x000000000000114c       0x40 zephyr/arch/arch/arm/core/cortex_m/libarch__arm__core__cortex_m.a(thread.c.obj)
                0x000000000000114c                arch_switch_to_main_thread
 .text.z_arm_cpu_idle_init
                0x000000000000118c        0xc zephyr/arch/arch/arm/core/cortex_m/libarch__arm__core__cortex_m.a(cpu_idle.c.obj)
                0x000000000000118c                z_arm_cpu_idle_init
 .text.z_arm_interrupt_init
                0x0000000000001198       0x18 zephyr/arch/arch/arm/core/cortex_m/libarch__arm__core__cortex_m.a(irq_init.c.obj)
                0x0000000000001198                z_arm_interrupt_init
 .text._isr_wrapper
                0x00000000000011b0       0x24 zephyr/arch/arch/arm/core/cortex_m/libarch__arm__core__cortex_m.a(isr_wrapper.c.obj)
                0x00000000000011b0                _isr_wrapper
 .text.z_arm_configure_static_mpu_regions
                0x00000000000011d4       0x18 zephyr/arch/arch/arm/core/mpu/libarch__arm__core__mpu.a(arm_core_mpu.c.obj)
                0x00000000000011d4                z_arm_configure_static_mpu_regions
 .text.z_arm_configure_dynamic_mpu_regions
                0x00000000000011ec       0x24 zephyr/arch/arch/arm/core/mpu/libarch__arm__core__mpu.a(arm_core_mpu.c.obj)
                0x00000000000011ec                z_arm_configure_dynamic_mpu_regions
 .text.region_init
                0x0000000000001210       0x28 zephyr/arch/arch/arm/core/mpu/libarch__arm__core__mpu.a(arm_mpu.c.obj)
 .text.mpu_configure_regions
                0x0000000000001238       0x6c zephyr/arch/arch/arm/core/mpu/libarch__arm__core__mpu.a(arm_mpu.c.obj)
 .text.arm_core_mpu_enable
                0x00000000000012a4       0x18 zephyr/arch/arch/arm/core/mpu/libarch__arm__core__mpu.a(arm_mpu.c.obj)
                0x00000000000012a4                arm_core_mpu_enable
 .text.arm_core_mpu_disable
                0x00000000000012bc       0x14 zephyr/arch/arch/arm/core/mpu/libarch__arm__core__mpu.a(arm_mpu.c.obj)
                0x00000000000012bc                arm_core_mpu_disable
 .text.arm_core_mpu_configure_static_mpu_regions
                0x00000000000012d0       0x14 zephyr/arch/arch/arm/core/mpu/libarch__arm__core__mpu.a(arm_mpu.c.obj)
                0x00000000000012d0                arm_core_mpu_configure_static_mpu_regions
 .text.arm_core_mpu_configure_dynamic_mpu_regions
                0x00000000000012e4       0x38 zephyr/arch/arch/arm/core/mpu/libarch__arm__core__mpu.a(arm_mpu.c.obj)
                0x00000000000012e4                arm_core_mpu_configure_dynamic_mpu_regions
 .text.z_arm_mpu_init
                0x000000000000131c      0x168 zephyr/arch/arch/arm/core/mpu/libarch__arm__core__mpu.a(arm_mpu.c.obj)
                0x000000000000131c                z_arm_mpu_init
 .text.z_impl_zephyr_fputc
                0x0000000000001484       0x10 zephyr/lib/libc/picolibc/liblib__libc__picolibc.a(stdio.c.obj)
                0x0000000000001484                z_impl_zephyr_fputc
 .text.__stdout_hook_install
                0x0000000000001494       0x18 zephyr/lib/libc/picolibc/liblib__libc__picolibc.a(stdio.c.obj)
                0x0000000000001494                __stdout_hook_install
 .text.malloc_prepare
                0x00000000000014ac       0x24 zephyr/lib/libc/common/liblib__libc__common.a(malloc.c.obj)
 .text.nordicsemi_nrf52_init
                0x00000000000014d0       0x44 zephyr/soc/soc/nrf52840/libsoc__nordic.a(soc.c.obj)
 .text.arch_busy_wait
                0x0000000000001514       0x24 zephyr/soc/soc/nrf52840/libsoc__nordic.a(soc.c.obj)
                0x0000000000001514                arch_busy_wait
 .text.gppi_init
                0x0000000000001538       0x1c zephyr/soc/soc/nrf52840/libsoc__nordic.a(gppi_init.c.obj)
 .text.onoff_stop
                0x0000000000001554       0x30 zephyr/drivers/clock_control/libdrivers__clock_control.a(clock_control_nrf.c.obj)
 .text.onoff_start
                0x0000000000001584       0x44 zephyr/drivers/clock_control/libdrivers__clock_control.a(clock_control_nrf.c.obj)
 .text.clk_init
                0x00000000000015c8       0x58 zephyr/drivers/clock_control/libdrivers__clock_control.a(clock_control_nrf.c.obj)
 .text.api_blocking_start
                0x0000000000001620       0x34 zephyr/drivers/clock_control/libdrivers__clock_control.a(clock_control_nrf.c.obj)
 .text.generic_hfclk_stop
                0x0000000000001654       0x34 zephyr/drivers/clock_control/libdrivers__clock_control.a(clock_control_nrf.c.obj)
 .text.clkstarted_handle.constprop.0
                0x0000000000001688       0x4c zephyr/drivers/clock_control/libdrivers__clock_control.a(clock_control_nrf.c.obj)
 .text.generic_hfclk_start
                0x00000000000016d4       0x78 zephyr/drivers/clock_control/libdrivers__clock_control.a(clock_control_nrf.c.obj)
 .text.clock_event_handler
                0x000000000000174c       0x1c zephyr/drivers/clock_control/libdrivers__clock_control.a(clock_control_nrf.c.obj)
 .text.z_nrf_clock_control_lf_on
                0x0000000000001768       0xfc zephyr/drivers/clock_control/libdrivers__clock_control.a(clock_control_nrf.c.obj)
                0x0000000000001768                z_nrf_clock_control_lf_on
 .text.uart_console_init
                0x0000000000001864       0x28 zephyr/drivers/console/libdrivers__console.a(uart_console.c.obj)
 .text.console_out
                0x000000000000188c       0x28 zephyr/drivers/console/libdrivers__console.a(uart_console.c.obj)
 .text.gpio_nrfx_pin_interrupt_configure
                0x00000000000018b4       0xfc zephyr/drivers/gpio/libdrivers__gpio.a(gpio_nrfx.c.obj)
 .text.nrfx_gpio_handler
                0x00000000000019b0       0x4c zephyr/drivers/gpio/libdrivers__gpio.a(gpio_nrfx.c.obj)
 .text.gpio_nrfx_init
                0x00000000000019fc       0x3c zephyr/drivers/gpio/libdrivers__gpio.a(gpio_nrfx.c.obj)
 .text.gpio_nrfx_pin_configure
                0x0000000000001a38      0x180 zephyr/drivers/gpio/libdrivers__gpio.a(gpio_nrfx.c.obj)
 .text.nrf_gpio_pin_port_decode
                0x0000000000001bb8       0x20 zephyr/drivers/pinctrl/libdrivers__pinctrl.a(pinctrl_nrf.c.obj)
 .text.pinctrl_configure_pins
                0x0000000000001bd8      0x1c4 zephyr/drivers/pinctrl/libdrivers__pinctrl.a(pinctrl_nrf.c.obj)
                0x0000000000001bd8                pinctrl_configure_pins
 .text.uarte_0_init
                0x0000000000001d9c      0x11c zephyr/drivers/serial/libdrivers__serial.a(uart_nrfx_uarte.c.obj)
 .text.uarte_nrfx_poll_out
                0x0000000000001eb8       0xd0 zephyr/drivers/serial/libdrivers__serial.a(uart_nrfx_uarte.c.obj)
 .text.uarte_nrfx_rx_enable
                0x0000000000001f88      0x190 zephyr/drivers/serial/libdrivers__serial.a(uart_nrfx_uarte.c.obj)
 .text.uarte_nrfx_tx
                0x0000000000002118       0xb4 zephyr/drivers/serial/libdrivers__serial.a(uart_nrfx_uarte.c.obj)
 .text.compare_int_lock
                0x00000000000021cc       0x48 zephyr/drivers/timer/libdrivers__timer.a(nrf_rtc_timer.c.obj)
 .text.sys_clock_timeout_handler
                0x0000000000002214       0x48 zephyr/drivers/timer/libdrivers__timer.a(nrf_rtc_timer.c.obj)
 .text.compare_int_unlock
                0x000000000000225c       0x5c zephyr/drivers/timer/libdrivers__timer.a(nrf_rtc_timer.c.obj)
 .text.z_nrf_rtc_timer_read
                0x00000000000022b8       0x44 zephyr/drivers/timer/libdrivers__timer.a(nrf_rtc_timer.c.obj)
                0x00000000000022b8                z_nrf_rtc_timer_read
 .text.compare_set
                0x00000000000022fc      0x130 zephyr/drivers/timer/libdrivers__timer.a(nrf_rtc_timer.c.obj)
 .text.sys_clock_driver_init
                0x000000000000242c       0x90 zephyr/drivers/timer/libdrivers__timer.a(nrf_rtc_timer.c.obj)
 .text.rtc_nrf_isr
                0x00000000000024bc       0xd4 zephyr/drivers/timer/libdrivers__timer.a(nrf_rtc_timer.c.obj)
                0x00000000000024bc                rtc_nrf_isr
 .text.sys_clock_set_timeout
                0x0000000000002590       0x5c zephyr/drivers/timer/libdrivers__timer.a(nrf_rtc_timer.c.obj)
                0x0000000000002590                sys_clock_set_timeout
 .text.sys_clock_elapsed
                0x00000000000025ec       0x14 zephyr/drivers/timer/libdrivers__timer.a(nrf_rtc_timer.c.obj)
                0x00000000000025ec                sys_clock_elapsed
 .text.nrf52_errata_98
                0x0000000000002600       0x24 modules/hal_nordic/modules/hal_nordic/nrfx/libmodules__hal_nordic__nrfx.a(system_nrf52840.c.obj)
 .text.nvmc_wait
                0x0000000000002624       0x10 modules/hal_nordic/modules/hal_nordic/nrfx/libmodules__hal_nordic__nrfx.a(system_nrf52840.c.obj)
                0x0000000000002624                nvmc_wait
 .text.SystemInit
                0x0000000000002634      0x1bc modules/hal_nordic/modules/hal_nordic/nrfx/libmodules__hal_nordic__nrfx.a(system_nrf52840.c.obj)
                0x0000000000002634                SystemInit
 .text.nrfx_gppi_init
                0x00000000000027f0        0xc modules/hal_nordic/modules/hal_nordic/nrfx/libmodules__hal_nordic__nrfx.a(nrfx_gppi_ppi.c.obj)
                0x00000000000027f0                nrfx_gppi_init
 .text.nrfx_gppi_domain_conn_alloc
                0x00000000000027fc       0x1c modules/hal_nordic/modules/hal_nordic/nrfx/libmodules__hal_nordic__nrfx.a(nrfx_gppi_ppi.c.obj)
                0x00000000000027fc                nrfx_gppi_domain_conn_alloc
 .text.nrfx_gppi_conn_enable
                0x0000000000002818       0x10 modules/hal_nordic/modules/hal_nordic/nrfx/libmodules__hal_nordic__nrfx.a(nrfx_gppi_ppi.c.obj)
                0x0000000000002818                nrfx_gppi_conn_enable
 .text.hfclk_event_handler
                0x0000000000002828        0xc modules/hal_nordic/modules/hal_nordic/nrfx/libmodules__hal_nordic__nrfx.a(nrfx_clock.c.obj)
 .text.lfclk_event_handler
                0x0000000000002834        0xc modules/hal_nordic/modules/hal_nordic/nrfx/libmodules__hal_nordic__nrfx.a(nrfx_clock.c.obj)
 .text.nrfx_clock_init
                0x0000000000002840       0x40 modules/hal_nordic/modules/hal_nordic/nrfx/libmodules__hal_nordic__nrfx.a(nrfx_clock.c.obj)
                0x0000000000002840                nrfx_clock_init
 .text.nrfx_clock_enable
                0x0000000000002880       0x20 modules/hal_nordic/modules/hal_nordic/nrfx/libmodules__hal_nordic__nrfx.a(nrfx_clock.c.obj)
                0x0000000000002880                nrfx_clock_enable
 .text.nrf52_errata_201
                0x00000000000028a0       0x24 modules/hal_nordic/modules/hal_nordic/nrfx/libmodules__hal_nordic__nrfx.a(nrfx_clock_hfclk.c.obj)
 .text.clock_stop
                0x00000000000028c4       0x4c modules/hal_nordic/modules/hal_nordic/nrfx/libmodules__hal_nordic__nrfx.a(nrfx_clock_hfclk.c.obj)
 .text.nrfx_clock_hfclk_init
                0x0000000000002910       0x28 modules/hal_nordic/modules/hal_nordic/nrfx/libmodules__hal_nordic__nrfx.a(nrfx_clock_hfclk.c.obj)
                0x0000000000002910                nrfx_clock_hfclk_init
 .text.nrfx_clock_hfclk_start
                0x0000000000002938       0x38 modules/hal_nordic/modules/hal_nordic/nrfx/libmodules__hal_nordic__nrfx.a(nrfx_clock_hfclk.c.obj)
                0x0000000000002938                nrfx_clock_hfclk_start
 .text.nrfx_clock_hfclk_irq_handler
                0x0000000000002970       0x40 modules/hal_nordic/modules/hal_nordic/nrfx/libmodules__hal_nordic__nrfx.a(nrfx_clock_hfclk.c.obj)
                0x0000000000002970                nrfx_clock_hfclk_irq_handler
 .text.nrfx_clock_lfclk_init
                0x00000000000029b0       0x24 modules/hal_nordic/modules/hal_nordic/nrfx/libmodules__hal_nordic__nrfx.a(nrfx_clock_lfclk.c.obj)
                0x00000000000029b0                nrfx_clock_lfclk_init
 .text.nrfx_clock_lfclk_start
                0x00000000000029d4       0x80 modules/hal_nordic/modules/hal_nordic/nrfx/libmodules__hal_nordic__nrfx.a(nrfx_clock_lfclk.c.obj)
                0x00000000000029d4                nrfx_clock_lfclk_start
 .text.nrfx_clock_lfclk_irq_handler
                0x0000000000002a54       0x70 modules/hal_nordic/modules/hal_nordic/nrfx/libmodules__hal_nordic__nrfx.a(nrfx_clock_lfclk.c.obj)
                0x0000000000002a54                nrfx_clock_lfclk_irq_handler
 .text.nrf_gpio_pin_port_decode
                0x0000000000002ac4       0x20 modules/hal_nordic/modules/hal_nordic/nrfx/libmodules__hal_nordic__nrfx.a(nrfx_gpiote.c.obj)
 .text.get_pin_idx
                0x0000000000002ae4       0x14 modules/hal_nordic/modules/hal_nordic/nrfx/libmodules__hal_nordic__nrfx.a(nrfx_gpiote.c.obj)
 .text.latch_pending_read_and_check
                0x0000000000002af8       0x64 modules/hal_nordic/modules/hal_nordic/nrfx/libmodules__hal_nordic__nrfx.a(nrfx_gpiote.c.obj)
 .text.pin_uninit
                0x0000000000002b5c       0x7c modules/hal_nordic/modules/hal_nordic/nrfx/libmodules__hal_nordic__nrfx.a(nrfx_gpiote.c.obj)
 .text.nrfx_gpiote_channel_free
                0x0000000000002bd8        0xc modules/hal_nordic/modules/hal_nordic/nrfx/libmodules__hal_nordic__nrfx.a(nrfx_gpiote.c.obj)
                0x0000000000002bd8                nrfx_gpiote_channel_free
 .text.nrfx_gpiote_channel_alloc
                0x0000000000002be4       0x18 modules/hal_nordic/modules/hal_nordic/nrfx/libmodules__hal_nordic__nrfx.a(nrfx_gpiote.c.obj)
                0x0000000000002be4                nrfx_gpiote_channel_alloc
 .text.nrfx_gpiote_irq_handler
                0x0000000000002bfc      0x1d0 modules/hal_nordic/modules/hal_nordic/nrfx/libmodules__hal_nordic__nrfx.a(nrfx_gpiote.c.obj)
                0x0000000000002bfc                nrfx_gpiote_irq_handler
 .text.z_fatal_error
                0x0000000000002dcc       0x30 zephyr/kernel/libkernel.a(fatal.c.obj)
                0x0000000000002dcc                z_fatal_error
 .text.z_sys_init_run_level
                0x0000000000002dfc       0x30 zephyr/kernel/libkernel.a(init.c.obj)
 .text.bg_thread_main
                0x0000000000002e2c       0xc0 zephyr/kernel/libkernel.a(init.c.obj)
 .text.z_init_cpu
                0x0000000000002eec       0x78 zephyr/kernel/libkernel.a(init.c.obj)
                0x0000000000002eec                z_init_cpu
 .text.z_cstart
                0x0000000000002f64       0xcc zephyr/kernel/libkernel.a(init.c.obj)
                0x0000000000002f64                z_cstart
 .text.init_mem_slab_obj_core_list
                0x0000000000003030       0x24 zephyr/kernel/libkernel.a(mem_slab.c.obj)
 .text.k_mem_slab_alloc
                0x0000000000003054       0x5c zephyr/kernel/libkernel.a(mem_slab.c.obj)
                0x0000000000003054                k_mem_slab_alloc
 .text.z_impl_k_mutex_lock
                0x00000000000030b0       0xf0 zephyr/kernel/libkernel.a(mutex.c.obj)
                0x00000000000030b0                z_impl_k_mutex_lock
 .text.z_impl_k_mutex_unlock
                0x00000000000031a0       0xa0 zephyr/kernel/libkernel.a(mutex.c.obj)
                0x00000000000031a0                z_impl_k_mutex_unlock
 .text.z_impl_k_sem_give
                0x0000000000003240       0x68 zephyr/kernel/libkernel.a(sem.c.obj)
                0x0000000000003240                z_impl_k_sem_give
 .text.z_impl_k_sem_take
                0x00000000000032a8       0x4c zephyr/kernel/libkernel.a(sem.c.obj)
                0x00000000000032a8                z_impl_k_sem_take
 .text.z_setup_new_thread
                0x00000000000032f4       0xec zephyr/kernel/libkernel.a(thread.c.obj)
                0x00000000000032f4                z_setup_new_thread
 .text.z_dummy_thread_init
                0x00000000000033e0       0x1c zephyr/kernel/libkernel.a(thread.c.obj)
                0x00000000000033e0                z_dummy_thread_init
 .text.z_swap_irqlock
                0x00000000000033fc       0x34 zephyr/kernel/libkernel.a(sched.c.obj)
 .text.ready_thread
                0x0000000000003430       0x84 zephyr/kernel/libkernel.a(sched.c.obj)
 .text.unready_thread
                0x00000000000034b4       0x54 zephyr/kernel/libkernel.a(sched.c.obj)
 .text.add_thread_timeout
                0x0000000000003508       0x1c zephyr/kernel/libkernel.a(sched.c.obj)
 .text.move_thread_to_end_of_prio_q
                0x0000000000003524       0x90 zephyr/kernel/libkernel.a(sched.c.obj)
                0x0000000000003524                move_thread_to_end_of_prio_q
 .text.z_pend_curr
                0x00000000000035b4       0x44 zephyr/kernel/libkernel.a(sched.c.obj)
                0x00000000000035b4                z_pend_curr
 .text.z_thread_prio_set
                0x00000000000035f8       0xe4 zephyr/kernel/libkernel.a(sched.c.obj)
                0x00000000000035f8                z_thread_prio_set
 .text.z_reschedule
                0x00000000000036dc       0x24 zephyr/kernel/libkernel.a(sched.c.obj)
                0x00000000000036dc                z_reschedule
 .text.z_reschedule_irqlock
                0x0000000000003700       0x28 zephyr/kernel/libkernel.a(sched.c.obj)
                0x0000000000003700                z_reschedule_irqlock
 .text.k_sched_lock
                0x0000000000003728       0x28 zephyr/kernel/libkernel.a(sched.c.obj)
                0x0000000000003728                k_sched_lock
 .text.k_sched_unlock
                0x0000000000003750       0x68 zephyr/kernel/libkernel.a(sched.c.obj)
                0x0000000000003750                k_sched_unlock
 .text.z_sched_init
                0x00000000000037b8       0x10 zephyr/kernel/libkernel.a(sched.c.obj)
                0x00000000000037b8                z_sched_init
 .text.z_impl_k_yield
                0x00000000000037c8       0x88 zephyr/kernel/libkernel.a(sched.c.obj)
                0x00000000000037c8                z_impl_k_yield
 .text.z_tick_sleep
                0x0000000000003850       0x78 zephyr/kernel/libkernel.a(sched.c.obj)
 .text.z_impl_k_wakeup
                0x00000000000038c8       0x48 zephyr/kernel/libkernel.a(sched.c.obj)
                0x00000000000038c8                z_impl_k_wakeup
 .text.z_impl_k_sched_current_thread_query
                0x0000000000003910        0xc zephyr/kernel/libkernel.a(sched.c.obj)
                0x0000000000003910                z_impl_k_sched_current_thread_query
 .text.z_thread_abort
                0x000000000000391c      0x144 zephyr/kernel/libkernel.a(sched.c.obj)
                0x000000000000391c                z_thread_abort
 .text.slice_timeout
                0x0000000000003a60       0x20 zephyr/kernel/libkernel.a(timeslicing.c.obj)
 .text.thread_is_sliceable
                0x0000000000003a80       0x3c zephyr/kernel/libkernel.a(timeslicing.c.obj)
                0x0000000000003a80                thread_is_sliceable
 .text.z_reset_time_slice
                0x0000000000003abc       0x50 zephyr/kernel/libkernel.a(timeslicing.c.obj)
                0x0000000000003abc                z_reset_time_slice
 .text.z_time_slice
                0x0000000000003b0c       0x60 zephyr/kernel/libkernel.a(timeslicing.c.obj)
                0x0000000000003b0c                z_time_slice
 .text.z_thread_monitor_exit
                0x0000000000003b6c       0x3c zephyr/kernel/libkernel.a(thread_monitor.c.obj)
                0x0000000000003b6c                z_thread_monitor_exit
 .text.first    0x0000000000003ba8       0x10 zephyr/kernel/libkernel.a(timeout.c.obj)
 .text.elapsed  0x0000000000003bb8       0x14 zephyr/kernel/libkernel.a(timeout.c.obj)
 .text.remove_timeout
                0x0000000000003bcc       0x38 zephyr/kernel/libkernel.a(timeout.c.obj)
 .text.z_add_timeout
                0x0000000000003c04      0x120 zephyr/kernel/libkernel.a(timeout.c.obj)
                0x0000000000003c04                z_add_timeout
 .text.sys_clock_announce
                0x0000000000003d24       0xc0 zephyr/kernel/libkernel.a(timeout.c.obj)
                0x0000000000003d24                sys_clock_announce
 .text.sys_clock_tick_get
                0x0000000000003de4       0x30 zephyr/kernel/libkernel.a(timeout.c.obj)
                0x0000000000003de4                sys_clock_tick_get
 .text.z_timer_expiration_handler
                0x0000000000003e14      0x110 zephyr/kernel/libkernel.a(timer.c.obj)
                0x0000000000003e14                z_timer_expiration_handler
 .text.z_impl_k_timer_start
                0x0000000000003f24       0x70 zephyr/kernel/libkernel.a(timer.c.obj)
                0x0000000000003f24                z_impl_k_timer_start
 .text.nrf_cc3xx_platform_init_no_rng
                0x0000000000003f94       0x38 C:/ncs/v3.2.0/nrfxlib/crypto/nrf_cc310_platform/lib/cortex-m4/soft-float/no-interrupts/libnrf_cc310_platform_0.9.19.a(nrf_cc3xx_platform.c.obj)
                0x0000000000003f94                nrf_cc3xx_platform_init_no_rng
 .text.nrf_cc3xx_platform_abort
                0x0000000000003fcc       0x24 C:/ncs/v3.2.0/nrfxlib/crypto/nrf_cc310_platform/lib/cortex-m4/soft-float/no-interrupts/libnrf_cc310_platform_0.9.19.a(nrf_cc3xx_platform_abort.c.obj)
 .text.CC_PalAbort
                0x0000000000003ff0       0x34 C:/ncs/v3.2.0/nrfxlib/crypto/nrf_cc310_platform/lib/cortex-m4/soft-float/no-interrupts/libnrf_cc310_platform_0.9.19.a(nrf_cc3xx_platform_abort.c.obj)
                0x0000000000003ff0                CC_PalAbort
 .text.nrf_cc3xx_platform_set_abort
                0x0000000000004024       0x10 C:/ncs/v3.2.0/nrfxlib/crypto/nrf_cc310_platform/lib/cortex-m4/soft-float/no-interrupts/libnrf_cc310_platform_0.9.19.a(nrf_cc3xx_platform_abort.c.obj)
                0x0000000000004024                nrf_cc3xx_platform_set_abort
 .text.mutex_free
                0x0000000000004034       0x34 C:/ncs/v3.2.0/nrfxlib/crypto/nrf_cc310_platform/lib/cortex-m4/soft-float/no-interrupts/libnrf_cc310_platform_0.9.19.a(nrf_cc3xx_platform_mutex.c.obj)
 .text.mutex_lock
                0x0000000000004068       0x48 C:/ncs/v3.2.0/nrfxlib/crypto/nrf_cc310_platform/lib/cortex-m4/soft-float/no-interrupts/libnrf_cc310_platform_0.9.19.a(nrf_cc3xx_platform_mutex.c.obj)
 .text.mutex_unlock
                0x00000000000040b0       0x38 C:/ncs/v3.2.0/nrfxlib/crypto/nrf_cc310_platform/lib/cortex-m4/soft-float/no-interrupts/libnrf_cc310_platform_0.9.19.a(nrf_cc3xx_platform_mutex.c.obj)
 .text.mutex_init
                0x00000000000040e8       0x20 C:/ncs/v3.2.0/nrfxlib/crypto/nrf_cc310_platform/lib/cortex-m4/soft-float/no-interrupts/libnrf_cc310_platform_0.9.19.a(nrf_cc3xx_platform_mutex.c.obj)
 .text.nrf_cc3xx_platform_set_mutexes
                0x0000000000004108       0x74 C:/ncs/v3.2.0/nrfxlib/crypto/nrf_cc310_platform/lib/cortex-m4/soft-float/no-interrupts/libnrf_cc310_platform_0.9.19.a(nrf_cc3xx_platform_mutex.c.obj)
                0x0000000000004108                nrf_cc3xx_platform_set_mutexes
 .text.CC_LibInitNoRng
                0x000000000000417c       0x64 C:/ncs/v3.2.0/nrfxlib/crypto/nrf_cc310_platform/lib/cortex-m4/soft-float/no-interrupts/libnrf_cc310_platform_0.9.19.a(cc_lib.c.obj)
                0x000000000000417c                CC_LibInitNoRng
 .text.CC_HalInit
                0x00000000000041e0        0x4 C:/ncs/v3.2.0/nrfxlib/crypto/nrf_cc310_platform/lib/cortex-m4/soft-float/no-interrupts/libnrf_cc310_platform_0.9.19.a(cc_hal.c.obj)
                0x00000000000041e0                CC_HalInit
 .text.CC_HalTerminate
                0x00000000000041e4        0x4 C:/ncs/v3.2.0/nrfxlib/crypto/nrf_cc310_platform/lib/cortex-m4/soft-float/no-interrupts/libnrf_cc310_platform_0.9.19.a(cc_hal.c.obj)
                0x00000000000041e4                CC_HalTerminate
 .text.CC_HalMaskInterrupt
                0x00000000000041e8        0xc C:/ncs/v3.2.0/nrfxlib/crypto/nrf_cc310_platform/lib/cortex-m4/soft-float/no-interrupts/libnrf_cc310_platform_0.9.19.a(cc_hal.c.obj)
                0x00000000000041e8                CC_HalMaskInterrupt
 .text.CC_PalInit
                0x00000000000041f4       0x5c C:/ncs/v3.2.0/nrfxlib/crypto/nrf_cc310_platform/lib/cortex-m4/soft-float/no-interrupts/libnrf_cc310_platform_0.9.19.a(cc_pal.c.obj)
                0x00000000000041f4                CC_PalInit
 .text.CC_PalTerminate
                0x0000000000004250       0x34 C:/ncs/v3.2.0/nrfxlib/crypto/nrf_cc310_platform/lib/cortex-m4/soft-float/no-interrupts/libnrf_cc310_platform_0.9.19.a(cc_pal.c.obj)
                0x0000000000004250                CC_PalTerminate
 .text.CC_PalDmaInit
                0x0000000000004284        0x4 C:/ncs/v3.2.0/nrfxlib/crypto/nrf_cc310_platform/lib/cortex-m4/soft-float/no-interrupts/libnrf_cc310_platform_0.9.19.a(cc_pal_dma.c.obj)
                0x0000000000004284                CC_PalDmaInit
 .text.CC_PalDmaTerminate
                0x0000000000004288        0x4 C:/ncs/v3.2.0/nrfxlib/crypto/nrf_cc310_platform/lib/cortex-m4/soft-float/no-interrupts/libnrf_cc310_platform_0.9.19.a(cc_pal_dma.c.obj)
                0x0000000000004288                CC_PalDmaTerminate
 .text.CC_PalMutexCreate
                0x000000000000428c       0x14 C:/ncs/v3.2.0/nrfxlib/crypto/nrf_cc310_platform/lib/cortex-m4/soft-float/no-interrupts/libnrf_cc310_platform_0.9.19.a(cc_pal_mutex.c.obj)
                0x000000000000428c                CC_PalMutexCreate
 .text.CC_PalMutexDestroy
                0x00000000000042a0       0x14 C:/ncs/v3.2.0/nrfxlib/crypto/nrf_cc310_platform/lib/cortex-m4/soft-float/no-interrupts/libnrf_cc310_platform_0.9.19.a(cc_pal_mutex.c.obj)
                0x00000000000042a0                CC_PalMutexDestroy
 .text.CC_PalPowerSaveModeInit
                0x00000000000042b4       0x3c C:/ncs/v3.2.0/nrfxlib/crypto/nrf_cc310_platform/lib/cortex-m4/soft-float/no-interrupts/libnrf_cc310_platform_0.9.19.a(cc_pal_pm.c.obj)
                0x00000000000042b4                CC_PalPowerSaveModeInit
 .text.CC_PalPowerSaveModeSelect
                0x00000000000042f0       0x84 C:/ncs/v3.2.0/nrfxlib/crypto/nrf_cc310_platform/lib/cortex-m4/soft-float/no-interrupts/libnrf_cc310_platform_0.9.19.a(cc_pal_pm.c.obj)
                0x00000000000042f0                CC_PalPowerSaveModeSelect
 .text.__l_vfprintf
                0x0000000000004374      0x4b8 c:\ncs\toolchains\66cdf9b75e\opt\zephyr-sdk\arm-zephyr-eabi\bin\../lib/gcc/../../picolibc/arm-zephyr-eabi/lib/thumb/v7e-m/nofp\libc.a(libc_tinystdio_vflprintf.c.o)
                0x0000000000004374                __l_vfprintf
 .text._OffsetAbsSyms
                0x000000000000482c        0x2 zephyr/CMakeFiles/offsets.dir/./arch/arm/core/offsets/offsets.c.obj
                0x000000000000482c                _OffsetAbsSyms
 .text.gpio_pin_configure_dt.constprop.0
                0x000000000000482e       0x34 app/libapp.a(main.c.obj)
 .text.gpio_pin_toggle_dt.isra.0
                0x0000000000004862       0x10 app/libapp.a(main.c.obj)
 .text.chunk_field
                0x0000000000004872       0x16 zephyr/libzephyr.a(heap.c.obj)
 .text.chunk_set
                0x0000000000004888       0x16 zephyr/libzephyr.a(heap.c.obj)
 .text.chunk_size
                0x000000000000489e        0xc zephyr/libzephyr.a(heap.c.obj)
 .text.set_chunk_used
                0x00000000000048aa       0x30 zephyr/libzephyr.a(heap.c.obj)
 .text.set_chunk_size
                0x00000000000048da        0x8 zephyr/libzephyr.a(heap.c.obj)
 .text.bucket_idx
                0x00000000000048e2       0x1e zephyr/libzephyr.a(heap.c.obj)
 .text.free_list_add
                0x0000000000004900       0x84 zephyr/libzephyr.a(heap.c.obj)
 .text.sys_heap_init
                0x0000000000004984       0xb0 zephyr/libzephyr.a(heap.c.obj)
                0x0000000000004984                sys_heap_init
 .text.arch_printk_char_out
                0x0000000000004a34        0x4 zephyr/libzephyr.a(printk.c.obj)
                0x0000000000004a34                arch_printk_char_out
 .text.printk   0x0000000000004a38       0x1a zephyr/libzephyr.a(printk.c.obj)
                0x0000000000004a38                printk
 .text.process_recheck
                0x0000000000004a52       0x38 zephyr/libzephyr.a(onoff.c.obj)
 .text.validate_args
                0x0000000000004a8a       0x20 zephyr/libzephyr.a(onoff.c.obj)
 .text.notify_one
                0x0000000000004aaa       0x2c zephyr/libzephyr.a(onoff.c.obj)
 .text.transition_complete
                0x0000000000004ad6       0x1a zephyr/libzephyr.a(onoff.c.obj)
 .text.onoff_manager_init
                0x0000000000004af0       0x26 zephyr/libzephyr.a(onoff.c.obj)
                0x0000000000004af0                onoff_manager_init
 .text.onoff_request
                0x0000000000004b16       0xae zephyr/libzephyr.a(onoff.c.obj)
                0x0000000000004b16                onoff_request
 .text.sys_notify_validate
                0x0000000000004bc4       0x22 zephyr/libzephyr.a(notify.c.obj)
                0x0000000000004bc4                sys_notify_validate
 .text.sys_notify_finalize
                0x0000000000004be6       0x1a zephyr/libzephyr.a(notify.c.obj)
                0x0000000000004be6                sys_notify_finalize
 .text._ConfigAbsSyms
                0x0000000000004c00        0x2 zephyr/libzephyr.a(configs.c.obj)
                0x0000000000004c00                _ConfigAbsSyms
 .text.abort_function
                0x0000000000004c02        0x2 zephyr/libzephyr.a(nrf_cc3xx_platform_abort_zephyr.c.obj)
 .text.arch_early_memset
                0x0000000000004c04        0x4 zephyr/arch/common/libarch__common.a(init.c.obj)
                0x0000000000004c04                arch_early_memset
 .text.arch_early_memcpy
                0x0000000000004c08        0x4 zephyr/arch/common/libarch__common.a(init.c.obj)
                0x0000000000004c08                arch_early_memcpy
 .text.z_do_kernel_oops
                0x0000000000004c0c        0x8 zephyr/arch/arch/arm/core/libarch__arm__core.a(fatal.c.obj)
                0x0000000000004c0c                z_do_kernel_oops
 .text.z_arm_nmi
                0x0000000000004c14        0xe zephyr/arch/arch/arm/core/libarch__arm__core.a(nmi.c.obj)
                0x0000000000004c14                z_arm_nmi
 .text.z_irq_spurious
                0x0000000000004c22        0x8 zephyr/arch/arch/arm/core/cortex_m/libarch__arm__core__cortex_m.a(irq_manage.c.obj)
                0x0000000000004c22                z_irq_spurious
 .text.arch_coprocessors_disable
                0x0000000000004c2a        0x6 zephyr/arch/arch/arm/core/cortex_m/libarch__arm__core__cortex_m.a(thread.c.obj)
                0x0000000000004c2a                arch_coprocessors_disable
 .text.arch_irq_unlock_outlined
                0x0000000000004c30        0xe zephyr/arch/arch/arm/core/cortex_m/libarch__arm__core__cortex_m.a(thread.c.obj)
                0x0000000000004c30                arch_irq_unlock_outlined
 .text.arch_cpu_idle
                0x0000000000004c3e       0x1a zephyr/arch/arch/arm/core/cortex_m/libarch__arm__core__cortex_m.a(cpu_idle.c.obj)
                0x0000000000004c3e                arch_cpu_idle
 .text.arch_cpu_atomic_idle
                0x0000000000004c58       0x1e zephyr/arch/arch/arm/core/cortex_m/libarch__arm__core__cortex_m.a(cpu_idle.c.obj)
                0x0000000000004c58                arch_cpu_atomic_idle
 .text.size_to_mpu_rasr_size
                0x0000000000004c76       0x20 zephyr/arch/arch/arm/core/mpu/libarch__arm__core__mpu.a(arm_mpu.c.obj)
 .text.picolibc_put
                0x0000000000004c96        0xa zephyr/lib/libc/picolibc/liblib__libc__picolibc.a(stdio.c.obj)
 .text.get_status
                0x0000000000004ca0       0x12 zephyr/drivers/clock_control/libdrivers__clock_control.a(clock_control_nrf.c.obj)
 .text.stop     0x0000000000004cb2       0x52 zephyr/drivers/clock_control/libdrivers__clock_control.a(clock_control_nrf.c.obj)
 .text.api_stop
                0x0000000000004d04        0x6 zephyr/drivers/clock_control/libdrivers__clock_control.a(clock_control_nrf.c.obj)
 .text.async_start
                0x0000000000004d0a       0x5c zephyr/drivers/clock_control/libdrivers__clock_control.a(clock_control_nrf.c.obj)
 .text.api_start
                0x0000000000004d66        0xe zephyr/drivers/clock_control/libdrivers__clock_control.a(clock_control_nrf.c.obj)
 .text.onoff_started_callback
                0x0000000000004d74       0x12 zephyr/drivers/clock_control/libdrivers__clock_control.a(clock_control_nrf.c.obj)
 .text.blocking_start_callback
                0x0000000000004d86        0x6 zephyr/drivers/clock_control/libdrivers__clock_control.a(clock_control_nrf.c.obj)
 .text.lfclk_stop
                0x0000000000004d8c        0x4 zephyr/drivers/clock_control/libdrivers__clock_control.a(clock_control_nrf.c.obj)
 .text.lfclk_start
                0x0000000000004d90        0x4 zephyr/drivers/clock_control/libdrivers__clock_control.a(clock_control_nrf.c.obj)
 .text.gpio_nrfx_port_get_raw
                0x0000000000004d94        0xe zephyr/drivers/gpio/libdrivers__gpio.a(gpio_nrfx.c.obj)
 .text.gpio_nrfx_port_set_masked_raw
                0x0000000000004da2       0x18 zephyr/drivers/gpio/libdrivers__gpio.a(gpio_nrfx.c.obj)
 .text.gpio_nrfx_port_set_bits_raw
                0x0000000000004dba        0xc zephyr/drivers/gpio/libdrivers__gpio.a(gpio_nrfx.c.obj)
 .text.gpio_nrfx_port_clear_bits_raw
                0x0000000000004dc6        0xc zephyr/drivers/gpio/libdrivers__gpio.a(gpio_nrfx.c.obj)
 .text.gpio_nrfx_port_toggle_bits
                0x0000000000004dd2       0x1a zephyr/drivers/gpio/libdrivers__gpio.a(gpio_nrfx.c.obj)
 .text.gpio_nrfx_manage_callback
                0x0000000000004dec       0x52 zephyr/drivers/gpio/libdrivers__gpio.a(gpio_nrfx.c.obj)
 .text.gpio_nrfx_gpiote_irq_handler
                0x0000000000004e3e        0x4 zephyr/drivers/gpio/libdrivers__gpio.a(gpio_nrfx.c.obj)
                0x0000000000004e3e                gpio_nrfx_gpiote_irq_handler
 .text.pinctrl_lookup_state
                0x0000000000004e42       0x26 zephyr/drivers/pinctrl/libdrivers__pinctrl.a(common.c.obj)
                0x0000000000004e42                pinctrl_lookup_state
 .text.uarte_nrfx_err_check
                0x0000000000004e68        0xe zephyr/drivers/serial/libdrivers__serial.a(uart_nrfx_uarte.c.obj)
 .text.user_callback
                0x0000000000004e76        0xe zephyr/drivers/serial/libdrivers__serial.a(uart_nrfx_uarte.c.obj)
 .text.rx_buf_release
                0x0000000000004e84       0x28 zephyr/drivers/serial/libdrivers__serial.a(uart_nrfx_uarte.c.obj)
 .text.notify_uart_rx_rdy
                0x0000000000004eac       0x34 zephyr/drivers/serial/libdrivers__serial.a(uart_nrfx_uarte.c.obj)
 .text.uarte_nrfx_rx_buf_rsp
                0x0000000000004ee0       0x54 zephyr/drivers/serial/libdrivers__serial.a(uart_nrfx_uarte.c.obj)
 .text.uarte_nrfx_callback_set
                0x0000000000004f34       0x16 zephyr/drivers/serial/libdrivers__serial.a(uart_nrfx_uarte.c.obj)
 .text.uarte_nrfx_poll_in
                0x0000000000004f4a       0x32 zephyr/drivers/serial/libdrivers__serial.a(uart_nrfx_uarte.c.obj)
 .text.rx_disable
                0x0000000000004f7c       0x58 zephyr/drivers/serial/libdrivers__serial.a(uart_nrfx_uarte.c.obj)
 .text.uarte_nrfx_rx_disable
                0x0000000000004fd4       0x14 zephyr/drivers/serial/libdrivers__serial.a(uart_nrfx_uarte.c.obj)
 .text.setup_tx_cache
                0x0000000000004fe8       0x3e zephyr/drivers/serial/libdrivers__serial.a(uart_nrfx_uarte.c.obj)
 .text.is_tx_ready.isra.0
                0x0000000000005026       0x20 zephyr/drivers/serial/libdrivers__serial.a(uart_nrfx_uarte.c.obj)
 .text.pinctrl_apply_state.isra.0
                0x0000000000005046       0x1e zephyr/drivers/serial/libdrivers__serial.a(uart_nrfx_uarte.c.obj)
 .text.uarte_disable_locked
                0x0000000000005064       0x2a zephyr/drivers/serial/libdrivers__serial.a(uart_nrfx_uarte.c.obj)
 .text.rx_disable_finalize
                0x000000000000508e       0x52 zephyr/drivers/serial/libdrivers__serial.a(uart_nrfx_uarte.c.obj)
 .text.uarte_instance_deinit
                0x00000000000050e0        0x6 zephyr/drivers/serial/libdrivers__serial.a(uart_nrfx_uarte.c.obj)
 .text.uarte_enable_locked
                0x00000000000050e6       0x22 zephyr/drivers/serial/libdrivers__serial.a(uart_nrfx_uarte.c.obj)
 .text.tx_start
                0x0000000000005108       0x32 zephyr/drivers/serial/libdrivers__serial.a(uart_nrfx_uarte.c.obj)
 .text.start_tx_locked
                0x000000000000513a       0x42 zephyr/drivers/serial/libdrivers__serial.a(uart_nrfx_uarte.c.obj)
 .text.rx_timeout
                0x000000000000517c       0x44 zephyr/drivers/serial/libdrivers__serial.a(uart_nrfx_uarte.c.obj)
 .text.uarte_nrfx_isr_async
                0x00000000000051c0      0x3e6 zephyr/drivers/serial/libdrivers__serial.a(uart_nrfx_uarte.c.obj)
 .text.uarte_nrfx_tx_abort
                0x00000000000055a6       0x2c zephyr/drivers/serial/libdrivers__serial.a(uart_nrfx_uarte.c.obj)
 .text.tx_timeout
                0x00000000000055d2        0x6 zephyr/drivers/serial/libdrivers__serial.a(uart_nrfx_uarte.c.obj)
 .text.event_clear
                0x00000000000055d8       0x18 zephyr/drivers/timer/libdrivers__timer.a(nrf_rtc_timer.c.obj)
 .text.hw_cc3xx_init_internal
                0x00000000000055f0        0x4 modules/nrf/drivers/hw_cc3xx/lib..__nrf__drivers__hw_cc3xx.a(hw_cc3xx.c.obj)
 .text.hw_cc3xx_init
                0x00000000000055f4       0x12 modules/nrf/drivers/hw_cc3xx/lib..__nrf__drivers__hw_cc3xx.a(hw_cc3xx.c.obj)
 .text.nrfx_isr
                0x0000000000005606        0x6 modules/hal_nordic/modules/hal_nordic/nrfx/libmodules__hal_nordic__nrfx.a(nrfx_glue.c.obj)
                0x0000000000005606                nrfx_isr
 .text.nrfx_busy_wait
                0x000000000000560c        0x4 modules/hal_nordic/modules/hal_nordic/nrfx/libmodules__hal_nordic__nrfx.a(nrfx_glue.c.obj)
                0x000000000000560c                nrfx_busy_wait
 .text.nrfx_flag32_alloc
                0x0000000000005610       0x3c modules/hal_nordic/modules/hal_nordic/nrfx/libmodules__hal_nordic__nrfx.a(nrfx_flag32_allocator.c.obj)
                0x0000000000005610                nrfx_flag32_alloc
 .text.nrfx_flag32_free
                0x000000000000564c       0x3a modules/hal_nordic/modules/hal_nordic/nrfx/libmodules__hal_nordic__nrfx.a(nrfx_flag32_allocator.c.obj)
                0x000000000000564c                nrfx_flag32_free
 .text.nrfx_gppi_conn_alloc
                0x0000000000005686       0x2c modules/hal_nordic/modules/hal_nordic/nrfx/libmodules__hal_nordic__nrfx.a(nrfx_gppi_ppi.c.obj)
                0x0000000000005686                nrfx_gppi_conn_alloc
 .text.nrfx_clock_start
                0x00000000000056b2       0x10 modules/hal_nordic/modules/hal_nordic/nrfx/libmodules__hal_nordic__nrfx.a(nrfx_clock.c.obj)
                0x00000000000056b2                nrfx_clock_start
 .text.nrfx_clock_stop
                0x00000000000056c2       0x10 modules/hal_nordic/modules/hal_nordic/nrfx/libmodules__hal_nordic__nrfx.a(nrfx_clock.c.obj)
                0x00000000000056c2                nrfx_clock_stop
 .text.CLOCK_POWER_IRQHandler
                0x00000000000056d2        0xe modules/hal_nordic/modules/hal_nordic/nrfx/libmodules__hal_nordic__nrfx.a(nrfx_clock.c.obj)
                0x00000000000056d2                CLOCK_POWER_IRQHandler
 .text.nrfx_clock_hfclk_stop
                0x00000000000056e0        0x4 modules/hal_nordic/modules/hal_nordic/nrfx/libmodules__hal_nordic__nrfx.a(nrfx_clock_hfclk.c.obj)
                0x00000000000056e0                nrfx_clock_hfclk_stop
 .text.clock_stop
                0x00000000000056e4       0x32 modules/hal_nordic/modules/hal_nordic/nrfx/libmodules__hal_nordic__nrfx.a(nrfx_clock_lfclk.c.obj)
 .text.nrfx_clock_lfclk_stop
                0x0000000000005716        0x4 modules/hal_nordic/modules/hal_nordic/nrfx/libmodules__hal_nordic__nrfx.a(nrfx_clock_lfclk.c.obj)
                0x0000000000005716                nrfx_clock_lfclk_stop
 .text.nrf_gpio_reconfigure
                0x000000000000571a       0x92 modules/hal_nordic/modules/hal_nordic/nrfx/libmodules__hal_nordic__nrfx.a(nrfx_gpiote.c.obj)
 .text.nrf_gpio_cfg_sense_set
                0x00000000000057ac       0x1e modules/hal_nordic/modules/hal_nordic/nrfx/libmodules__hal_nordic__nrfx.a(nrfx_gpiote.c.obj)
 .text.pin_in_use_by_te
                0x00000000000057ca       0x16 modules/hal_nordic/modules/hal_nordic/nrfx/libmodules__hal_nordic__nrfx.a(nrfx_gpiote.c.obj)
 .text.pin_is_output
                0x00000000000057e0       0x16 modules/hal_nordic/modules/hal_nordic/nrfx/libmodules__hal_nordic__nrfx.a(nrfx_gpiote.c.obj)
 .text.pin_te_get
                0x00000000000057f6       0x14 modules/hal_nordic/modules/hal_nordic/nrfx/libmodules__hal_nordic__nrfx.a(nrfx_gpiote.c.obj)
 .text.call_handler
                0x000000000000580a       0x3e modules/hal_nordic/modules/hal_nordic/nrfx/libmodules__hal_nordic__nrfx.a(nrfx_gpiote.c.obj)
 .text.release_handler
                0x0000000000005848       0x54 modules/hal_nordic/modules/hal_nordic/nrfx/libmodules__hal_nordic__nrfx.a(nrfx_gpiote.c.obj)
 .text.__nrfy_internal_gpiote_events_process
                0x000000000000589c       0x50 modules/hal_nordic/modules/hal_nordic/nrfx/libmodules__hal_nordic__nrfx.a(nrfx_gpiote.c.obj)
 .text.pin_trigger_disable
                0x00000000000058ec       0x46 modules/hal_nordic/modules/hal_nordic/nrfx/libmodules__hal_nordic__nrfx.a(nrfx_gpiote.c.obj)
 .text.nrfx_gpiote_input_configure
                0x0000000000005932      0x170 modules/hal_nordic/modules/hal_nordic/nrfx/libmodules__hal_nordic__nrfx.a(nrfx_gpiote.c.obj)
                0x0000000000005932                nrfx_gpiote_input_configure
 .text.nrfx_gpiote_output_configure
                0x0000000000005aa2       0xf2 modules/hal_nordic/modules/hal_nordic/nrfx/libmodules__hal_nordic__nrfx.a(nrfx_gpiote.c.obj)
                0x0000000000005aa2                nrfx_gpiote_output_configure
 .text.nrfx_gpiote_global_callback_set
                0x0000000000005b94        0x6 modules/hal_nordic/modules/hal_nordic/nrfx/libmodules__hal_nordic__nrfx.a(nrfx_gpiote.c.obj)
                0x0000000000005b94                nrfx_gpiote_global_callback_set
 .text.nrfx_gpiote_channel_get
                0x0000000000005b9a       0x26 modules/hal_nordic/modules/hal_nordic/nrfx/libmodules__hal_nordic__nrfx.a(nrfx_gpiote.c.obj)
                0x0000000000005b9a                nrfx_gpiote_channel_get
 .text.nrfx_gpiote_init
                0x0000000000005bc0       0x38 modules/hal_nordic/modules/hal_nordic/nrfx/libmodules__hal_nordic__nrfx.a(nrfx_gpiote.c.obj)
                0x0000000000005bc0                nrfx_gpiote_init
 .text.nrfx_gpiote_init_check
                0x0000000000005bf8        0xc modules/hal_nordic/modules/hal_nordic/nrfx/libmodules__hal_nordic__nrfx.a(nrfx_gpiote.c.obj)
                0x0000000000005bf8                nrfx_gpiote_init_check
 .text.nrfx_gpiote_pin_uninit
                0x0000000000005c04        0x4 modules/hal_nordic/modules/hal_nordic/nrfx/libmodules__hal_nordic__nrfx.a(nrfx_gpiote.c.obj)
                0x0000000000005c04                nrfx_gpiote_pin_uninit
 .text.nrfx_gpiote_trigger_enable
                0x0000000000005c08       0xa6 modules/hal_nordic/modules/hal_nordic/nrfx/libmodules__hal_nordic__nrfx.a(nrfx_gpiote.c.obj)
                0x0000000000005c08                nrfx_gpiote_trigger_enable
 .text.nrfx_gpiote_trigger_disable
                0x0000000000005cae        0x4 modules/hal_nordic/modules/hal_nordic/nrfx/libmodules__hal_nordic__nrfx.a(nrfx_gpiote.c.obj)
                0x0000000000005cae                nrfx_gpiote_trigger_disable
 .text.z_impl_k_busy_wait
                0x0000000000005cb2        0x8 zephyr/kernel/libkernel.a(busy_wait.c.obj)
                0x0000000000005cb2                z_impl_k_busy_wait
 .text.do_device_init
                0x0000000000005cba       0x30 zephyr/kernel/libkernel.a(device.c.obj)
                0x0000000000005cba                do_device_init
 .text.z_impl_device_is_ready
                0x0000000000005cea       0x16 zephyr/kernel/libkernel.a(device.c.obj)
                0x0000000000005cea                z_impl_device_is_ready
 .text.arch_system_halt
                0x0000000000005d00       0x10 zephyr/kernel/libkernel.a(fatal.c.obj)
                0x0000000000005d00                arch_system_halt
 .text.k_sys_fatal_error_handler
                0x0000000000005d10        0x6 zephyr/kernel/libkernel.a(fatal.c.obj)
                0x0000000000005d10                k_sys_fatal_error_handler
 .text.create_free_list
                0x0000000000005d16       0x34 zephyr/kernel/libkernel.a(mem_slab.c.obj)
 .text.k_mem_slab_init
                0x0000000000005d4a       0x1c zephyr/kernel/libkernel.a(mem_slab.c.obj)
                0x0000000000005d4a                k_mem_slab_init
 .text.k_mem_slab_free
                0x0000000000005d66       0x70 zephyr/kernel/libkernel.a(mem_slab.c.obj)
                0x0000000000005d66                k_mem_slab_free
 .text.idle     0x0000000000005dd6       0x16 zephyr/kernel/libkernel.a(idle.c.obj)
                0x0000000000005dd6                idle
 .text.adjust_owner_prio.isra.0
                0x0000000000005dec       0x10 zephyr/kernel/libkernel.a(mutex.c.obj)
 .text.z_impl_k_mutex_init
                0x0000000000005dfc        0xe zephyr/kernel/libkernel.a(mutex.c.obj)
                0x0000000000005dfc                z_impl_k_mutex_init
 .text.k_is_in_isr
                0x0000000000005e0a        0xc zephyr/kernel/libkernel.a(thread.c.obj)
                0x0000000000005e0a                k_is_in_isr
 .text.sys_dlist_remove
                0x0000000000005e16       0x10 zephyr/kernel/libkernel.a(sched.c.obj)
 .text.unpend_thread_no_timeout
                0x0000000000005e26       0x14 zephyr/kernel/libkernel.a(sched.c.obj)
 .text.add_to_waitq_locked
                0x0000000000005e3a       0x50 zephyr/kernel/libkernel.a(sched.c.obj)
 .text.z_ready_thread
                0x0000000000005e8a       0x1e zephyr/kernel/libkernel.a(sched.c.obj)
                0x0000000000005e8a                z_ready_thread
 .text.z_unpend_thread_no_timeout
                0x0000000000005ea8       0x22 zephyr/kernel/libkernel.a(sched.c.obj)
                0x0000000000005ea8                z_unpend_thread_no_timeout
 .text.z_sched_wake_thread
                0x0000000000005eca       0x3a zephyr/kernel/libkernel.a(sched.c.obj)
                0x0000000000005eca                z_sched_wake_thread
 .text.z_thread_timeout
                0x0000000000005f04        0x8 zephyr/kernel/libkernel.a(sched.c.obj)
                0x0000000000005f04                z_thread_timeout
 .text.z_unpend1_no_timeout
                0x0000000000005f0c       0x2c zephyr/kernel/libkernel.a(sched.c.obj)
                0x0000000000005f0c                z_unpend1_no_timeout
 .text.z_impl_k_sleep
                0x0000000000005f38       0x4e zephyr/kernel/libkernel.a(sched.c.obj)
                0x0000000000005f38                z_impl_k_sleep
 .text.next_timeout
                0x0000000000005f86       0x2e zephyr/kernel/libkernel.a(timeout.c.obj)
 .text.z_abort_timeout
                0x0000000000005fb4       0x50 zephyr/kernel/libkernel.a(timeout.c.obj)
                0x0000000000005fb4                z_abort_timeout
 .text.sys_clock_tick_get_32
                0x0000000000006004        0x8 zephyr/kernel/libkernel.a(timeout.c.obj)
                0x0000000000006004                sys_clock_tick_get_32
 .text.z_impl_k_uptime_ticks
                0x000000000000600c        0x4 zephyr/kernel/libkernel.a(timeout.c.obj)
                0x000000000000600c                z_impl_k_uptime_ticks
 .text.k_timer_init
                0x0000000000006010       0x18 zephyr/kernel/libkernel.a(timer.c.obj)
                0x0000000000006010                k_timer_init
 .text.z_impl_k_timer_stop
                0x0000000000006028       0x38 zephyr/kernel/libkernel.a(timer.c.obj)
                0x0000000000006028                z_impl_k_timer_stop
 .text.memcpy   0x0000000000006060       0x1c c:\ncs\toolchains\66cdf9b75e\opt\zephyr-sdk\arm-zephyr-eabi\bin\../lib/gcc/../../picolibc/arm-zephyr-eabi/lib/thumb/v7e-m/nofp\libc.a(memcpy.c.o)
                0x0000000000006060                __aeabi_memcpy
                0x0000000000006060                __aeabi_memcpy4
                0x0000000000006060                __aeabi_memcpy8
                0x0000000000006060                memcpy
 .text.memmove  0x000000000000607c       0x34 c:\ncs\toolchains\66cdf9b75e\opt\zephyr-sdk\arm-zephyr-eabi\bin\../lib/gcc/../../picolibc/arm-zephyr-eabi/lib/thumb/v7e-m/nofp\libc.a(memmove.c.o)
                0x000000000000607c                __aeabi_memmove8
                0x000000000000607c                __aeabi_memmove
                0x000000000000607c                __aeabi_memmove4
                0x000000000000607c                memmove
 .text.memset   0x00000000000060b0       0x10 c:\ncs\toolchains\66cdf9b75e\opt\zephyr-sdk\arm-zephyr-eabi\bin\../lib/gcc/../../picolibc/arm-zephyr-eabi/lib/thumb/v7e-m/nofp\libc.a(memset.c.o)
                0x00000000000060b0                memset
 .text.strncpy  0x00000000000060c0       0x20 c:\ncs\toolchains\66cdf9b75e\opt\zephyr-sdk\arm-zephyr-eabi\bin\../lib/gcc/../../picolibc/arm-zephyr-eabi/lib/thumb/v7e-m/nofp\libc.a(libc_string_strncpy.c.o)
                0x00000000000060c0                strncpy
 .text.strnlen  0x00000000000060e0       0x18 c:\ncs\toolchains\66cdf9b75e\opt\zephyr-sdk\arm-zephyr-eabi\bin\../lib/gcc/../../picolibc/arm-zephyr-eabi/lib/thumb/v7e-m/nofp\libc.a(libc_string_strnlen.c.o)
                0x00000000000060e0                strnlen
 .text.__ultoa_invert
                0x00000000000060f8       0xae c:\ncs\toolchains\66cdf9b75e\opt\zephyr-sdk\arm-zephyr-eabi\bin\../lib/gcc/../../picolibc/arm-zephyr-eabi/lib/thumb/v7e-m/nofp\libc.a(libc_tinystdio_vflprintf.c.o)
 *(SORT_BY_ALIGNMENT(.TEXT.*))
 *fill*         0x00000000000061a6        0x2 
 .TEXT.__aeabi_read_tp
                0x00000000000061a8        0xc zephyr/arch/arch/arm/core/cortex_m/libarch__arm__core__cortex_m.a(__aeabi_read_tp.S.obj)
                0x00000000000061a8                __aeabi_read_tp
 *(SORT_BY_ALIGNMENT(.gnu.linkonce.t.*))
 *(SORT_BY_ALIGNMENT(.glue_7t))
 .glue_7t       0x00000000000061b4        0x0 linker stubs
 *(SORT_BY_ALIGNMENT(.glue_7))
 .glue_7        0x00000000000061b4        0x0 linker stubs
 *(SORT_BY_ALIGNMENT(.vfp11_veneer))
 .vfp11_veneer  0x00000000000061b4        0x0 linker stubs
 *(SORT_BY_ALIGNMENT(.v4_bx))
 .v4_bx         0x00000000000061b4        0x0 linker stubs
                0x00000000000061b4                . = ALIGN (0x4)
                0x00000000000061b4                __text_region_end = .

.ARM.exidx      0x00000000000061b4        0x8
                0x00000000000061b4                __exidx_start = .
 *(SORT_BY_ALIGNMENT(.ARM.exidx*) SORT_BY_ALIGNMENT(gnu.linkonce.armexidx.*))
 .ARM.exidx     0x00000000000061b4        0x8 c:/ncs/toolchains/66cdf9b75e/opt/zephyr-sdk/arm-zephyr-eabi/bin/../lib/gcc/arm-zephyr-eabi/12.2.0/thumb/v7e-m/nofp\libgcc.a(_udivmoddi4.o)
                0x00000000000061bc                __exidx_end = .
                0x00000000000061bc                __rodata_region_start = .

initlevel       0x00000000000061bc       0x60
                0x00000000000061bc                __init_start = .
                0x00000000000061bc                __init_EARLY_start = .
 *(SORT_BY_NAME(SORT_BY_ALIGNMENT(.z_init_EARLY_P_?_*)))
 *(SORT_BY_NAME(SORT_BY_ALIGNMENT(.z_init_EARLY_P_??_*)))
 *(SORT_BY_NAME(SORT_BY_ALIGNMENT(.z_init_EARLY_P_???_*)))
                0x00000000000061bc                __init_PRE_KERNEL_1_start = .
 *(SORT_BY_NAME(SORT_BY_ALIGNMENT(.z_init_PRE_KERNEL_1_P_?_*)))
 .z_init_PRE_KERNEL_1_P_0_SUB_0_
                0x00000000000061bc        0x8 zephyr/soc/soc/nrf52840/libsoc__nordic.a(soc.c.obj)
 .z_init_PRE_KERNEL_1_P_0_SUB_0_
                0x00000000000061c4        0x8 zephyr/soc/soc/nrf52840/libsoc__nordic.a(gppi_init.c.obj)
 *(SORT_BY_NAME(SORT_BY_ALIGNMENT(.z_init_PRE_KERNEL_1_P_??_*)))
 .z_init_PRE_KERNEL_1_P_30_SUB_00077_
                0x00000000000061cc        0x8 zephyr/drivers/clock_control/libdrivers__clock_control.a(clock_control_nrf.c.obj)
 .z_init_PRE_KERNEL_1_P_30_SUB_0_
                0x00000000000061d4        0x8 zephyr/kernel/libkernel.a(mem_slab.c.obj)
 .z_init_PRE_KERNEL_1_P_40_SUB_00011_
                0x00000000000061dc        0x8 zephyr/drivers/gpio/libdrivers__gpio.a(gpio_nrfx.c.obj)
 .z_init_PRE_KERNEL_1_P_40_SUB_00107_
                0x00000000000061e4        0x8 zephyr/drivers/gpio/libdrivers__gpio.a(gpio_nrfx.c.obj)
 .z_init_PRE_KERNEL_1_P_40_SUB_0_
                0x00000000000061ec        0x8 modules/nrf/drivers/hw_cc3xx/lib..__nrf__drivers__hw_cc3xx.a(hw_cc3xx.c.obj)
 .z_init_PRE_KERNEL_1_P_50_SUB_00115_
                0x00000000000061f4        0x8 zephyr/drivers/serial/libdrivers__serial.a(uart_nrfx_uarte.c.obj)
 .z_init_PRE_KERNEL_1_P_60_SUB_0_
                0x00000000000061fc        0x8 zephyr/drivers/console/libdrivers__console.a(uart_console.c.obj)
 *(SORT_BY_NAME(SORT_BY_ALIGNMENT(.z_init_PRE_KERNEL_1_P_???_*)))
                0x0000000000006204                __init_PRE_KERNEL_2_start = .
 *(SORT_BY_NAME(SORT_BY_ALIGNMENT(.z_init_PRE_KERNEL_2_P_?_*)))
 .z_init_PRE_KERNEL_2_P_0_SUB_0_
                0x0000000000006204        0x8 zephyr/drivers/timer/libdrivers__timer.a(nrf_rtc_timer.c.obj)
 *(SORT_BY_NAME(SORT_BY_ALIGNMENT(.z_init_PRE_KERNEL_2_P_??_*)))
 *(SORT_BY_NAME(SORT_BY_ALIGNMENT(.z_init_PRE_KERNEL_2_P_???_*)))
                0x000000000000620c                __init_POST_KERNEL_start = .
 *(SORT_BY_NAME(SORT_BY_ALIGNMENT(.z_init_POST_KERNEL_P_?_*)))
 *(SORT_BY_NAME(SORT_BY_ALIGNMENT(.z_init_POST_KERNEL_P_??_*)))
 .z_init_POST_KERNEL_P_35_SUB_0_
                0x000000000000620c        0x8 zephyr/lib/libc/common/liblib__libc__common.a(malloc.c.obj)
 .z_init_POST_KERNEL_P_40_SUB_0_
                0x0000000000006214        0x8 modules/nrf/drivers/hw_cc3xx/lib..__nrf__drivers__hw_cc3xx.a(hw_cc3xx.c.obj)
 *(SORT_BY_NAME(SORT_BY_ALIGNMENT(.z_init_POST_KERNEL_P_???_*)))
                0x000000000000621c                __init_APPLICATION_start = .
 *(SORT_BY_NAME(SORT_BY_ALIGNMENT(.z_init_APPLICATION_P_?_*)))
 *(SORT_BY_NAME(SORT_BY_ALIGNMENT(.z_init_APPLICATION_P_??_*)))
 *(SORT_BY_NAME(SORT_BY_ALIGNMENT(.z_init_APPLICATION_P_???_*)))
                0x000000000000621c                __init_SMP_start = .
 *(SORT_BY_NAME(SORT_BY_ALIGNMENT(.z_init_SMP_P_?_*)))
 *(SORT_BY_NAME(SORT_BY_ALIGNMENT(.z_init_SMP_P_??_*)))
 *(SORT_BY_NAME(SORT_BY_ALIGNMENT(.z_init_SMP_P_???_*)))
                0x000000000000621c                __init_end = .

device_area     0x000000000000621c       0x80
                0x000000000000621c                _device_list_start = .
 *(SORT_BY_NAME(SORT_BY_ALIGNMENT(._device.static.*_?_*)))
 *(SORT_BY_NAME(SORT_BY_ALIGNMENT(._device.static.*_??_*)))
 ._device.static.1_30_
                0x000000000000621c       0x20 zephyr/drivers/clock_control/libdrivers__clock_control.a(clock_control_nrf.c.obj)
                0x000000000000621c                __device_dts_ord_77
 ._device.static.1_40_
                0x000000000000623c       0x40 zephyr/drivers/gpio/libdrivers__gpio.a(gpio_nrfx.c.obj)
                0x000000000000623c                __device_dts_ord_107
                0x000000000000625c                __device_dts_ord_11
 ._device.static.1_50_
                0x000000000000627c       0x20 zephyr/drivers/serial/libdrivers__serial.a(uart_nrfx_uarte.c.obj)
                0x000000000000627c                __device_dts_ord_115
 *(SORT_BY_NAME(SORT_BY_ALIGNMENT(._device.static.*_???_*)))
 *(SORT_BY_NAME(SORT_BY_ALIGNMENT(._device.static.*_????_*)))
 *(SORT_BY_NAME(SORT_BY_ALIGNMENT(._device.static.*_?????_*)))
                0x000000000000629c                _device_list_end = .

sw_isr_table    0x000000000000629c      0x180
                0x000000000000629c                . = ALIGN (0x4)
 *(SORT_BY_ALIGNMENT(.gnu.linkonce.sw_isr_table*))
 .gnu.linkonce.sw_isr_table
                0x000000000000629c      0x180 zephyr/arch/common/libisr_tables.a(isr_tables.c.obj)
                0x000000000000629c                _sw_isr_table

initlevel_error
                0x00000000000061bc        0x0
 *(SORT_BY_NAME(SORT_BY_ALIGNMENT(.z_init_*)))
                0x0000000000000001                ASSERT ((SIZEOF (initlevel_error) == 0x0), Undefined initialization levels used.)

app_shmem_regions
                0x000000000000641c        0x0
                0x000000000000641c                __app_shmem_regions_start = .
 *(SORT_BY_NAME(SORT_BY_ALIGNMENT(.app_regions.*)))
                0x000000000000641c                __app_shmem_regions_end = .

k_p4wq_initparam_area
                0x000000000000641c        0x0
                0x000000000000641c                _k_p4wq_initparam_list_start = .
 *(SORT_BY_NAME(SORT_BY_ALIGNMENT(._k_p4wq_initparam.static.*)))
                0x000000000000641c                _k_p4wq_initparam_list_end = .

_static_thread_data_area
                0x000000000000641c        0x0
                0x000000000000641c                __static_thread_data_list_start = .
 *(SORT_BY_NAME(SORT_BY_ALIGNMENT(.__static_thread_data.static.*)))
                0x000000000000641c                __static_thread_data_list_end = .

device_deps     0x000000000000641c        0x0
                0x000000000000641c                __device_deps_start = .
 *(SORT_BY_NAME(SORT_BY_ALIGNMENT(.__device_deps_pass2*)))
                0x000000000000641c                __device_deps_end = .

gpio_driver_api_area
                0x000000000000641c       0x24
                0x000000000000641c                _gpio_driver_api_list_start = .
 *(SORT_BY_NAME(SORT_BY_ALIGNMENT(._gpio_driver_api.static.*)))
 ._gpio_driver_api.static.gpio_nrfx_drv_api_funcs_
                0x000000000000641c       0x24 zephyr/drivers/gpio/libdrivers__gpio.a(gpio_nrfx.c.obj)
                0x0000000000006440                _gpio_driver_api_list_end = .

shared_irq_driver_api_area
                0x0000000000006440        0x0
                0x0000000000006440                _shared_irq_driver_api_list_start = .
 *(SORT_BY_NAME(SORT_BY_ALIGNMENT(._shared_irq_driver_api.static.*)))
                0x0000000000006440                _shared_irq_driver_api_list_end = .

crypto_driver_api_area
                0x0000000000006440        0x0
                0x0000000000006440                _crypto_driver_api_list_start = .
 *(SORT_BY_NAME(SORT_BY_ALIGNMENT(._crypto_driver_api.static.*)))
                0x0000000000006440                _crypto_driver_api_list_end = .

adc_driver_api_area
                0x0000000000006440        0x0
                0x0000000000006440                _adc_driver_api_list_start = .
 *(SORT_BY_NAME(SORT_BY_ALIGNMENT(._adc_driver_api.static.*)))
                0x0000000000006440                _adc_driver_api_list_end = .

auxdisplay_driver_api_area
                0x0000000000006440        0x0
                0x0000000000006440                _auxdisplay_driver_api_list_start = .
 *(SORT_BY_NAME(SORT_BY_ALIGNMENT(._auxdisplay_driver_api.static.*)))
                0x0000000000006440                _auxdisplay_driver_api_list_end = .

bbram_driver_api_area
                0x0000000000006440        0x0
                0x0000000000006440                _bbram_driver_api_list_start = .
 *(SORT_BY_NAME(SORT_BY_ALIGNMENT(._bbram_driver_api.static.*)))
                0x0000000000006440                _bbram_driver_api_list_end = .

bt_hci_driver_api_area
                0x0000000000006440        0x0
                0x0000000000006440                _bt_hci_driver_api_list_start = .
 *(SORT_BY_NAME(SORT_BY_ALIGNMENT(._bt_hci_driver_api.static.*)))
                0x0000000000006440                _bt_hci_driver_api_list_end = .

can_driver_api_area
                0x0000000000006440        0x0
                0x0000000000006440                _can_driver_api_list_start = .
 *(SORT_BY_NAME(SORT_BY_ALIGNMENT(._can_driver_api.static.*)))
                0x0000000000006440                _can_driver_api_list_end = .

cellular_driver_api_area
                0x0000000000006440        0x0
                0x0000000000006440                _cellular_driver_api_list_start = .
 *(SORT_BY_NAME(SORT_BY_ALIGNMENT(._cellular_driver_api.static.*)))
                0x0000000000006440                _cellular_driver_api_list_end = .

charger_driver_api_area
                0x0000000000006440        0x0
                0x0000000000006440                _charger_driver_api_list_start = .
 *(SORT_BY_NAME(SORT_BY_ALIGNMENT(._charger_driver_api.static.*)))
                0x0000000000006440                _charger_driver_api_list_end = .

clock_control_driver_api_area
                0x0000000000006440       0x1c
                0x0000000000006440                _clock_control_driver_api_list_start = .
 *(SORT_BY_NAME(SORT_BY_ALIGNMENT(._clock_control_driver_api.static.*)))
 ._clock_control_driver_api.static.clock_control_api_
                0x0000000000006440       0x1c zephyr/drivers/clock_control/libdrivers__clock_control.a(clock_control_nrf.c.obj)
                0x000000000000645c                _clock_control_driver_api_list_end = .

comparator_driver_api_area
                0x000000000000645c        0x0
                0x000000000000645c                _comparator_driver_api_list_start = .
 *(SORT_BY_NAME(SORT_BY_ALIGNMENT(._comparator_driver_api.static.*)))
                0x000000000000645c                _comparator_driver_api_list_end = .

coredump_driver_api_area
                0x000000000000645c        0x0
                0x000000000000645c                _coredump_driver_api_list_start = .
 *(SORT_BY_NAME(SORT_BY_ALIGNMENT(._coredump_driver_api.static.*)))
                0x000000000000645c                _coredump_driver_api_list_end = .

counter_driver_api_area
                0x000000000000645c        0x0
                0x000000000000645c                _counter_driver_api_list_start = .
 *(SORT_BY_NAME(SORT_BY_ALIGNMENT(._counter_driver_api.static.*)))
                0x000000000000645c                _counter_driver_api_list_end = .

crc_driver_api_area
                0x000000000000645c        0x0
                0x000000000000645c                _crc_driver_api_list_start = .
 *(SORT_BY_NAME(SORT_BY_ALIGNMENT(._crc_driver_api.static.*)))
                0x000000000000645c                _crc_driver_api_list_end = .

dac_driver_api_area
                0x000000000000645c        0x0
                0x000000000000645c                _dac_driver_api_list_start = .
 *(SORT_BY_NAME(SORT_BY_ALIGNMENT(._dac_driver_api.static.*)))
                0x000000000000645c                _dac_driver_api_list_end = .

dai_driver_api_area
                0x000000000000645c        0x0
                0x000000000000645c                _dai_driver_api_list_start = .
 *(SORT_BY_NAME(SORT_BY_ALIGNMENT(._dai_driver_api.static.*)))
                0x000000000000645c                _dai_driver_api_list_end = .

display_driver_api_area
                0x000000000000645c        0x0
                0x000000000000645c                _display_driver_api_list_start = .
 *(SORT_BY_NAME(SORT_BY_ALIGNMENT(._display_driver_api.static.*)))
                0x000000000000645c                _display_driver_api_list_end = .

dma_driver_api_area
                0x000000000000645c        0x0
                0x000000000000645c                _dma_driver_api_list_start = .
 *(SORT_BY_NAME(SORT_BY_ALIGNMENT(._dma_driver_api.static.*)))
                0x000000000000645c                _dma_driver_api_list_end = .

edac_driver_api_area
                0x000000000000645c        0x0
                0x000000000000645c                _edac_driver_api_list_start = .
 *(SORT_BY_NAME(SORT_BY_ALIGNMENT(._edac_driver_api.static.*)))
                0x000000000000645c                _edac_driver_api_list_end = .

eeprom_driver_api_area
                0x000000000000645c        0x0
                0x000000000000645c                _eeprom_driver_api_list_start = .
 *(SORT_BY_NAME(SORT_BY_ALIGNMENT(._eeprom_driver_api.static.*)))
                0x000000000000645c                _eeprom_driver_api_list_end = .

emul_bbram_driver_api_area
                0x000000000000645c        0x0
                0x000000000000645c                _emul_bbram_driver_api_list_start = .
 *(SORT_BY_NAME(SORT_BY_ALIGNMENT(._emul_bbram_driver_api.static.*)))
                0x000000000000645c                _emul_bbram_driver_api_list_end = .

fuel_gauge_emul_driver_api_area
                0x000000000000645c        0x0
                0x000000000000645c                _fuel_gauge_emul_driver_api_list_start = .
 *(SORT_BY_NAME(SORT_BY_ALIGNMENT(._fuel_gauge_emul_driver_api.static.*)))
                0x000000000000645c                _fuel_gauge_emul_driver_api_list_end = .

emul_sensor_driver_api_area
                0x000000000000645c        0x0
                0x000000000000645c                _emul_sensor_driver_api_list_start = .
 *(SORT_BY_NAME(SORT_BY_ALIGNMENT(._emul_sensor_driver_api.static.*)))
                0x000000000000645c                _emul_sensor_driver_api_list_end = .

entropy_driver_api_area
                0x000000000000645c        0x0
                0x000000000000645c                _entropy_driver_api_list_start = .
 *(SORT_BY_NAME(SORT_BY_ALIGNMENT(._entropy_driver_api.static.*)))
                0x000000000000645c                _entropy_driver_api_list_end = .

espi_driver_api_area
                0x000000000000645c        0x0
                0x000000000000645c                _espi_driver_api_list_start = .
 *(SORT_BY_NAME(SORT_BY_ALIGNMENT(._espi_driver_api.static.*)))
                0x000000000000645c                _espi_driver_api_list_end = .

espi_saf_driver_api_area
                0x000000000000645c        0x0
                0x000000000000645c                _espi_saf_driver_api_list_start = .
 *(SORT_BY_NAME(SORT_BY_ALIGNMENT(._espi_saf_driver_api.static.*)))
                0x000000000000645c                _espi_saf_driver_api_list_end = .

flash_driver_api_area
                0x000000000000645c        0x0
                0x000000000000645c                _flash_driver_api_list_start = .
 *(SORT_BY_NAME(SORT_BY_ALIGNMENT(._flash_driver_api.static.*)))
                0x000000000000645c                _flash_driver_api_list_end = .

fpga_driver_api_area
                0x000000000000645c        0x0
                0x000000000000645c                _fpga_driver_api_list_start = .
 *(SORT_BY_NAME(SORT_BY_ALIGNMENT(._fpga_driver_api.static.*)))
                0x000000000000645c                _fpga_driver_api_list_end = .

fuel_gauge_driver_api_area
                0x000000000000645c        0x0
                0x000000000000645c                _fuel_gauge_driver_api_list_start = .
 *(SORT_BY_NAME(SORT_BY_ALIGNMENT(._fuel_gauge_driver_api.static.*)))
                0x000000000000645c                _fuel_gauge_driver_api_list_end = .

gnss_driver_api_area
                0x000000000000645c        0x0
                0x000000000000645c                _gnss_driver_api_list_start = .
 *(SORT_BY_NAME(SORT_BY_ALIGNMENT(._gnss_driver_api.static.*)))
                0x000000000000645c                _gnss_driver_api_list_end = .

haptics_driver_api_area
                0x000000000000645c        0x0
                0x000000000000645c                _haptics_driver_api_list_start = .
 *(SORT_BY_NAME(SORT_BY_ALIGNMENT(._haptics_driver_api.static.*)))
                0x000000000000645c                _haptics_driver_api_list_end = .

hwspinlock_driver_api_area
                0x000000000000645c        0x0
                0x000000000000645c                _hwspinlock_driver_api_list_start = .
 *(SORT_BY_NAME(SORT_BY_ALIGNMENT(._hwspinlock_driver_api.static.*)))
                0x000000000000645c                _hwspinlock_driver_api_list_end = .

i2c_driver_api_area
                0x000000000000645c        0x0
                0x000000000000645c                _i2c_driver_api_list_start = .
 *(SORT_BY_NAME(SORT_BY_ALIGNMENT(._i2c_driver_api.static.*)))
                0x000000000000645c                _i2c_driver_api_list_end = .

i2c_target_driver_api_area
                0x000000000000645c        0x0
                0x000000000000645c                _i2c_target_driver_api_list_start = .
 *(SORT_BY_NAME(SORT_BY_ALIGNMENT(._i2c_target_driver_api.static.*)))
                0x000000000000645c                _i2c_target_driver_api_list_end = .

i2s_driver_api_area
                0x000000000000645c        0x0
                0x000000000000645c                _i2s_driver_api_list_start = .
 *(SORT_BY_NAME(SORT_BY_ALIGNMENT(._i2s_driver_api.static.*)))
                0x000000000000645c                _i2s_driver_api_list_end = .

i3c_driver_api_area
                0x000000000000645c        0x0
                0x000000000000645c                _i3c_driver_api_list_start = .
 *(SORT_BY_NAME(SORT_BY_ALIGNMENT(._i3c_driver_api.static.*)))
                0x000000000000645c                _i3c_driver_api_list_end = .

ipm_driver_api_area
                0x000000000000645c        0x0
                0x000000000000645c                _ipm_driver_api_list_start = .
 *(SORT_BY_NAME(SORT_BY_ALIGNMENT(._ipm_driver_api.static.*)))
                0x000000000000645c                _ipm_driver_api_list_end = .

led_driver_api_area
                0x000000000000645c        0x0
                0x000000000000645c                _led_driver_api_list_start = .
 *(SORT_BY_NAME(SORT_BY_ALIGNMENT(._led_driver_api.static.*)))
                0x000000000000645c                _led_driver_api_list_end = .

led_strip_driver_api_area
                0x000000000000645c        0x0
                0x000000000000645c                _led_strip_driver_api_list_start = .
 *(SORT_BY_NAME(SORT_BY_ALIGNMENT(._led_strip_driver_api.static.*)))
                0x000000000000645c                _led_strip_driver_api_list_end = .

lora_driver_api_area
                0x000000000000645c        0x0
                0x000000000000645c                _lora_driver_api_list_start = .
 *(SORT_BY_NAME(SORT_BY_ALIGNMENT(._lora_driver_api.static.*)))
                0x000000000000645c                _lora_driver_api_list_end = .

mbox_driver_api_area
                0x000000000000645c        0x0
                0x000000000000645c                _mbox_driver_api_list_start = .
 *(SORT_BY_NAME(SORT_BY_ALIGNMENT(._mbox_driver_api.static.*)))
                0x000000000000645c                _mbox_driver_api_list_end = .

mdio_driver_api_area
                0x000000000000645c        0x0
                0x000000000000645c                _mdio_driver_api_list_start = .
 *(SORT_BY_NAME(SORT_BY_ALIGNMENT(._mdio_driver_api.static.*)))
                0x000000000000645c                _mdio_driver_api_list_end = .

mipi_dbi_driver_api_area
                0x000000000000645c        0x0
                0x000000000000645c                _mipi_dbi_driver_api_list_start = .
 *(SORT_BY_NAME(SORT_BY_ALIGNMENT(._mipi_dbi_driver_api.static.*)))
                0x000000000000645c                _mipi_dbi_driver_api_list_end = .

mipi_dsi_driver_api_area
                0x000000000000645c        0x0
                0x000000000000645c                _mipi_dsi_driver_api_list_start = .
 *(SORT_BY_NAME(SORT_BY_ALIGNMENT(._mipi_dsi_driver_api.static.*)))
                0x000000000000645c                _mipi_dsi_driver_api_list_end = .

mspi_driver_api_area
                0x000000000000645c        0x0
                0x000000000000645c                _mspi_driver_api_list_start = .
 *(SORT_BY_NAME(SORT_BY_ALIGNMENT(._mspi_driver_api.static.*)))
                0x000000000000645c                _mspi_driver_api_list_end = .

peci_driver_api_area
                0x000000000000645c        0x0
                0x000000000000645c                _peci_driver_api_list_start = .
 *(SORT_BY_NAME(SORT_BY_ALIGNMENT(._peci_driver_api.static.*)))
                0x000000000000645c                _peci_driver_api_list_end = .

ps2_driver_api_area
                0x000000000000645c        0x0
                0x000000000000645c                _ps2_driver_api_list_start = .
 *(SORT_BY_NAME(SORT_BY_ALIGNMENT(._ps2_driver_api.static.*)))
                0x000000000000645c                _ps2_driver_api_list_end = .

ptp_clock_driver_api_area
                0x000000000000645c        0x0
                0x000000000000645c                _ptp_clock_driver_api_list_start = .
 *(SORT_BY_NAME(SORT_BY_ALIGNMENT(._ptp_clock_driver_api.static.*)))
                0x000000000000645c                _ptp_clock_driver_api_list_end = .

pwm_driver_api_area
                0x000000000000645c        0x0
                0x000000000000645c                _pwm_driver_api_list_start = .
 *(SORT_BY_NAME(SORT_BY_ALIGNMENT(._pwm_driver_api.static.*)))
                0x000000000000645c                _pwm_driver_api_list_end = .

regulator_parent_driver_api_area
                0x000000000000645c        0x0
                0x000000000000645c                _regulator_parent_driver_api_list_start = .
 *(SORT_BY_NAME(SORT_BY_ALIGNMENT(._regulator_parent_driver_api.static.*)))
                0x000000000000645c                _regulator_parent_driver_api_list_end = .

regulator_driver_api_area
                0x000000000000645c        0x0
                0x000000000000645c                _regulator_driver_api_list_start = .
 *(SORT_BY_NAME(SORT_BY_ALIGNMENT(._regulator_driver_api.static.*)))
                0x000000000000645c                _regulator_driver_api_list_end = .

reset_driver_api_area
                0x000000000000645c        0x0
                0x000000000000645c                _reset_driver_api_list_start = .
 *(SORT_BY_NAME(SORT_BY_ALIGNMENT(._reset_driver_api.static.*)))
                0x000000000000645c                _reset_driver_api_list_end = .

retained_mem_driver_api_area
                0x000000000000645c        0x0
                0x000000000000645c                _retained_mem_driver_api_list_start = .
 *(SORT_BY_NAME(SORT_BY_ALIGNMENT(._retained_mem_driver_api.static.*)))
                0x000000000000645c                _retained_mem_driver_api_list_end = .

rtc_driver_api_area
                0x000000000000645c        0x0
                0x000000000000645c                _rtc_driver_api_list_start = .
 *(SORT_BY_NAME(SORT_BY_ALIGNMENT(._rtc_driver_api.static.*)))
                0x000000000000645c                _rtc_driver_api_list_end = .

sdhc_driver_api_area
                0x000000000000645c        0x0
                0x000000000000645c                _sdhc_driver_api_list_start = .
 *(SORT_BY_NAME(SORT_BY_ALIGNMENT(._sdhc_driver_api.static.*)))
                0x000000000000645c                _sdhc_driver_api_list_end = .

sensor_driver_api_area
                0x000000000000645c        0x0
                0x000000000000645c                _sensor_driver_api_list_start = .
 *(SORT_BY_NAME(SORT_BY_ALIGNMENT(._sensor_driver_api.static.*)))
                0x000000000000645c                _sensor_driver_api_list_end = .

smbus_driver_api_area
                0x000000000000645c        0x0
                0x000000000000645c                _smbus_driver_api_list_start = .
 *(SORT_BY_NAME(SORT_BY_ALIGNMENT(._smbus_driver_api.static.*)))
                0x000000000000645c                _smbus_driver_api_list_end = .

spi_driver_api_area
                0x000000000000645c        0x0
                0x000000000000645c                _spi_driver_api_list_start = .
 *(SORT_BY_NAME(SORT_BY_ALIGNMENT(._spi_driver_api.static.*)))
                0x000000000000645c                _spi_driver_api_list_end = .

stepper_driver_api_area
                0x000000000000645c        0x0
                0x000000000000645c                _stepper_driver_api_list_start = .
 *(SORT_BY_NAME(SORT_BY_ALIGNMENT(._stepper_driver_api.static.*)))
                0x000000000000645c                _stepper_driver_api_list_end = .

syscon_driver_api_area
                0x000000000000645c        0x0
                0x000000000000645c                _syscon_driver_api_list_start = .
 *(SORT_BY_NAME(SORT_BY_ALIGNMENT(._syscon_driver_api.static.*)))
                0x000000000000645c                _syscon_driver_api_list_end = .

tee_driver_api_area
                0x000000000000645c        0x0
                0x000000000000645c                _tee_driver_api_list_start = .
 *(SORT_BY_NAME(SORT_BY_ALIGNMENT(._tee_driver_api.static.*)))
                0x000000000000645c                _tee_driver_api_list_end = .

video_driver_api_area
                0x000000000000645c        0x0
                0x000000000000645c                _video_driver_api_list_start = .
 *(SORT_BY_NAME(SORT_BY_ALIGNMENT(._video_driver_api.static.*)))
                0x000000000000645c                _video_driver_api_list_end = .

virtio_driver_api_area
                0x000000000000645c        0x0
                0x000000000000645c                _virtio_driver_api_list_start = .
 *(SORT_BY_NAME(SORT_BY_ALIGNMENT(._virtio_driver_api.static.*)))
                0x000000000000645c                _virtio_driver_api_list_end = .

w1_driver_api_area
                0x000000000000645c        0x0
                0x000000000000645c                _w1_driver_api_list_start = .
 *(SORT_BY_NAME(SORT_BY_ALIGNMENT(._w1_driver_api.static.*)))
                0x000000000000645c                _w1_driver_api_list_end = .

wdt_driver_api_area
                0x000000000000645c        0x0
                0x000000000000645c                _wdt_driver_api_list_start = .
 *(SORT_BY_NAME(SORT_BY_ALIGNMENT(._wdt_driver_api.static.*)))
                0x000000000000645c                _wdt_driver_api_list_end = .

can_transceiver_driver_api_area
                0x000000000000645c        0x0
                0x000000000000645c                _can_transceiver_driver_api_list_start = .
 *(SORT_BY_NAME(SORT_BY_ALIGNMENT(._can_transceiver_driver_api.static.*)))
                0x000000000000645c                _can_transceiver_driver_api_list_end = .

nrf_clock_control_driver_api_area
                0x000000000000645c        0x0
                0x000000000000645c                _nrf_clock_control_driver_api_list_start = .
 *(SORT_BY_NAME(SORT_BY_ALIGNMENT(._nrf_clock_control_driver_api.static.*)))
                0x000000000000645c                _nrf_clock_control_driver_api_list_end = .

i3c_target_driver_api_area
                0x000000000000645c        0x0
                0x000000000000645c                _i3c_target_driver_api_list_start = .
 *(SORT_BY_NAME(SORT_BY_ALIGNMENT(._i3c_target_driver_api.static.*)))
                0x000000000000645c                _i3c_target_driver_api_list_end = .

its_driver_api_area
                0x000000000000645c        0x0
                0x000000000000645c                _its_driver_api_list_start = .
 *(SORT_BY_NAME(SORT_BY_ALIGNMENT(._its_driver_api.static.*)))
                0x000000000000645c                _its_driver_api_list_end = .

vtd_driver_api_area
                0x000000000000645c        0x0
                0x000000000000645c                _vtd_driver_api_list_start = .
 *(SORT_BY_NAME(SORT_BY_ALIGNMENT(._vtd_driver_api.static.*)))
                0x000000000000645c                _vtd_driver_api_list_end = .

renesas_elc_driver_api_area
                0x000000000000645c        0x0
                0x000000000000645c                _renesas_elc_driver_api_list_start = .
 *(SORT_BY_NAME(SORT_BY_ALIGNMENT(._renesas_elc_driver_api.static.*)))
                0x000000000000645c                _renesas_elc_driver_api_list_end = .

tgpio_driver_api_area
                0x000000000000645c        0x0
                0x000000000000645c                _tgpio_driver_api_list_start = .
 *(SORT_BY_NAME(SORT_BY_ALIGNMENT(._tgpio_driver_api.static.*)))
                0x000000000000645c                _tgpio_driver_api_list_end = .

pcie_ctrl_driver_api_area
                0x000000000000645c        0x0
                0x000000000000645c                _pcie_ctrl_driver_api_list_start = .
 *(SORT_BY_NAME(SORT_BY_ALIGNMENT(._pcie_ctrl_driver_api.static.*)))
                0x000000000000645c                _pcie_ctrl_driver_api_list_end = .

pcie_ep_driver_api_area
                0x000000000000645c        0x0
                0x000000000000645c                _pcie_ep_driver_api_list_start = .
 *(SORT_BY_NAME(SORT_BY_ALIGNMENT(._pcie_ep_driver_api.static.*)))
                0x000000000000645c                _pcie_ep_driver_api_list_end = .

psi5_driver_api_area
                0x000000000000645c        0x0
                0x000000000000645c                _psi5_driver_api_list_start = .
 *(SORT_BY_NAME(SORT_BY_ALIGNMENT(._psi5_driver_api.static.*)))
                0x000000000000645c                _psi5_driver_api_list_end = .

sent_driver_api_area
                0x000000000000645c        0x0
                0x000000000000645c                _sent_driver_api_list_start = .
 *(SORT_BY_NAME(SORT_BY_ALIGNMENT(._sent_driver_api.static.*)))
                0x000000000000645c                _sent_driver_api_list_end = .

svc_driver_api_area
                0x000000000000645c        0x0
                0x000000000000645c                _svc_driver_api_list_start = .
 *(SORT_BY_NAME(SORT_BY_ALIGNMENT(._svc_driver_api.static.*)))
                0x000000000000645c                _svc_driver_api_list_end = .

uart_driver_api_area
                0x000000000000645c       0x24